stm32wbxx_ll_bus.h:508:22:LL_AHB2_GRP1_EnableClock	8	static
stm32wbxx_nucleo.c:134:10:BSP_GetVersion	0	static
stm32wbxx_nucleo.c:152:6:BSP_LED_Init	48	static
stm32wbxx_nucleo.c:180:6:BSP_LED_DeInit	16	static
stm32wbxx_nucleo.c:200:6:BSP_LED_On	0	static
stm32wbxx_nucleo.c:214:6:BSP_LED_Off	0	static
stm32wbxx_nucleo.c:228:6:BSP_LED_Toggle	0	static
stm32wbxx_nucleo.c:255:6:BSP_PB_Init	40	static
stm32wbxx_nucleo.c:299:6:BSP_PB_DeInit	16	static
stm32wbxx_nucleo.c:317:10:BSP_PB_GetState	8	static
