shci.c:41:9:SHCI_C2_FUS_GetState	40	static
shci.c:64:18:SHCI_C2_FUS_FwUpgrade	48	static
shci.c:100:18:SHCI_C2_FUS_FwDelete	32	static
shci.c:118:18:SHCI_C2_FUS_UpdateAuthKey	40	static
shci.c:136:18:SHCI_C2_FUS_LockAuthKey	32	static
shci.c:154:18:SHCI_C2_FUS_StoreUsrKey	40	static
shci.c:188:18:SHCI_C2_FUS_LoadUsrKey	40	static
shci.c:208:18:SHCI_C2_FUS_StartWs	32	static
shci.c:227:18:SHCI_C2_FUS_LockUsrKey	40	static
shci.c:247:18:SHCI_C2_BLE_Init	40	static
shci.c:265:18:SHCI_C2_THREAD_Init	32	static
shci.c:283:18:SHCI_C2_LLDTESTS_Init	40	static
shci.c:301:18:SHCI_C2_LLD_BLE_Init	40	static
shci.c:319:18:SHCI_C2_ZIGBEE_Init	32	static
shci.c:337:18:SHCI_C2_DEBUG_Init	40	static
shci.c:355:18:SHCI_C2_FLASH_EraseActivity	40	static
shci.c:375:18:SHCI_C2_CONCURRENT_SetMode	40	static
shci.c:395:18:SHCI_C2_CONCURRENT_GetNextBleEvtTime	40	static
shci.c:415:18:SHCI_C2_CONCURRENT_EnableNext_802154_EvtNotification	32	static
shci.c:433:18:SHCI_C2_FLASH_StoreData	40	static
shci.c:453:18:SHCI_C2_FLASH_EraseData	40	static
shci.c:473:18:SHCI_C2_RADIO_AllowLowPower	40	static
shci.c:494:18:SHCI_C2_MAC_802_15_4_Init	32	static
shci.c:512:18:SHCI_C2_Reinit	32	static
shci.c:530:18:SHCI_C2_ExtpaConfig	40	static
shci.c:554:18:SHCI_C2_SetFlashActivityControl	40	static
shci.c:575:18:SHCI_C2_Config	40	static
shci.c:599:18:SHCI_GetWirelessFwInfo	48	static
