stm32wbxx_ll_exti.h:313:22:LL_EXTI_EnableIT_0_31	16	static
stm32wbxx_ll_exti.h:451:22:LL_EXTI_DisableIT_0_31	16	static
stm32wbxx_ll_exti.h:494:22:LL_C2_EXTI_DisableIT_0_31	16	static
stm32wbxx_ll_exti.h:1020:22:LL_EXTI_EnableRisingTrig_0_31	16	static
stm32wbxx_ll_exti.h:1084:22:LL_EXTI_DisableRisingTrig_0_31	16	static
stm32wbxx_ll_exti.h:1208:22:LL_EXTI_EnableFallingTrig_0_31	16	static
stm32wbxx_ll_exti.h:1272:22:LL_EXTI_DisableFallingTrig_0_31	16	static
stm32wbxx_hal_pwr.c:101:6:HAL_PWR_DeInit	4	static
stm32wbxx_hal_pwr.c:165:6:HAL_PWR_EnableBkUpAccess	4	static
stm32wbxx_hal_pwr.c:175:6:HAL_PWR_DisableBkUpAccess	4	static
stm32wbxx_hal_pwr.c:367:19:HAL_PWR_ConfigPVD	16	static
stm32wbxx_hal_pwr.c:411:6:HAL_PWR_EnablePVD	4	static
stm32wbxx_hal_pwr.c:421:6:HAL_PWR_DisablePVD	4	static
stm32wbxx_hal_pwr.c:445:6:HAL_PWR_EnableWakeUpPin	16	static
stm32wbxx_hal_pwr.c:468:6:HAL_PWR_DisableWakeUpPin	16	static
stm32wbxx_hal_pwr.c:499:6:HAL_PWR_EnterSLEEPMode	16	static,ignoring_inline_asm
stm32wbxx_hal_pwr.c:581:6:HAL_PWR_EnterSTOPMode	16	static
stm32wbxx_hal_pwr.c:617:6:HAL_PWR_EnterSTANDBYMode	4	static,ignoring_inline_asm
stm32wbxx_hal_pwr.c:648:6:HAL_PWR_EnableSleepOnExit	4	static
stm32wbxx_hal_pwr.c:660:6:HAL_PWR_DisableSleepOnExit	4	static
stm32wbxx_hal_pwr.c:673:6:HAL_PWR_EnableSEVOnPend	4	static
stm32wbxx_hal_pwr.c:686:6:HAL_PWR_DisableSEVOnPend	4	static
stm32wbxx_hal_pwr.c:697:13:HAL_PWR_PVDCallback	4	static
