stm32wbxx_hal_flash_ex.c:151:19:HAL_FLASHEx_Erase	24	static
stm32wbxx_hal_flash_ex.c:213:19:HAL_FLASHEx_Erase_IT	24	static
stm32wbxx_hal_flash_ex.c:269:19:HAL_FLASHEx_OBProgram	24	static
stm32wbxx_hal_flash_ex.c:370:6:HAL_FLASHEx_OBGetConfig	32	static
stm32wbxx_hal_flash_ex.c:409:10:HAL_FLASHEx_FlashEmptyCheck	4	static
stm32wbxx_hal_flash_ex.c:426:6:HAL_FLASHEx_ForceFlashEmpty	16	static
stm32wbxx_hal_flash_ex.c:442:6:HAL_FLASHEx_SuspendOperation	4	static
stm32wbxx_hal_flash_ex.c:456:6:HAL_FLASHEx_AllowOperation	4	static
stm32wbxx_hal_flash_ex.c:472:10:HAL_FLASHEx_IsOperationSuspended	16	static
stm32wbxx_hal_flash_ex.c:503:6:FLASH_PageErase	16	static
stm32wbxx_hal_flash_ex.c:516:13:FLASH_FlushCaches	4	static
stm32wbxx_hal_flash_ex.c:545:13:FLASH_AcknowledgePageErase	4	static
stm32wbxx_hal_flash_ex.c:573:13:FLASH_OB_WRPConfig	24	static
stm32wbxx_hal_flash_ex.c:629:13:FLASH_OB_OptrConfig	32	static
stm32wbxx_hal_flash_ex.c:659:13:FLASH_OB_PCROP1AConfig	40	static
stm32wbxx_hal_flash_ex.c:710:13:FLASH_OB_PCROP1BConfig	24	static
stm32wbxx_hal_flash_ex.c:740:13:FLASH_OB_IPCCBufferAddrConfig	16	static
stm32wbxx_hal_flash_ex.c:757:13:FLASH_OB_SecureConfig	24	static
stm32wbxx_hal_flash_ex.c:842:13:FLASH_OB_GetWRP	24	static
stm32wbxx_hal_flash_ex.c:868:17:FLASH_OB_GetRDP	16	static
stm32wbxx_hal_flash_ex.c:902:17:FLASH_OB_GetUser	16	static
stm32wbxx_hal_flash_ex.c:923:13:FLASH_OB_GetPCROP	32	static
stm32wbxx_hal_flash_ex.c:946:17:FLASH_OB_GetIPCCBufferAddr	4	static
stm32wbxx_hal_flash_ex.c:962:13:FLASH_OB_GetSecureMemoryConfig	40	static
stm32wbxx_hal_flash_ex.c:1000:13:FLASH_OB_GetC2BootResetConfig	16	static
stm32wbxx_hal_flash_ex.c:1018:26:FLASH_OB_ProceedWriteOperation	16	static
