stm32wbxx_hal_rtc_ex.c:194:19:HAL_RTCEx_SetTimeStamp	32	static
stm32wbxx_hal_rtc_ex.c:256:19:HAL_RTCEx_SetTimeStamp_IT	32	static
stm32wbxx_hal_rtc_ex.c:312:19:HAL_RTCEx_DeactivateTimeStamp	24	static
stm32wbxx_hal_rtc_ex.c:352:19:HAL_RTCEx_SetInternalTimeStamp	16	static
stm32wbxx_hal_rtc_ex.c:386:19:HAL_RTCEx_DeactivateInternalTimeStamp	16	static
stm32wbxx_hal_rtc_ex.c:422:19:HAL_RTCEx_GetTimeStamp	32	static
stm32wbxx_hal_rtc_ex.c:477:19:HAL_RTCEx_SetTamper	24	static
stm32wbxx_hal_rtc_ex.c:569:19:HAL_RTCEx_SetTamper_IT	24	static
stm32wbxx_hal_rtc_ex.c:667:19:HAL_RTCEx_DeactivateTamper	16	static
stm32wbxx_hal_rtc_ex.c:713:6:HAL_RTCEx_TamperTimeStampIRQHandler	16	static
stm32wbxx_hal_rtc_ex.c:804:13:HAL_RTCEx_TimeStampEventCallback	16	static
stm32wbxx_hal_rtc_ex.c:820:13:HAL_RTCEx_Tamper1EventCallback	16	static
stm32wbxx_hal_rtc_ex.c:836:13:HAL_RTCEx_Tamper2EventCallback	16	static
stm32wbxx_hal_rtc_ex.c:852:13:HAL_RTCEx_Tamper3EventCallback	16	static
stm32wbxx_hal_rtc_ex.c:869:19:HAL_RTCEx_PollForTimeStampEvent	24	static
stm32wbxx_hal_rtc_ex.c:909:19:HAL_RTCEx_PollForTamper1Event	24	static
stm32wbxx_hal_rtc_ex.c:942:19:HAL_RTCEx_PollForTamper2Event	24	static
stm32wbxx_hal_rtc_ex.c:975:19:HAL_RTCEx_PollForTamper3Event	24	static
stm32wbxx_hal_rtc_ex.c:1027:19:HAL_RTCEx_SetWakeUpTimer	32	static
stm32wbxx_hal_rtc_ex.c:1116:19:HAL_RTCEx_SetWakeUpTimer_IT	32	static
stm32wbxx_hal_rtc_ex.c:1214:19:HAL_RTCEx_DeactivateWakeUpTimer	24	static
stm32wbxx_hal_rtc_ex.c:1266:10:HAL_RTCEx_GetWakeUpTimer	16	static
stm32wbxx_hal_rtc_ex.c:1277:6:HAL_RTCEx_WakeUpTimerIRQHandler	16	static
stm32wbxx_hal_rtc_ex.c:1305:13:HAL_RTCEx_WakeUpTimerEventCallback	16	static
stm32wbxx_hal_rtc_ex.c:1322:19:HAL_RTCEx_PollForWakeUpTimerEvent	24	static
stm32wbxx_hal_rtc_ex.c:1388:6:HAL_RTCEx_BKUPWrite	32	static
stm32wbxx_hal_rtc_ex.c:1410:10:HAL_RTCEx_BKUPRead	24	static
stm32wbxx_hal_rtc_ex.c:1443:19:HAL_RTCEx_SetSmoothCalib	32	static
stm32wbxx_hal_rtc_ex.c:1511:19:HAL_RTCEx_SetSynchroShift	32	static
stm32wbxx_hal_rtc_ex.c:1604:19:HAL_RTCEx_SetCalibrationOutPut	16	static
stm32wbxx_hal_rtc_ex.c:1642:19:HAL_RTCEx_DeactivateCalibrationOutPut	16	static
stm32wbxx_hal_rtc_ex.c:1671:19:HAL_RTCEx_SetRefClock	16	static
stm32wbxx_hal_rtc_ex.c:1720:19:HAL_RTCEx_DeactivateRefClock	16	static
stm32wbxx_hal_rtc_ex.c:1771:19:HAL_RTCEx_EnableBypassShadow	16	static
stm32wbxx_hal_rtc_ex.c:1803:19:HAL_RTCEx_DisableBypassShadow	16	static
stm32wbxx_hal_rtc_ex.c:1852:13:HAL_RTCEx_AlarmBEventCallback	16	static
stm32wbxx_hal_rtc_ex.c:1868:19:HAL_RTCEx_PollForAlarmBEvent	24	static
