stm32wbxx_ll_pwr.h:828:22:LL_PWR_EnableSRAM2Retention	4	static
stm32wbxx_ll_pwr.h:840:22:LL_PWR_DisableSRAM2Retention	4	static
stm32wbxx_ll_pwr.h:1294:22:LL_PWR_SetBORConfig	16	static
stm32wbxx_ll_pwr.h:1306:26:LL_PWR_GetBORConfig	4	static
stm32wbxx_ll_pwr.h:1616:22:LL_PWR_EnableBootC2	4	static
stm32wbxx_ll_pwr.h:1627:22:LL_PWR_DisableBootC2	4	static
stm32wbxx_ll_exti.h:313:22:LL_EXTI_EnableIT_0_31	16	static
stm32wbxx_ll_exti.h:382:22:LL_EXTI_EnableIT_32_63	16	static
stm32wbxx_ll_exti.h:451:22:LL_EXTI_DisableIT_0_31	16	static
stm32wbxx_ll_exti.h:520:22:LL_EXTI_DisableIT_32_63	16	static
stm32wbxx_ll_exti.h:725:22:LL_EXTI_EnableEvent_0_31	16	static
stm32wbxx_ll_exti.h:771:22:LL_EXTI_EnableEvent_32_63	16	static
stm32wbxx_ll_exti.h:816:22:LL_EXTI_DisableEvent_0_31	16	static
stm32wbxx_ll_exti.h:863:22:LL_EXTI_DisableEvent_32_63	16	static
stm32wbxx_ll_exti.h:1020:22:LL_EXTI_EnableRisingTrig_0_31	16	static
stm32wbxx_ll_exti.h:1042:22:LL_EXTI_EnableRisingTrig_32_63	16	static
stm32wbxx_ll_exti.h:1084:22:LL_EXTI_DisableRisingTrig_0_31	16	static
stm32wbxx_ll_exti.h:1107:22:LL_EXTI_DisableRisingTrig_32_63	16	static
stm32wbxx_ll_exti.h:1208:22:LL_EXTI_EnableFallingTrig_0_31	16	static
stm32wbxx_ll_exti.h:1230:22:LL_EXTI_EnableFallingTrig_32_63	16	static
stm32wbxx_ll_exti.h:1272:22:LL_EXTI_DisableFallingTrig_0_31	16	static
stm32wbxx_ll_exti.h:1293:22:LL_EXTI_DisableFallingTrig_32_63	16	static
stm32wbxx_ll_exti.h:1511:26:LL_EXTI_ReadFlag_0_31	16	static
stm32wbxx_ll_exti.h:1528:26:LL_EXTI_ReadFlag_32_63	16	static
stm32wbxx_ll_exti.h:1565:22:LL_EXTI_ClearFlag_0_31	16	static
stm32wbxx_ll_exti.h:1582:22:LL_EXTI_ClearFlag_32_63	16	static
stm32wbxx_hal_pwr_ex.c:87:10:HAL_PWREx_GetVoltageRange	4	static
stm32wbxx_hal_pwr_ex.c:112:19:HAL_PWREx_ControlVoltageScaling	24	static
stm32wbxx_hal_pwr_ex.c:163:6:HAL_PWREx_EnableBatteryCharging	16	static
stm32wbxx_hal_pwr_ex.c:178:6:HAL_PWREx_DisableBatteryCharging	4	static
stm32wbxx_hal_pwr_ex.c:190:6:HAL_PWREx_EnableVddUSB	4	static
stm32wbxx_hal_pwr_ex.c:199:6:HAL_PWREx_DisableVddUSB	4	static
stm32wbxx_hal_pwr_ex.c:211:6:HAL_PWREx_EnableInternalWakeUpLine	4	static
stm32wbxx_hal_pwr_ex.c:220:6:HAL_PWREx_DisableInternalWakeUpLine	4	static
stm32wbxx_hal_pwr_ex.c:231:6:HAL_PWREx_EnableBORH_SMPSBypassIT	4	static
stm32wbxx_hal_pwr_ex.c:241:6:HAL_PWREx_DisableBORH_SMPSBypassIT	4	static
stm32wbxx_hal_pwr_ex.c:251:6:HAL_PWREx_EnableRFPhaseIT	4	static
stm32wbxx_hal_pwr_ex.c:260:6:HAL_PWREx_DisableRFPhaseIT	4	static
stm32wbxx_hal_pwr_ex.c:270:6:HAL_PWREx_EnableBLEActivityIT	4	static
stm32wbxx_hal_pwr_ex.c:279:6:HAL_PWREx_DisableBLEActivityIT	4	static
stm32wbxx_hal_pwr_ex.c:289:6:HAL_PWREx_Enable802ActivityIT	4	static
stm32wbxx_hal_pwr_ex.c:298:6:HAL_PWREx_Disable802ActivityIT	4	static
stm32wbxx_hal_pwr_ex.c:308:6:HAL_PWREx_EnableHOLDC2IT	4	static
stm32wbxx_hal_pwr_ex.c:317:6:HAL_PWREx_DisableHOLDC2IT	4	static
stm32wbxx_hal_pwr_ex.c:345:19:HAL_PWREx_EnableGPIOPullUp	24	static
stm32wbxx_hal_pwr_ex.c:403:19:HAL_PWREx_DisableGPIOPullUp	24	static
stm32wbxx_hal_pwr_ex.c:463:19:HAL_PWREx_EnableGPIOPullDown	24	static
stm32wbxx_hal_pwr_ex.c:521:19:HAL_PWREx_DisableGPIOPullDown	24	static
stm32wbxx_hal_pwr_ex.c:568:6:HAL_PWREx_EnablePullUpPullDownConfig	4	static
stm32wbxx_hal_pwr_ex.c:579:6:HAL_PWREx_DisablePullUpPullDownConfig	4	static
stm32wbxx_hal_pwr_ex.c:593:6:HAL_PWREx_SetBORConfig	16	static
stm32wbxx_hal_pwr_ex.c:604:10:HAL_PWREx_GetBORConfig	8	static
stm32wbxx_hal_pwr_ex.c:619:6:HAL_PWREx_HoldCore	16	static
stm32wbxx_hal_pwr_ex.c:634:6:HAL_PWREx_ReleaseCore	16	static
stm32wbxx_hal_pwr_ex.c:651:6:HAL_PWREx_EnableSRAMRetention	8	static
stm32wbxx_hal_pwr_ex.c:664:6:HAL_PWREx_DisableSRAMRetention	8	static
stm32wbxx_hal_pwr_ex.c:679:6:HAL_PWREx_EnableFlashPowerDown	16	static
stm32wbxx_hal_pwr_ex.c:702:6:HAL_PWREx_DisableFlashPowerDown	16	static
stm32wbxx_hal_pwr_ex.c:716:6:HAL_PWREx_EnablePVM1	4	static
stm32wbxx_hal_pwr_ex.c:725:6:HAL_PWREx_DisablePVM1	4	static
stm32wbxx_hal_pwr_ex.c:735:6:HAL_PWREx_EnablePVM3	4	static
stm32wbxx_hal_pwr_ex.c:744:6:HAL_PWREx_DisablePVM3	4	static
stm32wbxx_hal_pwr_ex.c:764:19:HAL_PWREx_ConfigPVM	24	static
stm32wbxx_hal_pwr_ex.c:862:19:HAL_PWREx_ConfigSMPS	32	static
stm32wbxx_hal_pwr_ex.c:921:6:HAL_PWREx_SMPS_SetMode	16	static
stm32wbxx_hal_pwr_ex.c:946:10:HAL_PWREx_SMPS_GetEffectiveMode	4	static
stm32wbxx_hal_pwr_ex.c:974:6:HAL_PWREx_EnableWakeUpPin	16	static
stm32wbxx_hal_pwr_ex.c:1004:11:HAL_PWREx_GetWakeupFlag	16	static
stm32wbxx_hal_pwr_ex.c:1020:19:HAL_PWREx_ClearWakeupFlag	16	static
stm32wbxx_hal_pwr_ex.c:1043:6:HAL_PWREx_EnableLowPowerRunMode	4	static
stm32wbxx_hal_pwr_ex.c:1058:19:HAL_PWREx_DisableLowPowerRunMode	16	static
stm32wbxx_hal_pwr_ex.c:1107:6:HAL_PWREx_EnterSTOP0Mode	16	static,ignoring_inline_asm
stm32wbxx_hal_pwr_ex.c:1160:6:HAL_PWREx_EnterSTOP1Mode	16	static,ignoring_inline_asm
stm32wbxx_hal_pwr_ex.c:1223:6:HAL_PWREx_EnterSTOP2Mode	16	static,ignoring_inline_asm
stm32wbxx_hal_pwr_ex.c:1264:6:HAL_PWREx_EnterSHUTDOWNMode	4	static,ignoring_inline_asm
stm32wbxx_hal_pwr_ex.c:1293:6:HAL_PWREx_PVD_PVM_IRQHandler	8	static
stm32wbxx_hal_pwr_ex.c:1332:13:HAL_PWREx_PVM1Callback	4	static
stm32wbxx_hal_pwr_ex.c:1344:13:HAL_PWREx_PVM3Callback	4	static
