stm32wbxx_ll_exti.h:313:22:LL_EXTI_EnableIT_0_31	16	static
stm32wbxx_ll_exti.h:1020:22:LL_EXTI_EnableRisingTrig_0_31	16	static
stm32wbxx_ll_rcc.h:1284:26:LL_RCC_HSE_IsEnabledDiv2	4	static
stm32wbxx_ll_rcc.h:1324:26:LL_RCC_HSE_IsReady	4	static
stm32wbxx_ll_rcc.h:1486:26:LL_RCC_HSI_IsReady	4	static
stm32wbxx_ll_rcc.h:1580:26:LL_RCC_HSI48_IsReady	4	static
stm32wbxx_ll_rcc.h:1629:26:LL_RCC_LSE_IsEnabled	4	static
stm32wbxx_ll_rcc.h:1689:22:LL_RCC_LSE_EnableCSS	4	static
stm32wbxx_ll_rcc.h:1701:22:LL_RCC_LSE_DisableCSS	4	static
stm32wbxx_ll_rcc.h:1711:26:LL_RCC_LSE_IsReady	4	static
stm32wbxx_ll_rcc.h:1759:26:LL_RCC_LSI1_IsReady	4	static
stm32wbxx_ll_rcc.h:1797:26:LL_RCC_LSI2_IsReady	4	static
stm32wbxx_ll_rcc.h:1808:22:LL_RCC_LSI2_SetTrimming	16	static
stm32wbxx_ll_rcc.h:1856:26:LL_RCC_MSI_IsReady	4	static
stm32wbxx_ll_rcc.h:1870:22:LL_RCC_MSI_EnablePLLMode	4	static
stm32wbxx_ll_rcc.h:1882:22:LL_RCC_MSI_DisablePLLMode	4	static
stm32wbxx_ll_rcc.h:1928:26:LL_RCC_MSI_GetRange	16	static
stm32wbxx_ll_rcc.h:1996:22:LL_RCC_LSCO_Disable	4	static
stm32wbxx_ll_rcc.h:2084:22:LL_RCC_SetRFWKPClockSource	16	static
stm32wbxx_ll_rcc.h:2097:26:LL_RCC_GetRFWKPClockSource	4	static
stm32wbxx_ll_rcc.h:2238:26:LL_RCC_GetAHBPrescaler	4	static
stm32wbxx_ll_rcc.h:2301:26:LL_RCC_GetAPB1Prescaler	4	static
stm32wbxx_ll_rcc.h:2316:26:LL_RCC_GetAPB2Prescaler	4	static
stm32wbxx_ll_rcc.h:2329:22:LL_RCC_SetClkAfterWakeFromStop	16	static
stm32wbxx_ll_rcc.h:2368:22:LL_RCC_SetSMPSClockSource	16	static
stm32wbxx_ll_rcc.h:2381:26:LL_RCC_GetSMPSClockSelection	4	static
stm32wbxx_ll_rcc.h:2396:26:LL_RCC_GetSMPSClockSource	4	static
stm32wbxx_ll_rcc.h:2411:22:LL_RCC_SetSMPSPrescaler	16	static
stm32wbxx_ll_rcc.h:2425:26:LL_RCC_GetSMPSPrescaler	4	static
stm32wbxx_ll_rcc.h:2487:22:LL_RCC_SetUSARTClockSource	16	static
stm32wbxx_ll_rcc.h:2503:22:LL_RCC_SetLPUARTClockSource	16	static
stm32wbxx_ll_rcc.h:2522:22:LL_RCC_SetI2CClockSource	16	static
stm32wbxx_ll_rcc.h:2541:22:LL_RCC_SetLPTIMClockSource	16	static
stm32wbxx_ll_rcc.h:2557:22:LL_RCC_SetSAIClockSource	16	static
stm32wbxx_ll_rcc.h:2573:22:LL_RCC_SetRNGClockSource	16	static
stm32wbxx_ll_rcc.h:2589:22:LL_RCC_SetCLK48ClockSource	16	static
stm32wbxx_ll_rcc.h:2605:22:LL_RCC_SetUSBClockSource	16	static
stm32wbxx_ll_rcc.h:2651:22:LL_RCC_SetADCClockSource	16	static
stm32wbxx_ll_rcc.h:2668:26:LL_RCC_GetUSARTClockSource	16	static
stm32wbxx_ll_rcc.h:2685:26:LL_RCC_GetLPUARTClockSource	16	static
stm32wbxx_ll_rcc.h:2706:26:LL_RCC_GetI2CClockSource	16	static
stm32wbxx_ll_rcc.h:2727:26:LL_RCC_GetLPTIMClockSource	16	static
stm32wbxx_ll_rcc.h:2744:26:LL_RCC_GetSAIClockSource	16	static
stm32wbxx_ll_rcc.h:2760:26:LL_RCC_GetRNGClockSource	16	static
stm32wbxx_ll_rcc.h:2777:26:LL_RCC_GetCLK48ClockSource	16	static
stm32wbxx_ll_rcc.h:2794:26:LL_RCC_GetUSBClockSource	16	static
stm32wbxx_ll_rcc.h:2813:26:LL_RCC_GetADCClockSource	16	static
stm32wbxx_ll_rcc.h:2839:22:LL_RCC_SetRTCClockSource	16	static
stm32wbxx_ll_rcc.h:2853:26:LL_RCC_GetRTCClockSource	4	static
stm32wbxx_ll_rcc.h:2893:22:LL_RCC_ForceBackupDomainReset	4	static
stm32wbxx_ll_rcc.h:2903:22:LL_RCC_ReleaseBackupDomainReset	4	static
stm32wbxx_ll_rcc.h:2943:26:LL_RCC_PLL_IsReady	4	static
stm32wbxx_ll_rcc.h:3161:26:LL_RCC_PLL_GetN	4	static
stm32wbxx_ll_rcc.h:3203:26:LL_RCC_PLL_GetP	4	static
stm32wbxx_ll_rcc.h:3221:26:LL_RCC_PLL_GetQ	4	static
stm32wbxx_ll_rcc.h:3257:26:LL_RCC_PLL_GetDivider	4	static
stm32wbxx_ll_rcc.h:3368:22:LL_RCC_PLLSAI1_Enable	4	static
stm32wbxx_ll_rcc.h:3378:22:LL_RCC_PLLSAI1_Disable	4	static
stm32wbxx_ll_rcc.h:3388:26:LL_RCC_PLLSAI1_IsReady	4	static
stm32wbxx_ll_rcc.h:3546:26:LL_RCC_PLLSAI1_GetN	4	static
stm32wbxx_ll_rcc.h:3588:26:LL_RCC_PLLSAI1_GetP	4	static
stm32wbxx_ll_rcc.h:3606:26:LL_RCC_PLLSAI1_GetQ	4	static
stm32wbxx_ll_rcc.h:3624:26:LL_RCC_PLLSAI1_GetR	4	static
stm32wbxx_ll_rcc.h:3790:26:LL_RCC_PLL_GetMainSource	4	static
stm32wbxx_ll_bus.h:540:22:LL_AHB2_GRP1_EnableClock	24	static
stm32wbxx_ll_bus.h:1082:22:LL_APB1_GRP1_ForceReset	16	static
stm32wbxx_ll_bus.h:1126:22:LL_APB1_GRP1_ReleaseReset	16	static
stm32wbxx_ll_crs.h:309:26:LL_CRS_GetHSI48SmoothTrimming	4	static
stm32wbxx_ll_crs.h:332:26:LL_CRS_GetReloadCounter	4	static
stm32wbxx_ll_crs.h:487:22:LL_CRS_GenerateEvent_SWSYNC	4	static
stm32wbxx_ll_crs.h:500:26:LL_CRS_GetFreqErrorDirection	4	static
stm32wbxx_ll_crs.h:510:26:LL_CRS_GetFreqErrorCapture	4	static
stm32wbxx_ll_crs.h:598:22:LL_CRS_ClearFlag_SYNCOK	4	static
stm32wbxx_ll_crs.h:608:22:LL_CRS_ClearFlag_SYNCWARN	4	static
stm32wbxx_ll_crs.h:619:22:LL_CRS_ClearFlag_ERR	4	static
stm32wbxx_ll_crs.h:629:22:LL_CRS_ClearFlag_ESYNC	4	static
stm32wbxx_hal_rcc_ex.c:149:19:HAL_RCCEx_PeriphCLKConfig	40	static
stm32wbxx_hal_rcc_ex.c:444:6:HAL_RCCEx_GetPeriphCLKConfig	16	static
stm32wbxx_hal_rcc_ex.c:555:10:HAL_RCCEx_GetPeriphCLKFreq	88	static
stm32wbxx_hal_rcc_ex.c:1108:10:HAL_RCCEx_GetRngCLKSource	16	static
stm32wbxx_hal_rcc_ex.c:1149:19:HAL_RCCEx_EnablePLLSAI1	24	static
stm32wbxx_hal_rcc_ex.c:1209:19:HAL_RCCEx_DisablePLLSAI1	16	static
stm32wbxx_hal_rcc_ex.c:1249:6:HAL_RCCEx_WakeUpStopCLKConfig	16	static
stm32wbxx_hal_rcc_ex.c:1263:6:HAL_RCCEx_EnableLSECSS	8	static
stm32wbxx_hal_rcc_ex.c:1273:6:HAL_RCCEx_DisableLSECSS	8	static
stm32wbxx_hal_rcc_ex.c:1286:6:HAL_RCCEx_EnableLSECSS_IT	8	static
stm32wbxx_hal_rcc_ex.c:1305:6:HAL_RCCEx_LSECSS_IRQHandler	8	static
stm32wbxx_hal_rcc_ex.c:1322:13:HAL_RCCEx_LSECSS_Callback	4	static
stm32wbxx_hal_rcc_ex.c:1343:6:HAL_RCCEx_LSCOConfig	40	static
stm32wbxx_hal_rcc_ex.c:1424:6:HAL_RCCEx_EnableLSCO	40	static
stm32wbxx_hal_rcc_ex.c:1466:6:HAL_RCCEx_DisableLSCO	16	static
stm32wbxx_hal_rcc_ex.c:1497:6:HAL_RCCEx_EnableMSIPLLMode	8	static
stm32wbxx_hal_rcc_ex.c:1507:6:HAL_RCCEx_DisableMSIPLLMode	8	static
stm32wbxx_hal_rcc_ex.c:1523:19:HAL_RCCEx_TrimOsc	24	static
stm32wbxx_hal_rcc_ex.c:1625:6:HAL_RCCEx_CRSConfig	24	static
stm32wbxx_hal_rcc_ex.c:1667:6:HAL_RCCEx_CRSSoftwareSynchronizationGenerate	8	static
stm32wbxx_hal_rcc_ex.c:1677:6:HAL_RCCEx_CRSGetSynchronizationInfo	16	static
stm32wbxx_hal_rcc_ex.c:1710:10:HAL_RCCEx_CRSWaitSynchronization	24	static
stm32wbxx_hal_rcc_ex.c:1794:6:HAL_RCCEx_CRS_IRQHandler	24	static
stm32wbxx_hal_rcc_ex.c:1859:13:HAL_RCCEx_CRS_SyncOkCallback	4	static
stm32wbxx_hal_rcc_ex.c:1870:13:HAL_RCCEx_CRS_SyncWarnCallback	4	static
stm32wbxx_hal_rcc_ex.c:1881:13:HAL_RCCEx_CRS_ExpectedSyncCallback	4	static
stm32wbxx_hal_rcc_ex.c:1897:13:HAL_RCCEx_CRS_ErrorCallback	16	static
stm32wbxx_hal_rcc_ex.c:1930:26:RCCEx_PLLSAI1_ConfigNP	24	static
stm32wbxx_hal_rcc_ex.c:1999:26:RCCEx_PLLSAI1_ConfigNQ	24	static
stm32wbxx_hal_rcc_ex.c:2067:26:RCCEx_PLLSAI1_ConfigNR	24	static
stm32wbxx_hal_rcc_ex.c:2131:17:RCC_PLL_GetFreqDomain_P	24	static
stm32wbxx_hal_rcc_ex.c:2174:17:RCC_PLL_GetFreqDomain_Q	24	static
stm32wbxx_hal_rcc_ex.c:2218:17:RCC_PLLSAI1_GetFreqDomain_R	24	static
stm32wbxx_hal_rcc_ex.c:2259:17:RCC_PLLSAI1_GetFreqDomain_P	24	static
stm32wbxx_hal_rcc_ex.c:2300:17:RCC_PLLSAI1_GetFreqDomain_Q	24	static
