stm32wbxx_ll_rcc.h:1284:26:LL_RCC_HSE_IsEnabledDiv2	4	static
stm32wbxx_ll_rcc.h:1294:22:LL_RCC_HSE_EnableCSS	4	static
stm32wbxx_ll_rcc.h:1304:22:LL_RCC_HSE_Enable	4	static
stm32wbxx_ll_rcc.h:1314:22:LL_RCC_HSE_Disable	4	static
stm32wbxx_ll_rcc.h:1324:26:LL_RCC_HSE_IsReady	4	static
stm32wbxx_ll_rcc.h:1466:22:LL_RCC_HSI_Enable	4	static
stm32wbxx_ll_rcc.h:1476:22:LL_RCC_HSI_Disable	4	static
stm32wbxx_ll_rcc.h:1486:26:LL_RCC_HSI_IsReady	4	static
stm32wbxx_ll_rcc.h:1531:22:LL_RCC_HSI_SetCalibTrimming	16	static
stm32wbxx_ll_rcc.h:1541:26:LL_RCC_HSI_GetCalibTrimming	4	static
stm32wbxx_ll_rcc.h:1560:22:LL_RCC_HSI48_Enable	4	static
stm32wbxx_ll_rcc.h:1570:22:LL_RCC_HSI48_Disable	4	static
stm32wbxx_ll_rcc.h:1580:26:LL_RCC_HSI48_IsReady	4	static
stm32wbxx_ll_rcc.h:1609:22:LL_RCC_LSE_Enable	4	static
stm32wbxx_ll_rcc.h:1619:22:LL_RCC_LSE_Disable	4	static
stm32wbxx_ll_rcc.h:1639:22:LL_RCC_LSE_EnableBypass	4	static
stm32wbxx_ll_rcc.h:1649:22:LL_RCC_LSE_DisableBypass	4	static
stm32wbxx_ll_rcc.h:1711:26:LL_RCC_LSE_IsReady	4	static
stm32wbxx_ll_rcc.h:1739:22:LL_RCC_LSI1_Enable	4	static
stm32wbxx_ll_rcc.h:1749:22:LL_RCC_LSI1_Disable	4	static
stm32wbxx_ll_rcc.h:1759:26:LL_RCC_LSI1_IsReady	4	static
stm32wbxx_ll_rcc.h:1777:22:LL_RCC_LSI2_Enable	4	static
stm32wbxx_ll_rcc.h:1787:22:LL_RCC_LSI2_Disable	4	static
stm32wbxx_ll_rcc.h:1797:26:LL_RCC_LSI2_IsReady	4	static
stm32wbxx_ll_rcc.h:1808:22:LL_RCC_LSI2_SetTrimming	16	static
stm32wbxx_ll_rcc.h:1836:22:LL_RCC_MSI_Enable	4	static
stm32wbxx_ll_rcc.h:1846:22:LL_RCC_MSI_Disable	4	static
stm32wbxx_ll_rcc.h:1856:26:LL_RCC_MSI_IsReady	4	static
stm32wbxx_ll_rcc.h:1882:22:LL_RCC_MSI_DisablePLLMode	4	static
stm32wbxx_ll_rcc.h:1906:22:LL_RCC_MSI_SetRange	16	static
stm32wbxx_ll_rcc.h:1928:26:LL_RCC_MSI_GetRange	16	static
stm32wbxx_ll_rcc.h:1958:22:LL_RCC_MSI_SetCalibTrimming	16	static
stm32wbxx_ll_rcc.h:1968:26:LL_RCC_MSI_GetCalibTrimming	4	static
stm32wbxx_ll_rcc.h:2044:22:LL_RCC_SetSysClkSource	16	static
stm32wbxx_ll_rcc.h:2058:26:LL_RCC_GetSysClkSource	4	static
stm32wbxx_ll_rcc.h:2132:22:LL_RCC_SetAHBPrescaler	16	static
stm32wbxx_ll_rcc.h:2157:22:LL_C2_RCC_SetAHBPrescaler	16	static
stm32wbxx_ll_rcc.h:2182:22:LL_RCC_SetAHB4Prescaler	16	static
stm32wbxx_ll_rcc.h:2198:22:LL_RCC_SetAPB1Prescaler	16	static
stm32wbxx_ll_rcc.h:2214:22:LL_RCC_SetAPB2Prescaler	16	static
stm32wbxx_ll_rcc.h:2238:26:LL_RCC_GetAHBPrescaler	4	static
stm32wbxx_ll_rcc.h:2262:26:LL_C2_RCC_GetAHBPrescaler	4	static
stm32wbxx_ll_rcc.h:2286:26:LL_RCC_GetAHB4Prescaler	4	static
stm32wbxx_ll_rcc.h:2301:26:LL_RCC_GetAPB1Prescaler	4	static
stm32wbxx_ll_rcc.h:2316:26:LL_RCC_GetAPB2Prescaler	4	static
stm32wbxx_ll_rcc.h:2464:22:LL_RCC_ConfigMCO	16	static
stm32wbxx_ll_rcc.h:2922:22:LL_RCC_PLL_Enable	4	static
stm32wbxx_ll_rcc.h:2933:22:LL_RCC_PLL_Disable	4	static
stm32wbxx_ll_rcc.h:2943:26:LL_RCC_PLL_IsReady	4	static
stm32wbxx_ll_rcc.h:3161:26:LL_RCC_PLL_GetN	4	static
stm32wbxx_ll_rcc.h:3203:26:LL_RCC_PLL_GetP	4	static
stm32wbxx_ll_rcc.h:3221:26:LL_RCC_PLL_GetQ	4	static
stm32wbxx_ll_rcc.h:3239:26:LL_RCC_PLL_GetR	4	static
stm32wbxx_ll_rcc.h:3257:26:LL_RCC_PLL_GetDivider	4	static
stm32wbxx_ll_rcc.h:3388:26:LL_RCC_PLLSAI1_IsReady	4	static
stm32wbxx_ll_rcc.h:3790:26:LL_RCC_PLL_GetMainSource	4	static
stm32wbxx_ll_rcc.h:3968:26:LL_RCC_IsActiveFlag_HPRE	4	static
stm32wbxx_ll_rcc.h:3978:26:LL_RCC_IsActiveFlag_C2HPRE	4	static
stm32wbxx_ll_rcc.h:3988:26:LL_RCC_IsActiveFlag_SHDHPRE	4	static
stm32wbxx_ll_rcc.h:3999:26:LL_RCC_IsActiveFlag_PPRE1	4	static
stm32wbxx_ll_rcc.h:4009:26:LL_RCC_IsActiveFlag_PPRE2	4	static
stm32wbxx_ll_bus.h:540:22:LL_AHB2_GRP1_EnableClock	24	static
stm32wbxx_hal_rcc.c:270:19:HAL_RCC_DeInit	16	static
stm32wbxx_hal_rcc.c:386:19:HAL_RCC_OscConfig	64	static
stm32wbxx_hal_rcc.c:1058:19:HAL_RCC_ClockConfig	24	static
stm32wbxx_hal_rcc.c:1319:6:HAL_RCC_MCOConfig	48	static
stm32wbxx_hal_rcc.c:1405:10:HAL_RCC_GetSysClockFreq	32	static
stm32wbxx_hal_rcc.c:1468:10:HAL_RCC_GetHCLKFreq	16	static
stm32wbxx_hal_rcc.c:1478:10:HAL_RCC_GetHCLK2Freq	16	static
stm32wbxx_hal_rcc.c:1488:10:HAL_RCC_GetHCLK4Freq	16	static
stm32wbxx_hal_rcc.c:1500:10:HAL_RCC_GetPCLK1Freq	16	static
stm32wbxx_hal_rcc.c:1512:10:HAL_RCC_GetPCLK2Freq	16	static
stm32wbxx_hal_rcc.c:1525:6:HAL_RCC_GetOscConfig	24	static
stm32wbxx_hal_rcc.c:1635:6:HAL_RCC_GetClockConfig	16	static
stm32wbxx_hal_rcc.c:1677:6:HAL_RCC_EnableCSS	8	static
stm32wbxx_hal_rcc.c:1687:6:HAL_RCC_NMI_IRQHandler	8	static
stm32wbxx_hal_rcc.c:1704:13:HAL_RCC_CSSCallback	4	static
stm32wbxx_hal_rcc.c:1731:26:RCC_SetFlashLatencyFromMSIRange	32	static
stm32wbxx_hal_rcc.c:1764:26:RCC_SetFlashLatency	88	static
