stm32wbxx_ll_rcc.h:2668:26:LL_RCC_GetUSARTClockSource	16	static
stm32wbxx_ll_rcc.h:2685:26:LL_RCC_GetLPUARTClockSource	16	static
stm32wbxx_hal_uart.c:299:19:HAL_UART_Init	16	static
stm32wbxx_hal_uart.c:376:19:HAL_HalfDuplex_Init	16	static
stm32wbxx_hal_uart.c:449:19:HAL_LIN_Init	16	static
stm32wbxx_hal_uart.c:546:19:HAL_MultiProcessor_Init	24	static
stm32wbxx_hal_uart.c:620:19:HAL_UART_DeInit	16	static
stm32wbxx_hal_uart.c:669:13:HAL_UART_MspInit	16	static
stm32wbxx_hal_uart.c:684:13:HAL_UART_MspDeInit	16	static
stm32wbxx_hal_uart.c:1043:19:HAL_UART_Transmit	48	static
stm32wbxx_hal_uart.c:1132:19:HAL_UART_Receive	48	static
stm32wbxx_hal_uart.c:1217:19:HAL_UART_Transmit_IT	24	static
stm32wbxx_hal_uart.c:1291:19:HAL_UART_Receive_IT	24	static
stm32wbxx_hal_uart.c:1372:19:HAL_UART_Transmit_DMA	24	static
stm32wbxx_hal_uart.c:1448:19:HAL_UART_Receive_DMA	24	static
stm32wbxx_hal_uart.c:1519:19:HAL_UART_DMAPause	24	static
stm32wbxx_hal_uart.c:1553:19:HAL_UART_DMAResume	16	static
stm32wbxx_hal_uart.c:1585:19:HAL_UART_DMAStop	24	static
stm32wbxx_hal_uart.c:1660:19:HAL_UART_Abort	16	static
stm32wbxx_hal_uart.c:1753:19:HAL_UART_AbortTransmit	16	static
stm32wbxx_hal_uart.c:1811:19:HAL_UART_AbortReceive	16	static
stm32wbxx_hal_uart.c:1871:19:HAL_UART_Abort_IT	24	static
stm32wbxx_hal_uart.c:2015:19:HAL_UART_AbortTransmit_IT	16	static
stm32wbxx_hal_uart.c:2105:19:HAL_UART_AbortReceive_IT	16	static
stm32wbxx_hal_uart.c:2189:6:HAL_UART_IRQHandler	40	static
stm32wbxx_hal_uart.c:2421:13:HAL_UART_TxCpltCallback	16	static
stm32wbxx_hal_uart.c:2436:13:HAL_UART_TxHalfCpltCallback	16	static
stm32wbxx_hal_uart.c:2451:13:HAL_UART_RxCpltCallback	16	static
stm32wbxx_hal_uart.c:2466:13:HAL_UART_RxHalfCpltCallback	16	static
stm32wbxx_hal_uart.c:2481:13:HAL_UART_ErrorCallback	16	static
stm32wbxx_hal_uart.c:2496:13:HAL_UART_AbortCpltCallback	16	static
stm32wbxx_hal_uart.c:2511:13:HAL_UART_AbortTransmitCpltCallback	16	static
stm32wbxx_hal_uart.c:2526:13:HAL_UART_AbortReceiveCpltCallback	16	static
stm32wbxx_hal_uart.c:2573:6:HAL_UART_ReceiverTimeout_Config	16	static
stm32wbxx_hal_uart.c:2588:19:HAL_UART_EnableReceiverTimeout	16	static
stm32wbxx_hal_uart.c:2626:19:HAL_UART_DisableReceiverTimeout	16	static
stm32wbxx_hal_uart.c:2664:19:HAL_MultiProcessor_EnableMuteMode	16	static
stm32wbxx_hal_uart.c:2684:19:HAL_MultiProcessor_DisableMuteMode	16	static
stm32wbxx_hal_uart.c:2704:6:HAL_MultiProcessor_EnterMuteMode	16	static
stm32wbxx_hal_uart.c:2714:19:HAL_HalfDuplex_EnableTransmitter	16	static
stm32wbxx_hal_uart.c:2737:19:HAL_HalfDuplex_EnableReceiver	16	static
stm32wbxx_hal_uart.c:2761:19:HAL_LIN_SendBreak	16	static
stm32wbxx_hal_uart.c:2806:23:HAL_UART_GetState	24	static
stm32wbxx_hal_uart.c:2822:10:HAL_UART_GetError	16	static
stm32wbxx_hal_uart.c:2867:19:UART_SetConfig	48	static
stm32wbxx_hal_uart.c:3093:6:UART_AdvFeatureConfig	16	static
stm32wbxx_hal_uart.c:3167:19:UART_CheckIdleState	32	static
stm32wbxx_hal_uart.c:3217:19:UART_WaitOnFlagUntilTimeout	24	static
stm32wbxx_hal_uart.c:3272:13:UART_EndTxTransfer	16	static
stm32wbxx_hal_uart.c:3288:13:UART_EndRxTransfer	16	static
stm32wbxx_hal_uart.c:3307:13:UART_DMATransmitCplt	24	static
stm32wbxx_hal_uart.c:3341:13:UART_DMATxHalfCplt	24	static
stm32wbxx_hal_uart.c:3359:13:UART_DMAReceiveCplt	24	static
stm32wbxx_hal_uart.c:3394:13:UART_DMARxHalfCplt	24	static
stm32wbxx_hal_uart.c:3412:13:UART_DMAError	32	static
stm32wbxx_hal_uart.c:3452:13:UART_DMAAbortOnError	24	static
stm32wbxx_hal_uart.c:3475:13:UART_DMATxAbortCallback	24	static
stm32wbxx_hal_uart.c:3529:13:UART_DMARxAbortCallback	24	static
stm32wbxx_hal_uart.c:3580:13:UART_DMATxOnlyAbortCallback	24	static
stm32wbxx_hal_uart.c:3613:13:UART_DMARxOnlyAbortCallback	24	static
stm32wbxx_hal_uart.c:3645:13:UART_TxISR_8BIT	16	static
stm32wbxx_hal_uart.c:3674:13:UART_TxISR_16BIT	24	static
stm32wbxx_hal_uart.c:3706:13:UART_TxISR_8BIT_FIFOEN	24	static
stm32wbxx_hal_uart.c:3746:13:UART_TxISR_16BIT_FIFOEN	24	static
stm32wbxx_hal_uart.c:3787:13:UART_EndTransmit_IT	16	static
stm32wbxx_hal_uart.c:3812:13:UART_RxISR_8BIT	24	static
stm32wbxx_hal_uart.c:3862:13:UART_RxISR_16BIT	24	static
stm32wbxx_hal_uart.c:3914:13:UART_RxISR_8BIT_FIFOEN	24	static
stm32wbxx_hal_uart.c:3986:13:UART_RxISR_16BIT_FIFOEN	32	static
