stm32wbxx_hal_rtc.c:231:19:HAL_RTC_Init	16	static
stm32wbxx_hal_rtc.c:357:19:HAL_RTC_DeInit	24	static
stm32wbxx_hal_rtc.c:693:13:HAL_RTC_MspInit	16	static
stm32wbxx_hal_rtc.c:708:13:HAL_RTC_MspDeInit	16	static
stm32wbxx_hal_rtc.c:746:19:HAL_RTC_SetTime	40	static
stm32wbxx_hal_rtc.c:880:19:HAL_RTC_GetTime	32	static
stm32wbxx_hal_rtc.c:924:19:HAL_RTC_SetDate	40	static
stm32wbxx_hal_rtc.c:1033:19:HAL_RTC_GetDate	32	static
stm32wbxx_hal_rtc.c:1087:19:HAL_RTC_SetAlarm	48	static
stm32wbxx_hal_rtc.c:1268:19:HAL_RTC_SetAlarm_IT	48	static
stm32wbxx_hal_rtc.c:1450:19:HAL_RTC_DeactivateAlarm	24	static
stm32wbxx_hal_rtc.c:1544:19:HAL_RTC_GetAlarm	32	static
stm32wbxx_hal_rtc.c:1604:6:HAL_RTC_AlarmIRQHandler	16	static
stm32wbxx_hal_rtc.c:1653:13:HAL_RTC_AlarmAEventCallback	16	static
stm32wbxx_hal_rtc.c:1669:19:HAL_RTC_PollForAlarmAEvent	24	static
stm32wbxx_hal_rtc.c:1728:19:HAL_RTC_WaitForSynchro	24	static
stm32wbxx_hal_rtc.c:1772:21:HAL_RTC_GetState	16	static
stm32wbxx_hal_rtc.c:1795:19:RTC_EnterInitMode	24	static
stm32wbxx_hal_rtc.c:1825:9:RTC_ByteToBcd2	24	static
stm32wbxx_hal_rtc.c:1844:9:RTC_Bcd2ToByte	24	static
