tl_mbox.c:84:6:TL_Enable	8	static
tl_mbox.c:92:6:TL_Init	8	static
tl_mbox.c:112:9:TL_BLE_Init	24	static
tl_mbox.c:135:9:TL_BLE_SendCmd	16	static
tl_mbox.c:149:6:HW_IPCC_BLE_RxEvtNot	16	static
tl_mbox.c:172:9:TL_BLE_SendAclData	16	static
tl_mbox.c:184:6:HW_IPCC_BLE_AclDataAckNot	8	static
tl_mbox.c:194:9:TL_SYS_Init	24	static
tl_mbox.c:213:9:TL_SYS_SendCmd	16	static
tl_mbox.c:227:6:HW_IPCC_SYS_CmdEvtNot	8	static
tl_mbox.c:236:6:HW_IPCC_SYS_EvtNot	16	static
tl_mbox.c:592:6:TL_MM_Init	16	static
tl_mbox.c:612:6:TL_MM_EvtDone	16	static
tl_mbox.c:623:13:SendFreeBuf	16	static
tl_mbox.c:639:6:TL_TRACES_Init	8	static
tl_mbox.c:650:6:HW_IPCC_TRACES_EvtNot	16	static
tl_mbox.c:663:13:TL_TRACES_EvtReceived	16	static
tl_mbox.c:671:13:OutputDbgTrace	24	static
