stm32wbxx_ll_exti.h:313:22:LL_EXTI_EnableIT_0_31	16	static
stm32wbxx_ll_exti.h:1020:22:LL_EXTI_EnableRisingTrig_0_31	16	static
hw_timerserver.c:105:17:ReadRtcSsrValue	16	static
hw_timerserver.c:130:13:LinkTimerAfter	24	static
hw_timerserver.c:153:13:LinkTimerBefore	24	static
hw_timerserver.c:180:17:linkTimer	24	static
hw_timerserver.c:250:13:UnlinkTimer	24	static
hw_timerserver.c:292:17:ReturnTimeElapsed	16	static
hw_timerserver.c:334:13:RestartWakeupCounter	16	static
hw_timerserver.c:393:13:RescheduleTimerList	24	static
hw_timerserver.c:485:6:HW_TS_RTC_Wakeup_Handler	48	static,ignoring_inline_asm
hw_timerserver.c:587:6:HW_TS_Init	40	static,ignoring_inline_asm
hw_timerserver.c:673:22:HW_TS_Create	48	static,ignoring_inline_asm
hw_timerserver.c:718:6:HW_TS_Delete	16	static
hw_timerserver.c:727:6:HW_TS_Stop	32	static,ignoring_inline_asm
hw_timerserver.c:799:6:HW_TS_Start	32	static,ignoring_inline_asm
hw_timerserver.c:853:10:HW_TS_RTC_ReadLeftTicksToCount	32	static,ignoring_inline_asm
hw_timerserver.c:886:13:HW_TS_RTC_Int_AppNot	24	static
