stm32wbxx_ll_pwr.h:1415:22:LL_PWR_SMPS_Enable	4	static
stm32wbxx_ll_pwr.h:1457:22:LL_PWR_SMPS_SetStartupCurrent	16	static
stm32wbxx_ll_pwr.h:1504:22:LL_PWR_SMPS_SetOutputVoltageLevel	32	static
stm32wbxx_ll_exti.h:451:22:LL_EXTI_DisableIT_0_31	16	static
stm32wbxx_ll_exti.h:520:22:LL_EXTI_DisableIT_32_63	16	static
stm32wbxx_ll_rcc.h:1345:22:LL_RCC_HSE_SetCapacitorTuning	16	static
stm32wbxx_ll_rcc.h:1665:22:LL_RCC_LSE_SetDriveCapability	16	static
stm32wbxx_ll_rcc.h:2893:22:LL_RCC_ForceBackupDomainReset	4	static
stm32wbxx_ll_rcc.h:2903:22:LL_RCC_ReleaseBackupDomainReset	4	static
stm32wbxx_ll_rcc.h:4049:26:LL_RCC_IsActiveFlag_PINRST	4	static
stm32wbxx_ll_rcc.h:4059:26:LL_RCC_IsActiveFlag_SFTRST	4	static
stm32wbxx_ll_bus.h:365:22:LL_AHB1_GRP1_EnableClock	24	static
stm32wbxx_ll_bus.h:540:22:LL_AHB2_GRP1_EnableClock	24	static
stm32wbxx_ll_bus.h:745:22:LL_AHB3_GRP1_EnableClock	24	static
stm32wbxx_ll_ipcc.h:313:22:LL_C1_IPCC_DisableTransmitChannel	16	static
stm32wbxx_ll_ipcc.h:382:22:LL_C1_IPCC_DisableReceiveChannel	16	static
stm32wbxx_ll_ipcc.h:451:22:LL_C2_IPCC_DisableTransmitChannel	16	static
stm32wbxx_ll_ipcc.h:520:22:LL_C2_IPCC_DisableReceiveChannel	16	static
stm32wbxx_ll_ipcc.h:575:22:LL_C1_IPCC_ClearFlag_CHx	16	static
stm32wbxx_ll_ipcc.h:646:22:LL_C2_IPCC_ClearFlag_CHx	16	static
stm32wbxx_ll_cortex.h:310:22:LL_LPM_EnableSleep	4	static
stm32wbxx_ll_rtc.h:1029:22:LL_RTC_EnableWriteProtection	16	static
stm32wbxx_ll_rtc.h:1040:22:LL_RTC_DisableWriteProtection	16	static
stm32wbxx_ll_rtc.h:2998:22:LL_RTC_WAKEUP_SetClock	16	static
main.c:114:5:main	8	static
main.c:205:6:SystemClock_Config	192	static
main.c:286:6:MX_LPUART1_UART_Init	8	static
main.c:334:6:MX_USART1_UART_Init	8	static
main.c:382:13:MX_RF_Init	4	static
main.c:403:13:MX_RTC_Init	8	static
main.c:442:13:MX_DMA_Init	8	static
main.c:465:13:MX_GPIO_Init	8	static
main.c:477:6:PeriphClock_Config	4	static
main.c:530:13:Config_HSE	16	static
main.c:547:13:Reset_Device	8	static
main.c:558:13:Reset_IPCC	8	static
main.c:595:13:Reset_BackupDomain	8	static
main.c:614:13:Init_Exti	8	static
main.c:628:6:HAL_Delay	24	static,ignoring_inline_asm
main.c:666:6:StartDefaultTask	16	static
main.c:685:6:HAL_TIM_PeriodElapsedCallback	16	static
main.c:702:6:Error_Handler	4	static
