stm32wbxx_it.c:79:6:NMI_Handler	4	static
stm32wbxx_it.c:92:6:HardFault_Handler	4	static
stm32wbxx_it.c:108:6:MemManage_Handler	4	static
stm32wbxx_it.c:124:6:BusFault_Handler	4	static
stm32wbxx_it.c:140:6:UsageFault_Handler	4	static
stm32wbxx_it.c:156:6:DebugMon_Handler	4	static
stm32wbxx_it.c:176:6:DMA1_Channel4_IRQHandler	8	static
stm32wbxx_it.c:190:6:TIM1_TRG_COM_TIM17_IRQHandler	8	static
stm32wbxx_it.c:204:6:USART1_IRQHandler	8	static
stm32wbxx_it.c:218:6:LPUART1_IRQHandler	8	static
stm32wbxx_it.c:232:6:HSEM_IRQHandler	8	static
stm32wbxx_it.c:246:6:DMA2_Channel4_IRQHandler	8	static
stm32wbxx_it.c:264:6:EXTI4_IRQHandler	8	static
stm32wbxx_it.c:275:6:EXTI0_IRQHandler	8	static
stm32wbxx_it.c:286:6:EXTI1_IRQHandler	8	static
stm32wbxx_it.c:291:6:RTC_WKUP_IRQHandler	8	static
stm32wbxx_it.c:296:6:IPCC_C1_TX_IRQHandler	8	static
stm32wbxx_it.c:303:6:IPCC_C1_RX_IRQHandler	8	static
