ble_gatt_aci.c:22:12:aci_gatt_init	40	static
ble_gatt_aci.c:36:12:aci_gatt_add_service	328	static
ble_gatt_aci.c:86:12:aci_gatt_include_service	320	static
ble_gatt_aci.c:125:12:aci_gatt_add_char	336	static
ble_gatt_aci.c:198:12:aci_gatt_add_char_desc	336	static
ble_gatt_aci.c:283:12:aci_gatt_update_char_value	320	static
ble_gatt_aci.c:316:12:aci_gatt_del_char	312	static
ble_gatt_aci.c:340:12:aci_gatt_del_service	312	static
ble_gatt_aci.c:361:12:aci_gatt_del_include_service	312	static
ble_gatt_aci.c:385:12:aci_gatt_set_event_mask	312	static
ble_gatt_aci.c:406:12:aci_gatt_exchange_config	312	static
ble_gatt_aci.c:428:12:aci_att_find_info_req	320	static
ble_gatt_aci.c:456:12:aci_att_find_by_type_value_req	320	static
ble_gatt_aci.c:493:12:aci_att_read_by_type_req	320	static
ble_gatt_aci.c:528:12:aci_att_read_by_group_type_req	320	static
ble_gatt_aci.c:563:12:aci_att_prepare_write_req	320	static
ble_gatt_aci.c:597:12:aci_att_execute_write_req	312	static
ble_gatt_aci.c:622:12:aci_gatt_disc_all_primary_services	312	static
ble_gatt_aci.c:644:12:aci_gatt_disc_primary_service_by_uuid	312	static
ble_gatt_aci.c:673:12:aci_gatt_find_included_services	320	static
ble_gatt_aci.c:701:12:aci_gatt_disc_all_char_of_service	320	static
ble_gatt_aci.c:729:12:aci_gatt_disc_char_by_uuid	320	static
ble_gatt_aci.c:764:12:aci_gatt_disc_all_char_desc	320	static
ble_gatt_aci.c:792:12:aci_gatt_read_char_value	312	static
ble_gatt_aci.c:817:12:aci_gatt_read_using_char_uuid	320	static
ble_gatt_aci.c:852:12:aci_gatt_read_long_char_value	320	static
ble_gatt_aci.c:880:12:aci_gatt_read_multiple_char_value	312	static
ble_gatt_aci.c:908:12:aci_gatt_write_char_value	328	static
ble_gatt_aci.c:939:12:aci_gatt_write_long_char_value	320	static
ble_gatt_aci.c:973:12:aci_gatt_write_char_reliable	320	static
ble_gatt_aci.c:1007:12:aci_gatt_write_long_char_desc	320	static
ble_gatt_aci.c:1041:12:aci_gatt_read_long_char_desc	320	static
ble_gatt_aci.c:1069:12:aci_gatt_write_char_desc	328	static
ble_gatt_aci.c:1100:12:aci_gatt_read_char_desc	312	static
ble_gatt_aci.c:1125:12:aci_gatt_write_without_resp	328	static
ble_gatt_aci.c:1155:12:aci_gatt_signed_write_without_resp	328	static
ble_gatt_aci.c:1185:12:aci_gatt_confirm_indication	312	static
ble_gatt_aci.c:1206:12:aci_gatt_write_resp	320	static
ble_gatt_aci.c:1242:12:aci_gatt_allow_read	312	static
ble_gatt_aci.c:1263:12:aci_gatt_set_security_permission	320	static
ble_gatt_aci.c:1290:12:aci_gatt_set_desc_value	320	static
ble_gatt_aci.c:1326:12:aci_gatt_read_handle_value	576	static
ble_gatt_aci.c:1362:12:aci_gatt_update_char_value_ext	320	static
ble_gatt_aci.c:1404:12:aci_gatt_deny_read	312	static
ble_gatt_aci.c:1428:12:aci_gatt_set_access_permission	320	static
