ble_hci_le.c:22:12:hci_disconnect	312	static
ble_hci_le.c:47:12:hci_read_remote_version_information	312	static
ble_hci_le.c:69:12:hci_set_event_mask	312	static
ble_hci_le.c:90:12:hci_reset	40	static
ble_hci_le.c:104:12:hci_read_transmit_power_level	312	static
ble_hci_le.c:133:12:hci_set_controller_to_host_flow_control	312	static
ble_hci_le.c:155:12:hci_host_buffer_size	320	static
ble_hci_le.c:186:12:hci_host_number_of_completed_packets	312	static
ble_hci_le.c:211:12:hci_read_local_version_information	64	static
ble_hci_le.c:237:12:hci_read_local_supported_commands	112	static
ble_hci_le.c:255:12:hci_read_local_supported_features	56	static
ble_hci_le.c:273:12:hci_read_bd_addr	48	static
ble_hci_le.c:291:12:hci_read_rssi	312	static
ble_hci_le.c:317:12:hci_le_set_event_mask	312	static
ble_hci_le.c:338:12:hci_le_read_buffer_size	48	static
ble_hci_le.c:358:12:hci_le_read_local_supported_features	56	static
ble_hci_le.c:376:12:hci_le_set_random_address	312	static
ble_hci_le.c:397:12:hci_le_set_advertising_parameters	320	static
ble_hci_le.c:439:12:hci_le_read_advertising_channel_tx_power	48	static
ble_hci_le.c:457:12:hci_le_set_advertising_data	312	static
ble_hci_le.c:481:12:hci_le_set_scan_response_data	312	static
ble_hci_le.c:505:12:hci_le_set_advertise_enable	312	static
ble_hci_le.c:526:12:hci_le_set_scan_parameters	320	static
ble_hci_le.c:559:12:hci_le_set_scan_enable	312	static
ble_hci_le.c:583:12:hci_le_create_connection	320	static
ble_hci_le.c:638:12:hci_le_create_connection_cancel	40	static
ble_hci_le.c:652:12:hci_le_read_white_list_size	48	static
ble_hci_le.c:670:12:hci_le_clear_white_list	40	static
ble_hci_le.c:684:12:hci_le_add_device_to_white_list	312	static
ble_hci_le.c:708:12:hci_le_remove_device_from_white_list	312	static
ble_hci_le.c:732:12:hci_le_connection_update	320	static
ble_hci_le.c:772:12:hci_le_set_host_channel_classification	312	static
ble_hci_le.c:793:12:hci_le_read_channel_map	312	static
ble_hci_le.c:819:12:hci_le_read_remote_features	312	static
ble_hci_le.c:841:12:hci_le_encrypt	336	static
ble_hci_le.c:870:12:hci_le_rand	56	static
ble_hci_le.c:888:12:hci_le_start_encryption	328	static
ble_hci_le.c:919:12:hci_le_long_term_key_request_reply	312	static
ble_hci_le.c:946:12:hci_le_long_term_key_requested_negative_reply	312	static
ble_hci_le.c:970:12:hci_le_read_supported_states	56	static
ble_hci_le.c:988:12:hci_le_receiver_test	312	static
ble_hci_le.c:1009:12:hci_le_transmitter_test	320	static
ble_hci_le.c:1036:12:hci_le_test_end	48	static
ble_hci_le.c:1054:12:hci_le_set_data_length	320	static
ble_hci_le.c:1084:12:hci_le_read_suggested_default_data_length	48	static
ble_hci_le.c:1104:12:hci_le_write_suggested_default_data_length	312	static
ble_hci_le.c:1128:12:hci_le_read_local_p256_public_key	40	static
ble_hci_le.c:1143:12:hci_le_generate_dhkey	312	static
ble_hci_le.c:1165:12:hci_le_add_device_to_resolving_list	328	static
ble_hci_le.c:1195:12:hci_le_remove_device_from_resolving_list	312	static
ble_hci_le.c:1219:12:hci_le_clear_resolving_list	40	static
ble_hci_le.c:1233:12:hci_le_read_resolving_list_size	48	static
ble_hci_le.c:1251:12:hci_le_read_peer_resolvable_address	320	static
ble_hci_le.c:1280:12:hci_le_read_local_resolvable_address	320	static
ble_hci_le.c:1309:12:hci_le_set_address_resolution_enable	312	static
ble_hci_le.c:1330:12:hci_le_set_resolvable_private_address_timeout	312	static
ble_hci_le.c:1351:12:hci_le_read_maximum_data_length	64	static
ble_hci_le.c:1375:12:hci_le_read_phy	320	static
ble_hci_le.c:1403:12:hci_le_set_default_phy	320	static
ble_hci_le.c:1430:12:hci_le_set_phy	320	static
ble_hci_le.c:1464:12:hci_le_enhanced_receiver_test	320	static
ble_hci_le.c:1491:12:hci_le_enhanced_transmitter_test	320	static
ble_hci_le.c:1521:12:hci_le_set_privacy_mode	312	static
