ble_gap_aci.c:22:12:aci_gap_set_non_discoverable	40	static
ble_gap_aci.c:36:12:aci_gap_set_limited_discoverable	328	static
ble_gap_aci.c:99:12:aci_gap_set_discoverable	328	static
ble_gap_aci.c:161:12:aci_gap_set_direct_connectable	320	static
ble_gap_aci.c:197:12:aci_gap_set_io_capability	312	static
ble_gap_aci.c:218:12:aci_gap_set_authentication_requirement	320	static
ble_gap_aci.c:263:12:aci_gap_set_authorization_requirement	312	static
ble_gap_aci.c:287:12:aci_gap_pass_key_resp	312	static
ble_gap_aci.c:311:12:aci_gap_authorization_resp	312	static
ble_gap_aci.c:335:12:aci_gap_init	320	static
ble_gap_aci.c:371:12:aci_gap_set_non_connectable	312	static
ble_gap_aci.c:395:12:aci_gap_set_undirected_connectable	320	static
ble_gap_aci.c:425:12:aci_gap_slave_security_req	312	static
ble_gap_aci.c:447:12:aci_gap_update_adv_data	312	static
ble_gap_aci.c:471:12:aci_gap_delete_ad_type	312	static
ble_gap_aci.c:492:12:aci_gap_get_security_level	320	static
ble_gap_aci.c:520:12:aci_gap_set_event_mask	312	static
ble_gap_aci.c:541:12:aci_gap_configure_whitelist	40	static
ble_gap_aci.c:555:12:aci_gap_terminate	312	static
ble_gap_aci.c:580:12:aci_gap_clear_security_db	40	static
ble_gap_aci.c:594:12:aci_gap_allow_rebond	312	static
ble_gap_aci.c:615:12:aci_gap_start_limited_discovery_proc	320	static
ble_gap_aci.c:646:12:aci_gap_start_general_discovery_proc	320	static
ble_gap_aci.c:677:12:aci_gap_start_name_discovery_proc	328	static
ble_gap_aci.c:729:12:aci_gap_start_auto_connection_establish_proc	320	static
ble_gap_aci.c:781:12:aci_gap_start_general_connection_establish_proc	320	static
ble_gap_aci.c:818:12:aci_gap_start_selective_connection_establish_proc	320	static
ble_gap_aci.c:861:12:aci_gap_create_connection	328	static
ble_gap_aci.c:913:12:aci_gap_terminate_gap_proc	312	static
ble_gap_aci.c:934:12:aci_gap_start_connection_update	320	static
ble_gap_aci.c:974:12:aci_gap_send_pairing_req	312	static
ble_gap_aci.c:999:12:aci_gap_resolve_private_addr	312	static
ble_gap_aci.c:1025:12:aci_gap_set_broadcast_mode	320	static
ble_gap_aci.c:1073:12:aci_gap_start_observation_proc	320	static
ble_gap_aci.c:1110:12:aci_gap_get_bonded_devices	288	static
ble_gap_aci.c:1130:12:aci_gap_is_device_bonded	312	static
ble_gap_aci.c:1154:12:aci_gap_numeric_comparison_value_confirm_yesno	312	static
ble_gap_aci.c:1178:12:aci_gap_passkey_input	312	static
ble_gap_aci.c:1202:12:aci_gap_get_oob_data	352	static
ble_gap_aci.c:1234:12:aci_gap_set_oob_data	320	static
ble_gap_aci.c:1270:12:aci_gap_add_devices_to_resolving_list	312	static
ble_gap_aci.c:1303:12:aci_gap_remove_bonded_device	312	static
