Archive member included to satisfy reference by file (symbol)

c:/st/stm32cubeide_1.1.0/stm32cubeide/plugins/com.st.stm32cube.ide.mcu.externaltools.gnu-tools-for-stm32.7-2018-q2-update.win32_1.4.0.202007081208/tools/bin/../lib/gcc/arm-none-eabi/7.3.1/../../../../arm-none-eabi/lib/thumb/v7e-m/fpv4-sp/hard\libc_nano.a(lib_a-errno.o)
                              Application/SW4STM32/syscalls.o (__errno)
c:/st/stm32cubeide_1.1.0/stm32cubeide/plugins/com.st.stm32cube.ide.mcu.externaltools.gnu-tools-for-stm32.7-2018-q2-update.win32_1.4.0.202007081208/tools/bin/../lib/gcc/arm-none-eabi/7.3.1/../../../../arm-none-eabi/lib/thumb/v7e-m/fpv4-sp/hard\libc_nano.a(lib_a-exit.o)
                              c:/st/stm32cubeide_1.1.0/stm32cubeide/plugins/com.st.stm32cube.ide.mcu.externaltools.gnu-tools-for-stm32.7-2018-q2-update.win32_1.4.0.202007081208/tools/bin/../lib/gcc/arm-none-eabi/7.3.1/../../../../arm-none-eabi/lib/thumb/v7e-m/fpv4-sp/hard/crt0.o (exit)
c:/st/stm32cubeide_1.1.0/stm32cubeide/plugins/com.st.stm32cube.ide.mcu.externaltools.gnu-tools-for-stm32.7-2018-q2-update.win32_1.4.0.202007081208/tools/bin/../lib/gcc/arm-none-eabi/7.3.1/../../../../arm-none-eabi/lib/thumb/v7e-m/fpv4-sp/hard\libc_nano.a(lib_a-impure.o)
                              c:/st/stm32cubeide_1.1.0/stm32cubeide/plugins/com.st.stm32cube.ide.mcu.externaltools.gnu-tools-for-stm32.7-2018-q2-update.win32_1.4.0.202007081208/tools/bin/../lib/gcc/arm-none-eabi/7.3.1/../../../../arm-none-eabi/lib/thumb/v7e-m/fpv4-sp/hard\libc_nano.a(lib_a-exit.o) (_global_impure_ptr)
c:/st/stm32cubeide_1.1.0/stm32cubeide/plugins/com.st.stm32cube.ide.mcu.externaltools.gnu-tools-for-stm32.7-2018-q2-update.win32_1.4.0.202007081208/tools/bin/../lib/gcc/arm-none-eabi/7.3.1/../../../../arm-none-eabi/lib/thumb/v7e-m/fpv4-sp/hard\libc_nano.a(lib_a-init.o)
                              c:/st/stm32cubeide_1.1.0/stm32cubeide/plugins/com.st.stm32cube.ide.mcu.externaltools.gnu-tools-for-stm32.7-2018-q2-update.win32_1.4.0.202007081208/tools/bin/../lib/gcc/arm-none-eabi/7.3.1/../../../../arm-none-eabi/lib/thumb/v7e-m/fpv4-sp/hard/crt0.o (__libc_init_array)
c:/st/stm32cubeide_1.1.0/stm32cubeide/plugins/com.st.stm32cube.ide.mcu.externaltools.gnu-tools-for-stm32.7-2018-q2-update.win32_1.4.0.202007081208/tools/bin/../lib/gcc/arm-none-eabi/7.3.1/../../../../arm-none-eabi/lib/thumb/v7e-m/fpv4-sp/hard\libc_nano.a(lib_a-memcmp.o)
                              Middlewares/STM32_WPAN/osal.o (memcmp)
c:/st/stm32cubeide_1.1.0/stm32cubeide/plugins/com.st.stm32cube.ide.mcu.externaltools.gnu-tools-for-stm32.7-2018-q2-update.win32_1.4.0.202007081208/tools/bin/../lib/gcc/arm-none-eabi/7.3.1/../../../../arm-none-eabi/lib/thumb/v7e-m/fpv4-sp/hard\libc_nano.a(lib_a-memcpy-stub.o)
                              Middlewares/STM32_WPAN/hci_tl.o (memcpy)
c:/st/stm32cubeide_1.1.0/stm32cubeide/plugins/com.st.stm32cube.ide.mcu.externaltools.gnu-tools-for-stm32.7-2018-q2-update.win32_1.4.0.202007081208/tools/bin/../lib/gcc/arm-none-eabi/7.3.1/../../../../arm-none-eabi/lib/thumb/v7e-m/fpv4-sp/hard\libc_nano.a(lib_a-memset.o)
                              c:/st/stm32cubeide_1.1.0/stm32cubeide/plugins/com.st.stm32cube.ide.mcu.externaltools.gnu-tools-for-stm32.7-2018-q2-update.win32_1.4.0.202007081208/tools/bin/../lib/gcc/arm-none-eabi/7.3.1/../../../../arm-none-eabi/lib/thumb/v7e-m/fpv4-sp/hard/crt0.o (memset)
c:/st/stm32cubeide_1.1.0/stm32cubeide/plugins/com.st.stm32cube.ide.mcu.externaltools.gnu-tools-for-stm32.7-2018-q2-update.win32_1.4.0.202007081208/tools/bin/../lib/gcc/arm-none-eabi/7.3.1/../../../../arm-none-eabi/lib/thumb/v7e-m/fpv4-sp/hard\libc_nano.a(lib_a-printf.o)
                              Application/User/STM32_WPAN/App/app_ble.o (printf)
c:/st/stm32cubeide_1.1.0/stm32cubeide/plugins/com.st.stm32cube.ide.mcu.externaltools.gnu-tools-for-stm32.7-2018-q2-update.win32_1.4.0.202007081208/tools/bin/../lib/gcc/arm-none-eabi/7.3.1/../../../../arm-none-eabi/lib/thumb/v7e-m/fpv4-sp/hard\libc_nano.a(lib_a-puts.o)
                              Application/User/STM32_WPAN/App/app_ble.o (puts)
c:/st/stm32cubeide_1.1.0/stm32cubeide/plugins/com.st.stm32cube.ide.mcu.externaltools.gnu-tools-for-stm32.7-2018-q2-update.win32_1.4.0.202007081208/tools/bin/../lib/gcc/arm-none-eabi/7.3.1/../../../../arm-none-eabi/lib/thumb/v7e-m/fpv4-sp/hard\libc_nano.a(lib_a-strrchr.o)
                              Middlewares/STM32_WPAN/dbg_trace.o (strrchr)
c:/st/stm32cubeide_1.1.0/stm32cubeide/plugins/com.st.stm32cube.ide.mcu.externaltools.gnu-tools-for-stm32.7-2018-q2-update.win32_1.4.0.202007081208/tools/bin/../lib/gcc/arm-none-eabi/7.3.1/../../../../arm-none-eabi/lib/thumb/v7e-m/fpv4-sp/hard\libc_nano.a(lib_a-vprintf.o)
                              Middlewares/STM32_WPAN/dbg_trace.o (vprintf)
[...]
Memory Configuration

Name             Origin             Length             Attributes
FLASH            0x0000000008000000 0x0000000000080000 xr
RAM1             0x0000000020000004 0x000000000002fffc xrw
RAM_SHARED       0x0000000020030000 0x0000000000002800 xrw
*default*        0x0000000000000000 0xffffffffffffffff

Linker script and memory map

LOAD c:/st/stm32cubeide_1.1.0/stm32cubeide/plugins/com.st.stm32cube.ide.mcu.externaltools.gnu-tools-for-stm32.7-2018-q2-update.win32_1.4.0.202007081208/tools/bin/../lib/gcc/arm-none-eabi/7.3.1/thumb/v7e-m/fpv4-sp/hard/crti.o
LOAD c:/st/stm32cubeide_1.1.0/stm32cubeide/plugins/com.st.stm32cube.ide.mcu.externaltools.gnu-tools-for-stm32.7-2018-q2-update.win32_1.4.0.202007081208/tools/bin/../lib/gcc/arm-none-eabi/7.3.1/thumb/v7e-m/fpv4-sp/hard/crtbegin.o
LOAD c:/st/stm32cubeide_1.1.0/stm32cubeide/plugins/com.st.stm32cube.ide.mcu.externaltools.gnu-tools-for-stm32.7-2018-q2-update.win32_1.4.0.202007081208/tools/bin/../lib/gcc/arm-none-eabi/7.3.1/../../../../arm-none-eabi/lib/thumb/v7e-m/fpv4-sp/hard/crt0.o
LOAD Application/SW4STM32/startup_stm32wb55xx_cm4.o
LOAD Application/SW4STM32/syscalls.o
LOAD Application/User/Core/app_debug.o
LOAD Application/User/Core/app_entry.o
LOAD Application/User/Core/hw_timerserver.o
LOAD Application/User/Core/hw_uart.o
LOAD Application/User/Core/main.o
LOAD Application/User/Core/stm32_lpm_if.o
LOAD Application/User/Core/stm32wbxx_hal_msp.o
LOAD Application/User/Core/stm32wbxx_it.o
LOAD Application/User/STM32_WPAN/App/app_ble.o
LOAD Application/User/STM32_WPAN/App/p2p_server_app.o
LOAD Application/User/STM32_WPAN/Target/hw_ipcc.o
LOAD Drivers/BSP/P-NUCLEO-WB55.Nucleo/stm32wbxx_nucleo.o
LOAD Drivers/CMSIS/system_stm32wbxx.o
LOAD Drivers/STM32WBxx_HAL_Driver/stm32wbxx_hal.o
LOAD Drivers/STM32WBxx_HAL_Driver/stm32wbxx_hal_cortex.o
LOAD Drivers/STM32WBxx_HAL_Driver/stm32wbxx_hal_dma.o
LOAD Drivers/STM32WBxx_HAL_Driver/stm32wbxx_hal_dma_ex.o
LOAD Drivers/STM32WBxx_HAL_Driver/stm32wbxx_hal_flash.o
LOAD Drivers/STM32WBxx_HAL_Driver/stm32wbxx_hal_flash_ex.o
LOAD Drivers/STM32WBxx_HAL_Driver/stm32wbxx_hal_gpio.o
LOAD Drivers/STM32WBxx_HAL_Driver/stm32wbxx_hal_hsem.o
LOAD Drivers/STM32WBxx_HAL_Driver/stm32wbxx_hal_ipcc.o
LOAD Drivers/STM32WBxx_HAL_Driver/stm32wbxx_hal_pwr.o
LOAD Drivers/STM32WBxx_HAL_Driver/stm32wbxx_hal_pwr_ex.o
LOAD Drivers/STM32WBxx_HAL_Driver/stm32wbxx_hal_rcc.o
LOAD Drivers/STM32WBxx_HAL_Driver/stm32wbxx_hal_rcc_ex.o
LOAD Drivers/STM32WBxx_HAL_Driver/stm32wbxx_hal_rtc.o
LOAD Drivers/STM32WBxx_HAL_Driver/stm32wbxx_hal_rtc_ex.o
LOAD Drivers/STM32WBxx_HAL_Driver/stm32wbxx_hal_tim.o
LOAD Drivers/STM32WBxx_HAL_Driver/stm32wbxx_hal_tim_ex.o
LOAD Drivers/STM32WBxx_HAL_Driver/stm32wbxx_hal_uart.o
LOAD Drivers/STM32WBxx_HAL_Driver/stm32wbxx_hal_uart_ex.o
LOAD Middlewares/STM32_WPAN/ble_gap_aci.o
LOAD Middlewares/STM32_WPAN/ble_gatt_aci.o
LOAD Middlewares/STM32_WPAN/ble_hal_aci.o
LOAD Middlewares/STM32_WPAN/ble_hci_le.o
LOAD Middlewares/STM32_WPAN/ble_l2cap_aci.o
LOAD Middlewares/STM32_WPAN/dbg_trace.o
LOAD Middlewares/STM32_WPAN/hci_tl.o
LOAD Middlewares/STM32_WPAN/hci_tl_if.o
LOAD Middlewares/STM32_WPAN/osal.o
LOAD Middlewares/STM32_WPAN/otp.o
LOAD Middlewares/STM32_WPAN/p2p_stm.o
LOAD Middlewares/STM32_WPAN/shci.o
LOAD Middlewares/STM32_WPAN/shci_tl.o
LOAD Middlewares/STM32_WPAN/shci_tl_if.o
LOAD Middlewares/STM32_WPAN/stm_list.o
LOAD Middlewares/STM32_WPAN/stm_queue.o
LOAD Middlewares/STM32_WPAN/svc_ctl.o
LOAD Middlewares/STM32_WPAN/tl_mbox.o
LOAD Utilities/stm32_lpm.o
LOAD Utilities/stm32_seq.o
START GROUP
LOAD c:/st/stm32cubeide_1.1.0/stm32cubeide/plugins/com.st.stm32cube.ide.mcu.externaltools.gnu-tools-for-stm32.7-2018-q2-update.win32_1.4.0.202007081208/tools/bin/../lib/gcc/arm-none-eabi/7.3.1/../../../../arm-none-eabi/lib/thumb/v7e-m/fpv4-sp/hard\libc_nano.a
LOAD c:/st/stm32cubeide_1.1.0/stm32cubeide/plugins/com.st.stm32cube.ide.mcu.externaltools.gnu-tools-for-stm32.7-2018-q2-update.win32_1.4.0.202007081208/tools/bin/../lib/gcc/arm-none-eabi/7.3.1/../../../../arm-none-eabi/lib/thumb/v7e-m/fpv4-sp/hard\libm.a
END GROUP
START GROUP
LOAD c:/st/stm32cubeide_1.1.0/stm32cubeide/plugins/com.st.stm32cube.ide.mcu.externaltools.gnu-tools-for-stm32.7-2018-q2-update.win32_1.4.0.202007081208/tools/bin/../lib/gcc/arm-none-eabi/7.3.1/thumb/v7e-m/fpv4-sp/hard\libgcc.a
LOAD c:/st/stm32cubeide_1.1.0/stm32cubeide/plugins/com.st.stm32cube.ide.mcu.externaltools.gnu-tools-for-stm32.7-2018-q2-update.win32_1.4.0.202007081208/tools/bin/../lib/gcc/arm-none-eabi/7.3.1/../../../../arm-none-eabi/lib/thumb/v7e-m/fpv4-sp/hard\libc_nano.a
END GROUP
START GROUP
LOAD c:/st/stm32cubeide_1.1.0/stm32cubeide/plugins/com.st.stm32cube.ide.mcu.externaltools.gnu-tools-for-stm32.7-2018-q2-update.win32_1.4.0.202007081208/tools/bin/../lib/gcc/arm-none-eabi/7.3.1/thumb/v7e-m/fpv4-sp/hard\libgcc.a
LOAD c:/st/stm32cubeide_1.1.0/stm32cubeide/plugins/com.st.stm32cube.ide.mcu.externaltools.gnu-tools-for-stm32.7-2018-q2-update.win32_1.4.0.202007081208/tools/bin/../lib/gcc/arm-none-eabi/7.3.1/../../../../arm-none-eabi/lib/thumb/v7e-m/fpv4-sp/hard\libc_nano.a
LOAD c:/st/stm32cubeide_1.1.0/stm32cubeide/plugins/com.st.stm32cube.ide.mcu.externaltools.gnu-tools-for-stm32.7-2018-q2-update.win32_1.4.0.202007081208/tools/bin/../lib/gcc/arm-none-eabi/7.3.1/../../../../arm-none-eabi/lib/thumb/v7e-m/fpv4-sp/hard\libnosys.a
END GROUP
START GROUP
LOAD c:/st/stm32cubeide_1.1.0/stm32cubeide/plugins/com.st.stm32cube.ide.mcu.externaltools.gnu-tools-for-stm32.7-2018-q2-update.win32_1.4.0.202007081208/tools/bin/../lib/gcc/arm-none-eabi/7.3.1/thumb/v7e-m/fpv4-sp/hard\libgcc.a
LOAD c:/st/stm32cubeide_1.1.0/stm32cubeide/plugins/com.st.stm32cube.ide.mcu.externaltools.gnu-tools-for-stm32.7-2018-q2-update.win32_1.4.0.202007081208/tools/bin/../lib/gcc/arm-none-eabi/7.3.1/../../../../arm-none-eabi/lib/thumb/v7e-m/fpv4-sp/hard\libc_nano.a
LOAD c:/st/stm32cubeide_1.1.0/stm32cubeide/plugins/com.st.stm32cube.ide.mcu.externaltools.gnu-tools-for-stm32.7-2018-q2-update.win32_1.4.0.202007081208/tools/bin/../lib/gcc/arm-none-eabi/7.3.1/../../../../arm-none-eabi/lib/thumb/v7e-m/fpv4-sp/hard\libnosys.a
END GROUP
LOAD c:/st/stm32cubeide_1.1.0/stm32cubeide/plugins/com.st.stm32cube.ide.mcu.externaltools.gnu-tools-for-stm32.7-2018-q2-update.win32_1.4.0.202007081208/tools/bin/../lib/gcc/arm-none-eabi/7.3.1/thumb/v7e-m/fpv4-sp/hard/crtend.o
LOAD c:/st/stm32cubeide_1.1.0/stm32cubeide/plugins/com.st.stm32cube.ide.mcu.externaltools.gnu-tools-for-stm32.7-2018-q2-update.win32_1.4.0.202007081208/tools/bin/../lib/gcc/arm-none-eabi/7.3.1/thumb/v7e-m/fpv4-sp/hard/crtn.o
                0x0000000020030000                _estack = 0x20030000
                0x0000000000000400                _Min_Heap_Size = 0x400
                0x0000000000001000                _Min_Stack_Size = 0x1000

.isr_vector     0x0000000008000000      0x13c
                0x0000000008000000                . = ALIGN (0x4)
 *(.isr_vector)
 .isr_vector    0x0000000008000000      0x13c Application/SW4STM32/startup_stm32wb55xx_cm4.o
                0x0000000008000000                g_pfnVectors
                0x000000000800013c                . = ALIGN (0x4)

.text           0x0000000008000140     0x6e40
                0x0000000008000140                . = ALIGN (0x4)
 *(.text)
 .text          0x0000000008000140       0x40 c:/st/stm32cubeide_1.1.0/stm32cubeide/plugins/com.st.stm32cube.ide.mcu.externaltools.gnu-tools-for-stm32.7-2018-q2-update.win32_1.4.0.202007081208/tools/bin/../lib/gcc/arm-none-eabi/7.3.1/thumb/v7e-m/fpv4-sp/hard/crtbegin.o
 .text          0x0000000008000180       0xa0 c:/st/stm32cubeide_1.1.0/stm32cubeide/plugins/com.st.stm32cube.ide.mcu.externaltools.gnu-tools-for-stm32.7-2018-q2-update.win32_1.4.0.202007081208/tools/bin/../lib/gcc/arm-none-eabi/7.3.1/../../../../arm-none-eabi/lib/thumb/v7e-m/fpv4-sp/hard\libc_nano.a(lib_a-memchr.o)
                0x0000000008000180                memchr
 .text          0x0000000008000220       0x30 c:/st/stm32cubeide_1.1.0/stm32cubeide/plugins/com.st.stm32cube.ide.mcu.externaltools.gnu-tools-for-stm32.7-2018-q2-update.win32_1.4.0.202007081208/tools/bin/../lib/gcc/arm-none-eabi/7.3.1/thumb/v7e-m/fpv4-sp/hard\libgcc.a(_aeabi_uldivmod.o)
                0x0000000008000220                __aeabi_uldivmod
 .text          0x0000000008000250      0x2cc c:/st/stm32cubeide_1.1.0/stm32cubeide/plugins/com.st.stm32cube.ide.mcu.externaltools.gnu-tools-for-stm32.7-2018-q2-update.win32_1.4.0.202007081208/tools/bin/../lib/gcc/arm-none-eabi/7.3.1/thumb/v7e-m/fpv4-sp/hard\libgcc.a(_udivmoddi4.o)
                0x0000000008000250                __udivmoddi4
 .text          0x000000000800051c        0x4 c:/st/stm32cubeide_1.1.0/stm32cubeide/plugins/com.st.stm32cube.ide.mcu.externaltools.gnu-tools-for-stm32.7-2018-q2-update.win32_1.4.0.202007081208/tools/bin/../lib/gcc/arm-none-eabi/7.3.1/thumb/v7e-m/fpv4-sp/hard\libgcc.a(_dvmd_tls.o)
                0x000000000800051c                __aeabi_idiv0
                0x000000000800051c                __aeabi_ldiv0
 *(.text*)
 .text.data_initializers
                0x0000000008000520       0x18 Application/SW4STM32/startup_stm32wb55xx_cm4.o
 .text.Reset_Handler
                0x0000000008000538       0x54 Application/SW4STM32/startup_stm32wb55xx_cm4.o
                0x0000000008000538                Reset_Handler
 .text.Default_Handler
                0x000000000800058c        0x2 Application/SW4STM32/startup_stm32wb55xx_cm4.o
                0x000000000800058c                RTC_Alarm_IRQHandler
                0x000000000800058c                EXTI2_IRQHandler
                0x000000000800058c                TIM1_CC_IRQHandler
                0x000000000800058c                TSC_IRQHandler
                0x000000000800058c                USB_HP_IRQHandler
                0x000000000800058c                EXTI3_IRQHandler
                0x000000000800058c                LPTIM2_IRQHandler
                0x000000000800058c                I2C3_ER_IRQHandler
                0x000000000800058c                FPU_IRQHandler
                0x000000000800058c                TIM1_UP_TIM16_IRQHandler
                0x000000000800058c                AES1_IRQHandler
                0x000000000800058c                SPI1_IRQHandler
                0x000000000800058c                PWR_SOTF_BLEACT_802ACT_RFPHASE_IRQHandler
                0x000000000800058c                DMA2_Channel2_IRQHandler
                0x000000000800058c                ADC1_IRQHandler
                0x000000000800058c                PKA_IRQHandler
                0x000000000800058c                DMA1_Channel7_IRQHandler
                0x000000000800058c                LCD_IRQHandler
                0x000000000800058c                DMA2_Channel1_IRQHandler
                0x000000000800058c                QUADSPI_IRQHandler
                0x000000000800058c                I2C1_EV_IRQHandler
                0x000000000800058c                DMAMUX1_OVR_IRQHandler
                0x000000000800058c                DMA1_Channel6_IRQHandler
                0x000000000800058c                RCC_IRQHandler
                0x000000000800058c                DMA1_Channel1_IRQHandler
                0x000000000800058c                Default_Handler
                0x000000000800058c                DMA2_Channel7_IRQHandler
                0x000000000800058c                EXTI15_10_IRQHandler
                0x000000000800058c                C2SEV_PWR_C2H_IRQHandler
                0x000000000800058c                AES2_IRQHandler
                0x000000000800058c                I2C3_EV_IRQHandler
                0x000000000800058c                EXTI9_5_IRQHandler
                0x000000000800058c                PVD_PVM_IRQHandler
                0x000000000800058c                SPI2_IRQHandler
                0x000000000800058c                DMA2_Channel5_IRQHandler
                0x000000000800058c                CRS_IRQHandler
                0x000000000800058c                DMA1_Channel5_IRQHandler
                0x000000000800058c                USB_LP_IRQHandler
                0x000000000800058c                RNG_IRQHandler
                0x000000000800058c                TIM1_TRG_COM_TIM17_IRQHandler
                0x000000000800058c                TAMP_STAMP_LSECSS_IRQHandler
                0x000000000800058c                DMA1_Channel3_IRQHandler
                0x000000000800058c                COMP_IRQHandler
                0x000000000800058c                HSEM_IRQHandler
                0x000000000800058c                WWDG_IRQHandler
                0x000000000800058c                DMA2_Channel6_IRQHandler
                0x000000000800058c                TIM2_IRQHandler
                0x000000000800058c                TIM1_BRK_IRQHandler
                0x000000000800058c                EXTI1_IRQHandler
                0x000000000800058c                DMA1_Channel2_IRQHandler
                0x000000000800058c                FLASH_IRQHandler
                0x000000000800058c                I2C1_ER_IRQHandler
                0x000000000800058c                LPTIM1_IRQHandler
                0x000000000800058c                SAI1_IRQHandler
                0x000000000800058c                DMA2_Channel3_IRQHandler
 .text._read    0x000000000800058e       0x1c Application/SW4STM32/syscalls.o
                0x000000000800058e                _read
 *fill*         0x00000000080005aa        0x2 
 .text._sbrk    0x00000000080005ac       0x34 Application/SW4STM32/syscalls.o
                0x00000000080005ac                _sbrk
 .text._close   0x00000000080005e0        0x6 Application/SW4STM32/syscalls.o
                0x00000000080005e0                _close
 .text._fstat   0x00000000080005e6        0xa Application/SW4STM32/syscalls.o
                0x00000000080005e6                _fstat
 .text._isatty  0x00000000080005f0        0x4 Application/SW4STM32/syscalls.o
                0x00000000080005f0                _isatty
 .text._lseek   0x00000000080005f4        0x4 Application/SW4STM32/syscalls.o
                0x00000000080005f4                _lseek
 .text.LL_AHB2_GRP1_EnableClock
                0x00000000080005f8       0x18 Application/User/Core/app_debug.o
 .text.LL_C2_AHB2_GRP1_EnableClock
                0x0000000008000610       0x1e Application/User/Core/app_debug.o
 *fill*         0x000000000800062e        0x2 
 .text.APPD_Init
                0x0000000008000630       0xf0 Application/User/Core/app_debug.o
                0x0000000008000630                APPD_Init
 .text.APPD_EnableCPU2
                0x0000000008000720       0x38 Application/User/Core/app_debug.o
                0x0000000008000720                APPD_EnableCPU2
 .text.DbgOutputInit
                0x0000000008000758        0x4 Application/User/Core/app_debug.o
                0x0000000008000758                DbgOutputInit
 .text.DbgOutputTraces
                0x000000000800075c        0xc Application/User/Core/app_debug.o
                0x000000000800075c                DbgOutputTraces
 .text.APPE_SysStatusNot
                0x0000000008000768        0x2 Application/User/Core/app_entry.o
 .text.APPE_SysUserEvtRx
                0x000000000800076a       0x16 Application/User/Core/app_entry.o
 .text.APPE_Init
                0x0000000008000780       0xa8 Application/User/Core/app_entry.o
                0x0000000008000780                APPE_Init
 .text.UTIL_SEQ_Idle
                0x0000000008000828        0x2 Application/User/Core/app_entry.o
                0x0000000008000828                UTIL_SEQ_Idle
 .text.UTIL_SEQ_EvtIdle
                0x000000000800082a        0x8 Application/User/Core/app_entry.o
                0x000000000800082a                UTIL_SEQ_EvtIdle
 .text.shci_notify_asynch_evt
                0x0000000008000832        0x8 Application/User/Core/app_entry.o
                0x0000000008000832                shci_notify_asynch_evt
 .text.shci_cmd_resp_release
                0x000000000800083a        0x6 Application/User/Core/app_entry.o
                0x000000000800083a                shci_cmd_resp_release
 .text.shci_cmd_resp_wait
                0x0000000008000840        0x6 Application/User/Core/app_entry.o
                0x0000000008000840                shci_cmd_resp_wait
 .text.HAL_GPIO_EXTI_Callback
                0x0000000008000846       0x1a Application/User/Core/app_entry.o
                0x0000000008000846                HAL_GPIO_EXTI_Callback
 .text.ReadRtcSsrValue
                0x0000000008000860       0x1c Application/User/Core/hw_timerserver.o
 .text.UnlinkTimer
                0x000000000800087c       0x64 Application/User/Core/hw_timerserver.o
 .text.ReturnTimeElapsed
                0x00000000080008e0       0x40 Application/User/Core/hw_timerserver.o
 .text.RescheduleTimerList
                0x0000000008000920      0x10c Application/User/Core/hw_timerserver.o
 .text.HW_TS_Init
                0x0000000008000a2c      0x110 Application/User/Core/hw_timerserver.o
                0x0000000008000a2c                HW_TS_Init
 .text.HW_TS_Create
                0x0000000008000b3c       0x54 Application/User/Core/hw_timerserver.o
                0x0000000008000b3c                HW_TS_Create
 .text.HW_TS_Stop
                0x0000000008000b90       0xac Application/User/Core/hw_timerserver.o
                0x0000000008000b90                HW_TS_Stop
 .text.HW_TS_Start
                0x0000000008000c3c      0x13c Application/User/Core/hw_timerserver.o
                0x0000000008000c3c                HW_TS_Start
 .text.HW_TS_RTC_Int_AppNot
                0x0000000008000d78        0x2 Application/User/Core/hw_timerserver.o
                0x0000000008000d78                HW_TS_RTC_Int_AppNot
 *fill*         0x0000000008000d7a        0x2 
 .text.HW_TS_RTC_Wakeup_Handler
                0x0000000008000d7c       0xc0 Application/User/Core/hw_timerserver.o
                0x0000000008000d7c                HW_TS_RTC_Wakeup_Handler
 .text.HW_UART_Transmit_DMA
                0x0000000008000e3c       0x4c Application/User/Core/hw_uart.o
                0x0000000008000e3c                HW_UART_Transmit_DMA
 .text.HAL_UART_TxCpltCallback
                0x0000000008000e88       0x2c Application/User/Core/hw_uart.o
                0x0000000008000e88                HAL_UART_TxCpltCallback
 .text.LL_AHB1_GRP1_EnableClock
                0x0000000008000eb4       0x18 Application/User/Core/main.o
 .text.LL_AHB2_GRP1_EnableClock
                0x0000000008000ecc       0x18 Application/User/Core/main.o
 .text.SystemClock_Config
                0x0000000008000ee4       0xb0 Application/User/Core/main.o
                0x0000000008000ee4                SystemClock_Config
 .text.startup.main
                0x0000000008000f94      0x1a8 Application/User/Core/main.o
                0x0000000008000f94                main
 .text.MX_USART1_UART_Init
                0x000000000800113c       0x50 Application/User/Core/main.o
                0x000000000800113c                MX_USART1_UART_Init
 .text.HAL_Delay
                0x000000000800118c       0x34 Application/User/Core/main.o
                0x000000000800118c                HAL_Delay
 .text.Error_Handler
                0x00000000080011c0        0x2 Application/User/Core/main.o
                0x00000000080011c0                Error_Handler
 .text.LL_AHB2_GRP1_EnableClock
                0x00000000080011c2       0x18 Application/User/Core/stm32wbxx_hal_msp.o
 .text.HAL_MspInit
                0x00000000080011da       0x1c Application/User/Core/stm32wbxx_hal_msp.o
                0x00000000080011da                HAL_MspInit
 *fill*         0x00000000080011f6        0x2 
 .text.HAL_UART_MspInit
                0x00000000080011f8      0x180 Application/User/Core/stm32wbxx_hal_msp.o
                0x00000000080011f8                HAL_UART_MspInit
 .text.HAL_RTC_MspInit
                0x0000000008001378       0x5c Application/User/Core/stm32wbxx_hal_msp.o
                0x0000000008001378                HAL_RTC_MspInit
 .text.NMI_Handler
                0x00000000080013d4        0x2 Application/User/Core/stm32wbxx_it.o
                0x00000000080013d4                NMI_Handler
 .text.HardFault_Handler
                0x00000000080013d6        0x2 Application/User/Core/stm32wbxx_it.o
                0x00000000080013d6                HardFault_Handler
 .text.MemManage_Handler
                0x00000000080013d8        0x2 Application/User/Core/stm32wbxx_it.o
                0x00000000080013d8                MemManage_Handler
 .text.BusFault_Handler
                0x00000000080013da        0x2 Application/User/Core/stm32wbxx_it.o
                0x00000000080013da                BusFault_Handler
 .text.UsageFault_Handler
                0x00000000080013dc        0x2 Application/User/Core/stm32wbxx_it.o
                0x00000000080013dc                UsageFault_Handler
 .text.SVC_Handler
                0x00000000080013de        0x2 Application/User/Core/stm32wbxx_it.o
                0x00000000080013de                SVC_Handler
 .text.DebugMon_Handler
                0x00000000080013e0        0x2 Application/User/Core/stm32wbxx_it.o
                0x00000000080013e0                DebugMon_Handler
 .text.PendSV_Handler
                0x00000000080013e2        0x2 Application/User/Core/stm32wbxx_it.o
                0x00000000080013e2                PendSV_Handler
 .text.SysTick_Handler
                0x00000000080013e4        0x4 Application/User/Core/stm32wbxx_it.o
                0x00000000080013e4                SysTick_Handler
 .text.DMA1_Channel4_IRQHandler
                0x00000000080013e8        0xc Application/User/Core/stm32wbxx_it.o
                0x00000000080013e8                DMA1_Channel4_IRQHandler
 .text.USART1_IRQHandler
                0x00000000080013f4        0xc Application/User/Core/stm32wbxx_it.o
                0x00000000080013f4                USART1_IRQHandler
 .text.LPUART1_IRQHandler
                0x0000000008001400        0xc Application/User/Core/stm32wbxx_it.o
                0x0000000008001400                LPUART1_IRQHandler
 .text.DMA2_Channel4_IRQHandler
                0x000000000800140c        0xc Application/User/Core/stm32wbxx_it.o
                0x000000000800140c                DMA2_Channel4_IRQHandler
 .text.EXTI4_IRQHandler
                0x0000000008001418        0x6 Application/User/Core/stm32wbxx_it.o
                0x0000000008001418                EXTI4_IRQHandler
 .text.EXTI0_IRQHandler
                0x000000000800141e        0x6 Application/User/Core/stm32wbxx_it.o
                0x000000000800141e                EXTI0_IRQHandler
 .text.RTC_WKUP_IRQHandler
                0x0000000008001424        0x4 Application/User/Core/stm32wbxx_it.o
                0x0000000008001424                RTC_WKUP_IRQHandler
 .text.IPCC_C1_TX_IRQHandler
                0x0000000008001428        0x4 Application/User/Core/stm32wbxx_it.o
                0x0000000008001428                IPCC_C1_TX_IRQHandler
 .text.IPCC_C1_RX_IRQHandler
                0x000000000800142c        0x4 Application/User/Core/stm32wbxx_it.o
                0x000000000800142c                IPCC_C1_RX_IRQHandler
 .text.Switch_OFF_GPIO
                0x0000000008001430        0x6 Application/User/STM32_WPAN/App/app_ble.o
 .text.Adv_Cancel_Req
                0x0000000008001436        0x8 Application/User/STM32_WPAN/App/app_ble.o
 .text.BLE_UserEvtRx
                0x000000000800143e       0x18 Application/User/STM32_WPAN/App/app_ble.o
 .text.BLE_StatusNot
                0x0000000008001456       0x14 Application/User/STM32_WPAN/App/app_ble.o
 *fill*         0x000000000800146a        0x2 
 .text.Connection_Interval_Update_Req
                0x000000000800146c       0x80 Application/User/STM32_WPAN/App/app_ble.o
 .text.Adv_Cancel
                0x00000000080014ec       0x44 Application/User/STM32_WPAN/App/app_ble.o
 .text.Adv_Request.constprop.2
                0x0000000008001530       0x98 Application/User/STM32_WPAN/App/app_ble.o
 .text.APP_BLE_Init
                0x00000000080015c8      0x240 Application/User/STM32_WPAN/App/app_ble.o
                0x00000000080015c8                APP_BLE_Init
 .text.SVCCTL_App_Notification
                0x0000000008001808      0x230 Application/User/STM32_WPAN/App/app_ble.o
                0x0000000008001808                SVCCTL_App_Notification
 .text.APP_BLE_Key_Button1_Action
                0x0000000008001a38        0x4 Application/User/STM32_WPAN/App/app_ble.o
                0x0000000008001a38                APP_BLE_Key_Button1_Action
 .text.APP_BLE_Key_Button2_Action
                0x0000000008001a3c        0x8 Application/User/STM32_WPAN/App/app_ble.o
                0x0000000008001a3c                APP_BLE_Key_Button2_Action
 .text.APP_BLE_Key_Button3_Action
                0x0000000008001a44        0x2 Application/User/STM32_WPAN/App/app_ble.o
                0x0000000008001a44                APP_BLE_Key_Button3_Action
 .text.hci_notify_asynch_evt
                0x0000000008001a46        0x8 Application/User/STM32_WPAN/App/app_ble.o
                0x0000000008001a46                hci_notify_asynch_evt
 .text.hci_cmd_resp_release
                0x0000000008001a4e        0x6 Application/User/STM32_WPAN/App/app_ble.o
                0x0000000008001a4e                hci_cmd_resp_release
 .text.hci_cmd_resp_wait
                0x0000000008001a54        0x6 Application/User/STM32_WPAN/App/app_ble.o
                0x0000000008001a54                hci_cmd_resp_wait
 *fill*         0x0000000008001a5a        0x2 
 .text.P2PS_APP_LED_BUTTON_context_Init
                0x0000000008001a5c       0x28 Application/User/STM32_WPAN/App/p2p_server_app.o
 .text.P2PS_Send_Notification
                0x0000000008001a84       0x80 Application/User/STM32_WPAN/App/p2p_server_app.o
 .text.P2PS_STM_App_Notification
                0x0000000008001b04      0x15c Application/User/STM32_WPAN/App/p2p_server_app.o
                0x0000000008001b04                P2PS_STM_App_Notification
 .text.P2PS_APP_Notification
                0x0000000008001c60        0xc Application/User/STM32_WPAN/App/p2p_server_app.o
                0x0000000008001c60                P2PS_APP_Notification
 .text.P2PS_APP_Init
                0x0000000008001c6c       0x24 Application/User/STM32_WPAN/App/p2p_server_app.o
                0x0000000008001c6c                P2PS_APP_Init
 .text.P2PS_APP_SW1_Button_Action
                0x0000000008001c90        0x8 Application/User/STM32_WPAN/App/p2p_server_app.o
                0x0000000008001c90                P2PS_APP_SW1_Button_Action
 .text.HW_IPCC_Enable
                0x0000000008001c98       0x30 Application/User/STM32_WPAN/Target/hw_ipcc.o
                0x0000000008001c98                HW_IPCC_Enable
 .text.HW_IPCC_Init
                0x0000000008001cc8       0x40 Application/User/STM32_WPAN/Target/hw_ipcc.o
                0x0000000008001cc8                HW_IPCC_Init
 .text.HW_IPCC_BLE_Init
                0x0000000008001d08       0x10 Application/User/STM32_WPAN/Target/hw_ipcc.o
                0x0000000008001d08                HW_IPCC_BLE_Init
 .text.HW_IPCC_BLE_SendCmd
                0x0000000008001d18       0x10 Application/User/STM32_WPAN/Target/hw_ipcc.o
                0x0000000008001d18                HW_IPCC_BLE_SendCmd
 .text.HW_IPCC_SYS_Init
                0x0000000008001d28       0x10 Application/User/STM32_WPAN/Target/hw_ipcc.o
                0x0000000008001d28                HW_IPCC_SYS_Init
 .text.HW_IPCC_SYS_SendCmd
                0x0000000008001d38       0x18 Application/User/STM32_WPAN/Target/hw_ipcc.o
                0x0000000008001d38                HW_IPCC_SYS_SendCmd
 .text.HW_IPCC_Tx_Handler
                0x0000000008001d50       0x84 Application/User/STM32_WPAN/Target/hw_ipcc.o
                0x0000000008001d50                HW_IPCC_Tx_Handler
 .text.HW_IPCC_MM_SendFreeBuf
                0x0000000008001dd4       0x2c Application/User/STM32_WPAN/Target/hw_ipcc.o
                0x0000000008001dd4                HW_IPCC_MM_SendFreeBuf
 .text.HW_IPCC_TRACES_Init
                0x0000000008001e00       0x10 Application/User/STM32_WPAN/Target/hw_ipcc.o
                0x0000000008001e00                HW_IPCC_TRACES_Init
 .text.HW_IPCC_Rx_Handler
                0x0000000008001e10       0x50 Application/User/STM32_WPAN/Target/hw_ipcc.o
                0x0000000008001e10                HW_IPCC_Rx_Handler
 .text.LL_AHB2_GRP1_EnableClock
                0x0000000008001e60       0x18 Drivers/BSP/P-NUCLEO-WB55.Nucleo/stm32wbxx_nucleo.o
 .text.BSP_LED_Init
                0x0000000008001e78       0x50 Drivers/BSP/P-NUCLEO-WB55.Nucleo/stm32wbxx_nucleo.o
                0x0000000008001e78                BSP_LED_Init
 .text.BSP_LED_On
                0x0000000008001ec8       0x1c Drivers/BSP/P-NUCLEO-WB55.Nucleo/stm32wbxx_nucleo.o
                0x0000000008001ec8                BSP_LED_On
 .text.BSP_LED_Off
                0x0000000008001ee4       0x1c Drivers/BSP/P-NUCLEO-WB55.Nucleo/stm32wbxx_nucleo.o
                0x0000000008001ee4                BSP_LED_Off
 .text.BSP_PB_Init
                0x0000000008001f00       0x98 Drivers/BSP/P-NUCLEO-WB55.Nucleo/stm32wbxx_nucleo.o
                0x0000000008001f00                BSP_PB_Init
 .text.SystemInit
                0x0000000008001f98       0x68 Drivers/CMSIS/system_stm32wbxx.o
                0x0000000008001f98                SystemInit
 .text.SystemCoreClockUpdate
                0x0000000008002000       0x9c Drivers/CMSIS/system_stm32wbxx.o
                0x0000000008002000                SystemCoreClockUpdate
 .text.HAL_InitTick
                0x000000000800209c       0x44 Drivers/STM32WBxx_HAL_Driver/stm32wbxx_hal.o
                0x000000000800209c                HAL_InitTick
 .text.HAL_Init
                0x00000000080020e0       0x2c Drivers/STM32WBxx_HAL_Driver/stm32wbxx_hal.o
                0x00000000080020e0                HAL_Init
 .text.HAL_IncTick
                0x000000000800210c       0x18 Drivers/STM32WBxx_HAL_Driver/stm32wbxx_hal.o
                0x000000000800210c                HAL_IncTick
 .text.HAL_GetTick
                0x0000000008002124        0xc Drivers/STM32WBxx_HAL_Driver/stm32wbxx_hal.o
                0x0000000008002124                HAL_GetTick
 .text.HAL_GetTickPrio
                0x0000000008002130        0xc Drivers/STM32WBxx_HAL_Driver/stm32wbxx_hal.o
                0x0000000008002130                HAL_GetTickPrio
 .text.HAL_GetTickFreq
                0x000000000800213c        0xc Drivers/STM32WBxx_HAL_Driver/stm32wbxx_hal.o
                0x000000000800213c                HAL_GetTickFreq
 .text.HAL_DBGMCU_EnableDBGSleepMode
                0x0000000008002148       0x10 Drivers/STM32WBxx_HAL_Driver/stm32wbxx_hal.o
                0x0000000008002148                HAL_DBGMCU_EnableDBGSleepMode
 .text.HAL_DBGMCU_EnableDBGStopMode
                0x0000000008002158       0x10 Drivers/STM32WBxx_HAL_Driver/stm32wbxx_hal.o
                0x0000000008002158                HAL_DBGMCU_EnableDBGStopMode
 .text.HAL_NVIC_SetPriorityGrouping
                0x0000000008002168       0x24 Drivers/STM32WBxx_HAL_Driver/stm32wbxx_hal_cortex.o
                0x0000000008002168                HAL_NVIC_SetPriorityGrouping
 .text.HAL_NVIC_SetPriority
                0x000000000800218c       0x68 Drivers/STM32WBxx_HAL_Driver/stm32wbxx_hal_cortex.o
                0x000000000800218c                HAL_NVIC_SetPriority
 .text.HAL_NVIC_EnableIRQ
                0x00000000080021f4       0x1c Drivers/STM32WBxx_HAL_Driver/stm32wbxx_hal_cortex.o
                0x00000000080021f4                HAL_NVIC_EnableIRQ
 .text.HAL_NVIC_DisableIRQ
                0x0000000008002210       0x28 Drivers/STM32WBxx_HAL_Driver/stm32wbxx_hal_cortex.o
                0x0000000008002210                HAL_NVIC_DisableIRQ
 .text.HAL_SYSTICK_Config
                0x0000000008002238       0x2c Drivers/STM32WBxx_HAL_Driver/stm32wbxx_hal_cortex.o
                0x0000000008002238                HAL_SYSTICK_Config
 .text.HAL_NVIC_SetPendingIRQ
                0x0000000008002264       0x20 Drivers/STM32WBxx_HAL_Driver/stm32wbxx_hal_cortex.o
                0x0000000008002264                HAL_NVIC_SetPendingIRQ
 .text.HAL_NVIC_ClearPendingIRQ
                0x0000000008002284       0x20 Drivers/STM32WBxx_HAL_Driver/stm32wbxx_hal_cortex.o
                0x0000000008002284                HAL_NVIC_ClearPendingIRQ
 .text.DMA_SetConfig
                0x00000000080022a4       0x34 Drivers/STM32WBxx_HAL_Driver/stm32wbxx_hal_dma.o
 .text.DMA_CalcDMAMUXChannelBaseAndMask
                0x00000000080022d8       0x50 Drivers/STM32WBxx_HAL_Driver/stm32wbxx_hal_dma.o
 .text.HAL_DMA_Init
                0x0000000008002328       0xe0 Drivers/STM32WBxx_HAL_Driver/stm32wbxx_hal_dma.o
                0x0000000008002328                HAL_DMA_Init
 .text.HAL_DMA_Start_IT
                0x0000000008002408       0x84 Drivers/STM32WBxx_HAL_Driver/stm32wbxx_hal_dma.o
                0x0000000008002408                HAL_DMA_Start_IT
 .text.HAL_DMA_Abort_IT
                0x000000000800248c       0x6e Drivers/STM32WBxx_HAL_Driver/stm32wbxx_hal_dma.o
                0x000000000800248c                HAL_DMA_Abort_IT
 .text.HAL_DMA_IRQHandler
                0x00000000080024fa       0x94 Drivers/STM32WBxx_HAL_Driver/stm32wbxx_hal_dma.o
                0x00000000080024fa                HAL_DMA_IRQHandler
 *fill*         0x000000000800258e        0x2 
 .text.HAL_DMAEx_ConfigMuxSync
                0x0000000008002590       0x50 Drivers/STM32WBxx_HAL_Driver/stm32wbxx_hal_dma_ex.o
                0x0000000008002590                HAL_DMAEx_ConfigMuxSync
 .text.HAL_GPIO_Init
                0x00000000080025e0      0x16c Drivers/STM32WBxx_HAL_Driver/stm32wbxx_hal_gpio.o
                0x00000000080025e0                HAL_GPIO_Init
 .text.HAL_GPIO_WritePin
                0x000000000800274c        0xa Drivers/STM32WBxx_HAL_Driver/stm32wbxx_hal_gpio.o
                0x000000000800274c                HAL_GPIO_WritePin
 *fill*         0x0000000008002756        0x2 
 .text.HAL_GPIO_EXTI_IRQHandler
                0x0000000008002758       0x18 Drivers/STM32WBxx_HAL_Driver/stm32wbxx_hal_gpio.o
                0x0000000008002758                HAL_GPIO_EXTI_IRQHandler
 .text.HAL_PWR_EnableBkUpAccess
                0x0000000008002770       0x10 Drivers/STM32WBxx_HAL_Driver/stm32wbxx_hal_pwr.o
                0x0000000008002770                HAL_PWR_EnableBkUpAccess
 .text.HAL_PWREx_GetVoltageRange
                0x0000000008002780       0x10 Drivers/STM32WBxx_HAL_Driver/stm32wbxx_hal_pwr_ex.o
                0x0000000008002780                HAL_PWREx_GetVoltageRange
 .text.LL_RCC_HSE_IsReady
                0x0000000008002790        0xc Drivers/STM32WBxx_HAL_Driver/stm32wbxx_hal_rcc.o
 .text.LL_RCC_HSI_IsReady
                0x000000000800279c        0xc Drivers/STM32WBxx_HAL_Driver/stm32wbxx_hal_rcc.o
 .text.LL_RCC_LSI1_IsReady
                0x00000000080027a8        0xe Drivers/STM32WBxx_HAL_Driver/stm32wbxx_hal_rcc.o
 .text.LL_RCC_MSI_IsReady
                0x00000000080027b6        0xc Drivers/STM32WBxx_HAL_Driver/stm32wbxx_hal_rcc.o
 .text.LL_RCC_MSI_SetRange
                0x00000000080027c2       0x10 Drivers/STM32WBxx_HAL_Driver/stm32wbxx_hal_rcc.o
 .text.LL_RCC_MSI_GetRange
                0x00000000080027d2       0x12 Drivers/STM32WBxx_HAL_Driver/stm32wbxx_hal_rcc.o
 .text.LL_RCC_MSI_SetCalibTrimming
                0x00000000080027e4       0x12 Drivers/STM32WBxx_HAL_Driver/stm32wbxx_hal_rcc.o
 *fill*         0x00000000080027f6        0x2 
 .text.RCC_SetFlashLatencyFromMSIRange
                0x00000000080027f8       0xd0 Drivers/STM32WBxx_HAL_Driver/stm32wbxx_hal_rcc.o
 .text.HAL_RCC_OscConfig
                0x00000000080028c8      0x5b0 Drivers/STM32WBxx_HAL_Driver/stm32wbxx_hal_rcc.o
                0x00000000080028c8                HAL_RCC_OscConfig
 .text.HAL_RCC_ClockConfig
                0x0000000008002e78      0x1e8 Drivers/STM32WBxx_HAL_Driver/stm32wbxx_hal_rcc.o
                0x0000000008002e78                HAL_RCC_ClockConfig
 .text.HAL_RCC_GetSysClockFreq
                0x0000000008003060       0x9c Drivers/STM32WBxx_HAL_Driver/stm32wbxx_hal_rcc.o
                0x0000000008003060                HAL_RCC_GetSysClockFreq
 .text.HAL_RCC_GetHCLKFreq
                0x00000000080030fc       0x20 Drivers/STM32WBxx_HAL_Driver/stm32wbxx_hal_rcc.o
                0x00000000080030fc                HAL_RCC_GetHCLKFreq
 .text.HAL_RCC_GetPCLK1Freq
                0x000000000800311c       0x24 Drivers/STM32WBxx_HAL_Driver/stm32wbxx_hal_rcc.o
                0x000000000800311c                HAL_RCC_GetPCLK1Freq
 .text.HAL_RCC_GetPCLK2Freq
                0x0000000008003140       0x24 Drivers/STM32WBxx_HAL_Driver/stm32wbxx_hal_rcc.o
                0x0000000008003140                HAL_RCC_GetPCLK2Freq
 .text.LL_RCC_LSE_IsReady
                0x0000000008003164        0xe Drivers/STM32WBxx_HAL_Driver/stm32wbxx_hal_rcc_ex.o
 .text.LL_RCC_SetI2CClockSource
                0x0000000008003172       0x20 Drivers/STM32WBxx_HAL_Driver/stm32wbxx_hal_rcc_ex.o
 .text.LL_RCC_PLLSAI1_Enable
                0x0000000008003192        0xe Drivers/STM32WBxx_HAL_Driver/stm32wbxx_hal_rcc_ex.o
 .text.LL_RCC_PLLSAI1_Disable
                0x00000000080031a0        0xe Drivers/STM32WBxx_HAL_Driver/stm32wbxx_hal_rcc_ex.o
 .text.LL_RCC_PLLSAI1_IsReady
                0x00000000080031ae        0xc Drivers/STM32WBxx_HAL_Driver/stm32wbxx_hal_rcc_ex.o
 .text.HAL_RCCEx_PeriphCLKConfig
                0x00000000080031ba      0x386 Drivers/STM32WBxx_HAL_Driver/stm32wbxx_hal_rcc_ex.o
                0x00000000080031ba                HAL_RCCEx_PeriphCLKConfig
 .text.HAL_RTC_WaitForSynchro
                0x0000000008003540       0x30 Drivers/STM32WBxx_HAL_Driver/stm32wbxx_hal_rtc.o
                0x0000000008003540                HAL_RTC_WaitForSynchro
 .text.RTC_EnterInitMode
                0x0000000008003570       0x34 Drivers/STM32WBxx_HAL_Driver/stm32wbxx_hal_rtc.o
                0x0000000008003570                RTC_EnterInitMode
 .text.HAL_RTC_Init
                0x00000000080035a4       0xb8 Drivers/STM32WBxx_HAL_Driver/stm32wbxx_hal_rtc.o
                0x00000000080035a4                HAL_RTC_Init
 .text.RTC_ByteToBcd2
                0x000000000800365c       0x16 Drivers/STM32WBxx_HAL_Driver/stm32wbxx_hal_rtc.o
                0x000000000800365c                RTC_ByteToBcd2
 .text.HAL_RTC_SetTime
                0x0000000008003672       0xf4 Drivers/STM32WBxx_HAL_Driver/stm32wbxx_hal_rtc.o
                0x0000000008003672                HAL_RTC_SetTime
 .text.HAL_RTC_SetDate
                0x0000000008003766       0xcc Drivers/STM32WBxx_HAL_Driver/stm32wbxx_hal_rtc.o
                0x0000000008003766                HAL_RTC_SetDate
 .text.RTC_Bcd2ToByte
                0x0000000008003832       0x12 Drivers/STM32WBxx_HAL_Driver/stm32wbxx_hal_rtc.o
                0x0000000008003832                RTC_Bcd2ToByte
 .text.HAL_RTC_GetTime
                0x0000000008003844       0x4e Drivers/STM32WBxx_HAL_Driver/stm32wbxx_hal_rtc.o
                0x0000000008003844                HAL_RTC_GetTime
 .text.HAL_RTC_GetDate
                0x0000000008003892       0x3e Drivers/STM32WBxx_HAL_Driver/stm32wbxx_hal_rtc.o
                0x0000000008003892                HAL_RTC_GetDate
 .text.HAL_RTCEx_EnableBypassShadow
                0x00000000080038d0       0x36 Drivers/STM32WBxx_HAL_Driver/stm32wbxx_hal_rtc_ex.o
                0x00000000080038d0                HAL_RTCEx_EnableBypassShadow
 .text.HAL_TIM_Base_MspInit
                0x0000000008003906        0x2 Drivers/STM32WBxx_HAL_Driver/stm32wbxx_hal_tim.o
                0x0000000008003906                HAL_TIM_Base_MspInit
 .text.HAL_TIM_Base_Start_IT
                0x0000000008003908       0x2c Drivers/STM32WBxx_HAL_Driver/stm32wbxx_hal_tim.o
                0x0000000008003908                HAL_TIM_Base_Start_IT
 .text.TIM_Base_SetConfig
                0x0000000008003934       0x74 Drivers/STM32WBxx_HAL_Driver/stm32wbxx_hal_tim.o
                0x0000000008003934                TIM_Base_SetConfig
 .text.HAL_TIM_Base_Init
                0x00000000080039a8       0x34 Drivers/STM32WBxx_HAL_Driver/stm32wbxx_hal_tim.o
                0x00000000080039a8                HAL_TIM_Base_Init
 .text.TIM_ETR_SetConfig
                0x00000000080039dc       0x14 Drivers/STM32WBxx_HAL_Driver/stm32wbxx_hal_tim.o
                0x00000000080039dc                TIM_ETR_SetConfig
 .text.HAL_TIM_ConfigClockSource
                0x00000000080039f0      0x138 Drivers/STM32WBxx_HAL_Driver/stm32wbxx_hal_tim.o
                0x00000000080039f0                HAL_TIM_ConfigClockSource
 .text.UART_EndRxTransfer
                0x0000000008003b28       0x22 Drivers/STM32WBxx_HAL_Driver/stm32wbxx_hal_uart.o
 *fill*         0x0000000008003b4a        0x2 
 .text.HAL_UART_Transmit_DMA
                0x0000000008003b4c       0x94 Drivers/STM32WBxx_HAL_Driver/stm32wbxx_hal_uart.o
                0x0000000008003b4c                HAL_UART_Transmit_DMA
 .text.UART_DMATransmitCplt
                0x0000000008003be0       0x2e Drivers/STM32WBxx_HAL_Driver/stm32wbxx_hal_uart.o
 .text.HAL_UART_TxHalfCpltCallback
                0x0000000008003c0e        0x2 Drivers/STM32WBxx_HAL_Driver/stm32wbxx_hal_uart.o
                0x0000000008003c0e                HAL_UART_TxHalfCpltCallback
 .text.UART_DMATxHalfCplt
                0x0000000008003c10        0xa Drivers/STM32WBxx_HAL_Driver/stm32wbxx_hal_uart.o
 .text.HAL_UART_ErrorCallback
                0x0000000008003c1a        0x2 Drivers/STM32WBxx_HAL_Driver/stm32wbxx_hal_uart.o
                0x0000000008003c1a                HAL_UART_ErrorCallback
 .text.UART_DMAError
                0x0000000008003c1c       0x5e Drivers/STM32WBxx_HAL_Driver/stm32wbxx_hal_uart.o
 *fill*         0x0000000008003c7a        0x2 
 .text.HAL_UART_IRQHandler
                0x0000000008003c7c      0x19c Drivers/STM32WBxx_HAL_Driver/stm32wbxx_hal_uart.o
                0x0000000008003c7c                HAL_UART_IRQHandler
 .text.UART_DMAAbortOnError
                0x0000000008003e18       0x14 Drivers/STM32WBxx_HAL_Driver/stm32wbxx_hal_uart.o
 *fill*         0x0000000008003e2c        0x4 
 .text.UART_SetConfig
                0x0000000008003e30      0x8b4 Drivers/STM32WBxx_HAL_Driver/stm32wbxx_hal_uart.o
                0x0000000008003e30                UART_SetConfig
 .text.UART_AdvFeatureConfig
                0x00000000080046e4       0xa8 Drivers/STM32WBxx_HAL_Driver/stm32wbxx_hal_uart.o
                0x00000000080046e4                UART_AdvFeatureConfig
 .text.UART_WaitOnFlagUntilTimeout
                0x000000000800478c       0x8e Drivers/STM32WBxx_HAL_Driver/stm32wbxx_hal_uart.o
                0x000000000800478c                UART_WaitOnFlagUntilTimeout
 .text.UART_CheckIdleState
                0x000000000800481a       0x66 Drivers/STM32WBxx_HAL_Driver/stm32wbxx_hal_uart.o
                0x000000000800481a                UART_CheckIdleState
 .text.HAL_UART_Init
                0x0000000008004880       0x60 Drivers/STM32WBxx_HAL_Driver/stm32wbxx_hal_uart.o
                0x0000000008004880                HAL_UART_Init
 .text.UARTEx_SetNbDataToProcess
                0x00000000080048e0       0x6c Drivers/STM32WBxx_HAL_Driver/stm32wbxx_hal_uart_ex.o
 .text.HAL_UARTEx_WakeupCallback
                0x000000000800494c        0x2 Drivers/STM32WBxx_HAL_Driver/stm32wbxx_hal_uart_ex.o
                0x000000000800494c                HAL_UARTEx_WakeupCallback
 .text.HAL_UARTEx_RxFifoFullCallback
                0x000000000800494e        0x2 Drivers/STM32WBxx_HAL_Driver/stm32wbxx_hal_uart_ex.o
                0x000000000800494e                HAL_UARTEx_RxFifoFullCallback
 .text.HAL_UARTEx_TxFifoEmptyCallback
                0x0000000008004950        0x2 Drivers/STM32WBxx_HAL_Driver/stm32wbxx_hal_uart_ex.o
                0x0000000008004950                HAL_UARTEx_TxFifoEmptyCallback
 .text.HAL_UARTEx_DisableFifoMode
                0x0000000008004952       0x36 Drivers/STM32WBxx_HAL_Driver/stm32wbxx_hal_uart_ex.o
                0x0000000008004952                HAL_UARTEx_DisableFifoMode
 .text.HAL_UARTEx_SetTxFifoThreshold
                0x0000000008004988       0x48 Drivers/STM32WBxx_HAL_Driver/stm32wbxx_hal_uart_ex.o
                0x0000000008004988                HAL_UARTEx_SetTxFifoThreshold
 .text.HAL_UARTEx_SetRxFifoThreshold
                0x00000000080049d0       0x48 Drivers/STM32WBxx_HAL_Driver/stm32wbxx_hal_uart_ex.o
                0x00000000080049d0                HAL_UARTEx_SetRxFifoThreshold
 .text.aci_gap_set_non_discoverable
                0x0000000008004a18       0x3c Middlewares/STM32_WPAN/ble_gap_aci.o
                0x0000000008004a18                aci_gap_set_non_discoverable
 .text.aci_gap_set_discoverable
                0x0000000008004a54       0xb8 Middlewares/STM32_WPAN/ble_gap_aci.o
                0x0000000008004a54                aci_gap_set_discoverable
 .text.aci_gap_set_io_capability
                0x0000000008004b0c       0x44 Middlewares/STM32_WPAN/ble_gap_aci.o
                0x0000000008004b0c                aci_gap_set_io_capability
 .text.aci_gap_set_authentication_requirement
                0x0000000008004b50       0x78 Middlewares/STM32_WPAN/ble_gap_aci.o
                0x0000000008004b50                aci_gap_set_authentication_requirement
 .text.aci_gap_init
                0x0000000008004bc8       0x84 Middlewares/STM32_WPAN/ble_gap_aci.o
                0x0000000008004bc8                aci_gap_init
 .text.aci_gap_update_adv_data
                0x0000000008004c4c       0x54 Middlewares/STM32_WPAN/ble_gap_aci.o
                0x0000000008004c4c                aci_gap_update_adv_data
 .text.aci_gap_configure_whitelist
                0x0000000008004ca0       0x3c Middlewares/STM32_WPAN/ble_gap_aci.o
                0x0000000008004ca0                aci_gap_configure_whitelist
 .text.aci_gap_allow_rebond
                0x0000000008004cdc       0x48 Middlewares/STM32_WPAN/ble_gap_aci.o
                0x0000000008004cdc                aci_gap_allow_rebond
 .text.aci_gap_numeric_comparison_value_confirm_yesno
                0x0000000008004d24       0x4c Middlewares/STM32_WPAN/ble_gap_aci.o
                0x0000000008004d24                aci_gap_numeric_comparison_value_confirm_yesno
 .text.aci_gatt_init
                0x0000000008004d70       0x3c Middlewares/STM32_WPAN/ble_gatt_aci.o
                0x0000000008004d70                aci_gatt_init
 .text.aci_gatt_add_service
                0x0000000008004dac       0x9c Middlewares/STM32_WPAN/ble_gatt_aci.o
                0x0000000008004dac                aci_gatt_add_service
 .text.aci_gatt_add_char
                0x0000000008004e48       0xb4 Middlewares/STM32_WPAN/ble_gatt_aci.o
                0x0000000008004e48                aci_gatt_add_char
 .text.aci_gatt_update_char_value
                0x0000000008004efc       0x60 Middlewares/STM32_WPAN/ble_gatt_aci.o
                0x0000000008004efc                aci_gatt_update_char_value
 .text.aci_hal_write_config_data
                0x0000000008004f5c       0x58 Middlewares/STM32_WPAN/ble_hal_aci.o
                0x0000000008004f5c                aci_hal_write_config_data
 .text.aci_hal_set_tx_power_level
                0x0000000008004fb4       0x4c Middlewares/STM32_WPAN/ble_hal_aci.o
                0x0000000008004fb4                aci_hal_set_tx_power_level
 .text.aci_hal_set_radio_activity_mask
                0x0000000008005000       0x48 Middlewares/STM32_WPAN/ble_hal_aci.o
                0x0000000008005000                aci_hal_set_radio_activity_mask
 .text.hci_reset
                0x0000000008005048       0x3a Middlewares/STM32_WPAN/ble_hci_le.o
                0x0000000008005048                hci_reset
 *fill*         0x0000000008005082        0x2 
 .text.hci_le_read_phy
                0x0000000008005084       0x60 Middlewares/STM32_WPAN/ble_hci_le.o
                0x0000000008005084                hci_le_read_phy
 .text.hci_le_set_default_phy
                0x00000000080050e4       0x50 Middlewares/STM32_WPAN/ble_hci_le.o
                0x00000000080050e4                hci_le_set_default_phy
 .text.aci_l2cap_connection_parameter_update_req
                0x0000000008005134       0x60 Middlewares/STM32_WPAN/ble_l2cap_aci.o
                0x0000000008005134                aci_l2cap_connection_parameter_update_req
 .text.DbgTrace_TxCpltCallback
                0x0000000008005194       0x48 Middlewares/STM32_WPAN/dbg_trace.o
 .text.DbgTraceInit
                0x00000000080051dc       0x28 Middlewares/STM32_WPAN/dbg_trace.o
                0x00000000080051dc                DbgTraceInit
 .text.DbgTraceWrite
                0x0000000008005204       0x5c Middlewares/STM32_WPAN/dbg_trace.o
                0x0000000008005204                DbgTraceWrite
 .text._write   0x0000000008005260        0x4 Middlewares/STM32_WPAN/dbg_trace.o
                0x0000000008005260                _write
 .text.hci_init
                0x0000000008005264       0x4c Middlewares/STM32_WPAN/hci_tl.o
                0x0000000008005264                hci_init
 .text.hci_user_evt_proc
                0x00000000080052b0       0x68 Middlewares/STM32_WPAN/hci_tl.o
                0x00000000080052b0                hci_user_evt_proc
 .text.hci_send_req
                0x0000000008005318       0xc4 Middlewares/STM32_WPAN/hci_tl.o
                0x0000000008005318                hci_send_req
 .text.TlEvtReceived
                0x00000000080053dc       0x34 Middlewares/STM32_WPAN/hci_tl.o
 .text.hci_register_io_bus
                0x0000000008005410       0x14 Middlewares/STM32_WPAN/hci_tl_if.o
                0x0000000008005410                hci_register_io_bus
 .text.Osal_MemCpy
                0x0000000008005424        0x4 Middlewares/STM32_WPAN/osal.o
                0x0000000008005424                Osal_MemCpy
 .text.Osal_MemSet
                0x0000000008005428        0x4 Middlewares/STM32_WPAN/osal.o
                0x0000000008005428                Osal_MemSet
 .text.OTP_Read
                0x000000000800542c       0x20 Middlewares/STM32_WPAN/otp.o
                0x000000000800542c                OTP_Read
 .text.PeerToPeer_Event_Handler
                0x000000000800544c       0x78 Middlewares/STM32_WPAN/p2p_stm.o
 .text.P2PS_STM_Init
                0x00000000080054c4       0xbc Middlewares/STM32_WPAN/p2p_stm.o
                0x00000000080054c4                P2PS_STM_Init
 .text.P2PS_STM_App_Update_Int8
                0x0000000008005580       0x28 Middlewares/STM32_WPAN/p2p_stm.o
                0x0000000008005580                P2PS_STM_App_Update_Int8
 .text.SHCI_C2_BLE_Init
                0x00000000080055a8       0x1c Middlewares/STM32_WPAN/shci.o
                0x00000000080055a8                SHCI_C2_BLE_Init
 .text.SHCI_C2_DEBUG_Init
                0x00000000080055c4       0x1c Middlewares/STM32_WPAN/shci.o
                0x00000000080055c4                SHCI_C2_DEBUG_Init
 .text.TlUserEvtReceived
                0x00000000080055e0       0x1c Middlewares/STM32_WPAN/shci_tl.o
 .text.Cmd_SetStatus.constprop.4
                0x00000000080055fc       0x18 Middlewares/STM32_WPAN/shci_tl.o
 .text.shci_init
                0x0000000008005614       0x4c Middlewares/STM32_WPAN/shci_tl.o
                0x0000000008005614                shci_init
 .text.shci_user_evt_proc
                0x0000000008005660       0x64 Middlewares/STM32_WPAN/shci_tl.o
                0x0000000008005660                shci_user_evt_proc
 .text.shci_send
                0x00000000080056c4       0x5c Middlewares/STM32_WPAN/shci_tl.o
                0x00000000080056c4                shci_send
 .text.TlCmdEvtReceived
                0x0000000008005720        0xa Middlewares/STM32_WPAN/shci_tl.o
 *fill*         0x000000000800572a        0x2 
 .text.shci_register_io_bus
                0x000000000800572c       0x14 Middlewares/STM32_WPAN/shci_tl_if.o
                0x000000000800572c                shci_register_io_bus
 .text.LST_init_head
                0x0000000008005740        0x6 Middlewares/STM32_WPAN/stm_list.o
                0x0000000008005740                LST_init_head
 .text.LST_is_empty
                0x0000000008005746       0x14 Middlewares/STM32_WPAN/stm_list.o
                0x0000000008005746                LST_is_empty
 .text.LST_insert_head
                0x000000000800575a       0x18 Middlewares/STM32_WPAN/stm_list.o
                0x000000000800575a                LST_insert_head
 .text.LST_insert_tail
                0x0000000008005772       0x18 Middlewares/STM32_WPAN/stm_list.o
                0x0000000008005772                LST_insert_tail
 .text.LST_remove_node
                0x000000000800578a       0x16 Middlewares/STM32_WPAN/stm_list.o
                0x000000000800578a                LST_remove_node
 .text.LST_remove_head
                0x00000000080057a0       0x18 Middlewares/STM32_WPAN/stm_list.o
                0x00000000080057a0                LST_remove_head
 .text.CircularQueue_Init
                0x00000000080057b8       0x28 Middlewares/STM32_WPAN/stm_queue.o
                0x00000000080057b8                CircularQueue_Init
 .text.CircularQueue_Add
                0x00000000080057e0      0x20a Middlewares/STM32_WPAN/stm_queue.o
                0x00000000080057e0                CircularQueue_Add
 .text.CircularQueue_Remove
                0x00000000080059ea       0xc2 Middlewares/STM32_WPAN/stm_queue.o
                0x00000000080059ea                CircularQueue_Remove
 .text.CircularQueue_Sense
                0x0000000008005aac       0x88 Middlewares/STM32_WPAN/stm_queue.o
                0x0000000008005aac                CircularQueue_Sense
 .text.BLS_Init
                0x0000000008005b34        0x2 Middlewares/STM32_WPAN/svc_ctl.o
                0x0000000008005b34                BLS_Init
 .text.CRS_STM_Init
                0x0000000008005b36        0x2 Middlewares/STM32_WPAN/svc_ctl.o
                0x0000000008005b36                CRS_STM_Init
 .text.DIS_Init
                0x0000000008005b38        0x2 Middlewares/STM32_WPAN/svc_ctl.o
                0x0000000008005b38                DIS_Init
 .text.EDS_STM_Init
                0x0000000008005b3a        0x2 Middlewares/STM32_WPAN/svc_ctl.o
                0x0000000008005b3a                EDS_STM_Init
 .text.HIDS_Init
                0x0000000008005b3c        0x2 Middlewares/STM32_WPAN/svc_ctl.o
                0x0000000008005b3c                HIDS_Init
 .text.HRS_Init
                0x0000000008005b3e        0x2 Middlewares/STM32_WPAN/svc_ctl.o
                0x0000000008005b3e                HRS_Init
 .text.HTS_Init
                0x0000000008005b40        0x2 Middlewares/STM32_WPAN/svc_ctl.o
                0x0000000008005b40                HTS_Init
 .text.IAS_Init
                0x0000000008005b42        0x2 Middlewares/STM32_WPAN/svc_ctl.o
                0x0000000008005b42                IAS_Init
 .text.LLS_Init
                0x0000000008005b44        0x2 Middlewares/STM32_WPAN/svc_ctl.o
                0x0000000008005b44                LLS_Init
 .text.TPS_Init
                0x0000000008005b46        0x2 Middlewares/STM32_WPAN/svc_ctl.o
                0x0000000008005b46                TPS_Init
 .text.MOTENV_STM_Init
                0x0000000008005b48        0x2 Middlewares/STM32_WPAN/svc_ctl.o
                0x0000000008005b48                MOTENV_STM_Init
 .text.OTAS_STM_Init
                0x0000000008005b4a        0x2 Middlewares/STM32_WPAN/svc_ctl.o
                0x0000000008005b4a                OTAS_STM_Init
 .text.MESH_Init
                0x0000000008005b4c        0x2 Middlewares/STM32_WPAN/svc_ctl.o
                0x0000000008005b4c                MESH_Init
 .text.BVOPUS_STM_Init
                0x0000000008005b4e        0x2 Middlewares/STM32_WPAN/svc_ctl.o
                0x0000000008005b4e                BVOPUS_STM_Init
 .text.SVCCTL_InitCustomSvc
                0x0000000008005b50        0x2 Middlewares/STM32_WPAN/svc_ctl.o
                0x0000000008005b50                SVCCTL_InitCustomSvc
 .text.SVCCTL_SvcInit
                0x0000000008005b52       0x44 Middlewares/STM32_WPAN/svc_ctl.o
                0x0000000008005b52                SVCCTL_SvcInit
 *fill*         0x0000000008005b96        0x2 
 .text.SVCCTL_Init
                0x0000000008005b98       0x14 Middlewares/STM32_WPAN/svc_ctl.o
                0x0000000008005b98                SVCCTL_Init
 .text.SVCCTL_RegisterSvcHandler
                0x0000000008005bac       0x14 Middlewares/STM32_WPAN/svc_ctl.o
                0x0000000008005bac                SVCCTL_RegisterSvcHandler
 .text.SVCCTL_UserEvtRx
                0x0000000008005bc0       0x48 Middlewares/STM32_WPAN/svc_ctl.o
                0x0000000008005bc0                SVCCTL_UserEvtRx
 .text.SendFreeBuf
                0x0000000008005c08       0x30 Middlewares/STM32_WPAN/tl_mbox.o
 .text.TL_Enable
                0x0000000008005c38        0x4 Middlewares/STM32_WPAN/tl_mbox.o
                0x0000000008005c38                TL_Enable
 .text.TL_Init  0x0000000008005c3c       0x48 Middlewares/STM32_WPAN/tl_mbox.o
                0x0000000008005c3c                TL_Init
 .text.TL_BLE_Init
                0x0000000008005c84       0x40 Middlewares/STM32_WPAN/tl_mbox.o
                0x0000000008005c84                TL_BLE_Init
 .text.TL_BLE_SendCmd
                0x0000000008005cc4       0x18 Middlewares/STM32_WPAN/tl_mbox.o
                0x0000000008005cc4                TL_BLE_SendCmd
 .text.HW_IPCC_BLE_RxEvtNot
                0x0000000008005cdc       0x2c Middlewares/STM32_WPAN/tl_mbox.o
                0x0000000008005cdc                HW_IPCC_BLE_RxEvtNot
 .text.HW_IPCC_BLE_AclDataAckNot
                0x0000000008005d08        0xc Middlewares/STM32_WPAN/tl_mbox.o
                0x0000000008005d08                HW_IPCC_BLE_AclDataAckNot
 .text.TL_SYS_Init
                0x0000000008005d14       0x34 Middlewares/STM32_WPAN/tl_mbox.o
                0x0000000008005d14                TL_SYS_Init
 .text.TL_SYS_SendCmd
                0x0000000008005d48       0x18 Middlewares/STM32_WPAN/tl_mbox.o
                0x0000000008005d48                TL_SYS_SendCmd
 .text.HW_IPCC_SYS_CmdEvtNot
                0x0000000008005d60       0x14 Middlewares/STM32_WPAN/tl_mbox.o
                0x0000000008005d60                HW_IPCC_SYS_CmdEvtNot
 .text.HW_IPCC_SYS_EvtNot
                0x0000000008005d74       0x2c Middlewares/STM32_WPAN/tl_mbox.o
                0x0000000008005d74                HW_IPCC_SYS_EvtNot
 .text.TL_MM_Init
                0x0000000008005da0       0x40 Middlewares/STM32_WPAN/tl_mbox.o
                0x0000000008005da0                TL_MM_Init
 .text.TL_MM_EvtDone
                0x0000000008005de0       0x1c Middlewares/STM32_WPAN/tl_mbox.o
                0x0000000008005de0                TL_MM_EvtDone
 .text.TL_TRACES_Init
                0x0000000008005dfc       0x20 Middlewares/STM32_WPAN/tl_mbox.o
                0x0000000008005dfc                TL_TRACES_Init
 .text.TL_TRACES_EvtReceived
                0x0000000008005e1c        0x2 Middlewares/STM32_WPAN/tl_mbox.o
                0x0000000008005e1c                TL_TRACES_EvtReceived
 *fill*         0x0000000008005e1e        0x2 
 .text.HW_IPCC_TRACES_EvtNot
                0x0000000008005e20       0x24 Middlewares/STM32_WPAN/tl_mbox.o
                0x0000000008005e20                HW_IPCC_TRACES_EvtNot
 .text.UTIL_LPM_Init
                0x0000000008005e44       0x10 Utilities/stm32_lpm.o
                0x0000000008005e44                UTIL_LPM_Init
 .text.UTIL_LPM_SetOffMode
                0x0000000008005e54       0x2c Utilities/stm32_lpm.o
                0x0000000008005e54                UTIL_LPM_SetOffMode
 .text.bit_position
                0x0000000008005e80       0x38 Utilities/stm32_seq.o
 .text.UTIL_SEQ_RegTask
                0x0000000008005eb8       0x20 Utilities/stm32_seq.o
                0x0000000008005eb8                UTIL_SEQ_RegTask
 .text.UTIL_SEQ_SetTask
                0x0000000008005ed8       0x28 Utilities/stm32_seq.o
                0x0000000008005ed8                UTIL_SEQ_SetTask
 .text.UTIL_SEQ_PauseTask
                0x0000000008005f00       0x1c Utilities/stm32_seq.o
                0x0000000008005f00                UTIL_SEQ_PauseTask
 .text.UTIL_SEQ_ResumeTask
                0x0000000008005f1c       0x18 Utilities/stm32_seq.o
                0x0000000008005f1c                UTIL_SEQ_ResumeTask
 .text.UTIL_SEQ_SetEvt
                0x0000000008005f34       0x18 Utilities/stm32_seq.o
                0x0000000008005f34                UTIL_SEQ_SetEvt
 .text.UTIL_SEQ_PreIdle
                0x0000000008005f4c        0x2 Utilities/stm32_seq.o
                0x0000000008005f4c                UTIL_SEQ_PreIdle
 .text.UTIL_SEQ_PostIdle
                0x0000000008005f4e        0x2 Utilities/stm32_seq.o
                0x0000000008005f4e                UTIL_SEQ_PostIdle
 .text.UTIL_SEQ_Run
                0x0000000008005f50       0xd8 Utilities/stm32_seq.o
                0x0000000008005f50                UTIL_SEQ_Run
 .text.UTIL_SEQ_WaitEvt
                0x0000000008006028       0x34 Utilities/stm32_seq.o
                0x0000000008006028                UTIL_SEQ_WaitEvt
 .text.__errno  0x000000000800605c        0xc c:/st/stm32cubeide_1.1.0/stm32cubeide/plugins/com.st.stm32cube.ide.mcu.externaltools.gnu-tools-for-stm32.7-2018-q2-update.win32_1.4.0.202007081208/tools/bin/../lib/gcc/arm-none-eabi/7.3.1/../../../../arm-none-eabi/lib/thumb/v7e-m/fpv4-sp/hard\libc_nano.a(lib_a-errno.o)
                0x000000000800605c                __errno
 .text.__libc_init_array
                0x0000000008006068       0x48 c:/st/stm32cubeide_1.1.0/stm32cubeide/plugins/com.st.stm32cube.ide.mcu.externaltools.gnu-tools-for-stm32.7-2018-q2-update.win32_1.4.0.202007081208/tools/bin/../lib/gcc/arm-none-eabi/7.3.1/../../../../arm-none-eabi/lib/thumb/v7e-m/fpv4-sp/hard\libc_nano.a(lib_a-init.o)
                0x0000000008006068                __libc_init_array
 .text.memcpy   0x00000000080060b0       0x16 c:/st/stm32cubeide_1.1.0/stm32cubeide/plugins/com.st.stm32cube.ide.mcu.externaltools.gnu-tools-for-stm32.7-2018-q2-update.win32_1.4.0.202007081208/tools/bin/../lib/gcc/arm-none-eabi/7.3.1/../../../../arm-none-eabi/lib/thumb/v7e-m/fpv4-sp/hard\libc_nano.a(lib_a-memcpy-stub.o)
                0x00000000080060b0                memcpy
 .text.memset   0x00000000080060c6       0x10 c:/st/stm32cubeide_1.1.0/stm32cubeide/plugins/com.st.stm32cube.ide.mcu.externaltools.gnu-tools-for-stm32.7-2018-q2-update.win32_1.4.0.202007081208/tools/bin/../lib/gcc/arm-none-eabi/7.3.1/../../../../arm-none-eabi/lib/thumb/v7e-m/fpv4-sp/hard\libc_nano.a(lib_a-memset.o)
                0x00000000080060c6                memset
 *fill*         0x00000000080060d6        0x2 
 .text.printf   0x00000000080060d8       0x30 c:/st/stm32cubeide_1.1.0/stm32cubeide/plugins/com.st.stm32cube.ide.mcu.externaltools.gnu-tools-for-stm32.7-2018-q2-update.win32_1.4.0.202007081208/tools/bin/../lib/gcc/arm-none-eabi/7.3.1/../../../../arm-none-eabi/lib/thumb/v7e-m/fpv4-sp/hard\libc_nano.a(lib_a-printf.o)
                0x00000000080060d8                iprintf
                0x00000000080060d8                printf
 .text._puts_r  0x0000000008006108       0xb8 c:/st/stm32cubeide_1.1.0/stm32cubeide/plugins/com.st.stm32cube.ide.mcu.externaltools.gnu-tools-for-stm32.7-2018-q2-update.win32_1.4.0.202007081208/tools/bin/../lib/gcc/arm-none-eabi/7.3.1/../../../../arm-none-eabi/lib/thumb/v7e-m/fpv4-sp/hard\libc_nano.a(lib_a-puts.o)
                0x0000000008006108                _puts_r
 .text.puts     0x00000000080061c0       0x10 c:/st/stm32cubeide_1.1.0/stm32cubeide/plugins/com.st.stm32cube.ide.mcu.externaltools.gnu-tools-for-stm32.7-2018-q2-update.win32_1.4.0.202007081208/tools/bin/../lib/gcc/arm-none-eabi/7.3.1/../../../../arm-none-eabi/lib/thumb/v7e-m/fpv4-sp/hard\libc_nano.a(lib_a-puts.o)
                0x00000000080061c0                puts
 .text.__swbuf_r
                0x00000000080061d0       0xa4 c:/st/stm32cubeide_1.1.0/stm32cubeide/plugins/com.st.stm32cube.ide.mcu.externaltools.gnu-tools-for-stm32.7-2018-q2-update.win32_1.4.0.202007081208/tools/bin/../lib/gcc/arm-none-eabi/7.3.1/../../../../arm-none-eabi/lib/thumb/v7e-m/fpv4-sp/hard\libc_nano.a(lib_a-wbuf.o)
                0x00000000080061d0                __swbuf_r
 .text.__swsetup_r
                0x0000000008006274       0xdc c:/st/stm32cubeide_1.1.0/stm32cubeide/plugins/com.st.stm32cube.ide.mcu.externaltools.gnu-tools-for-stm32.7-2018-q2-update.win32_1.4.0.202007081208/tools/bin/../lib/gcc/arm-none-eabi/7.3.1/../../../../arm-none-eabi/lib/thumb/v7e-m/fpv4-sp/hard\libc_nano.a(lib_a-wsetup.o)
                0x0000000008006274                __swsetup_r
 .text.__sflush_r
                0x0000000008006350      0x10c c:/st/stm32cubeide_1.1.0/stm32cubeide/plugins/com.st.stm32cube.ide.mcu.externaltools.gnu-tools-for-stm32.7-2018-q2-update.win32_1.4.0.202007081208/tools/bin/../lib/gcc/arm-none-eabi/7.3.1/../../../../arm-none-eabi/lib/thumb/v7e-m/fpv4-sp/hard\libc_nano.a(lib_a-fflush.o)
                0x0000000008006350                __sflush_r
 .text._fflush_r
                0x000000000800645c       0x54 c:/st/stm32cubeide_1.1.0/stm32cubeide/plugins/com.st.stm32cube.ide.mcu.externaltools.gnu-tools-for-stm32.7-2018-q2-update.win32_1.4.0.202007081208/tools/bin/../lib/gcc/arm-none-eabi/7.3.1/../../../../arm-none-eabi/lib/thumb/v7e-m/fpv4-sp/hard\libc_nano.a(lib_a-fflush.o)
                0x000000000800645c                _fflush_r
 .text.std      0x00000000080064b0       0x48 c:/st/stm32cubeide_1.1.0/stm32cubeide/plugins/com.st.stm32cube.ide.mcu.externaltools.gnu-tools-for-stm32.7-2018-q2-update.win32_1.4.0.202007081208/tools/bin/../lib/gcc/arm-none-eabi/7.3.1/../../../../arm-none-eabi/lib/thumb/v7e-m/fpv4-sp/hard\libc_nano.a(lib_a-findfp.o)
 .text._cleanup_r
                0x00000000080064f8        0xc c:/st/stm32cubeide_1.1.0/stm32cubeide/plugins/com.st.stm32cube.ide.mcu.externaltools.gnu-tools-for-stm32.7-2018-q2-update.win32_1.4.0.202007081208/tools/bin/../lib/gcc/arm-none-eabi/7.3.1/../../../../arm-none-eabi/lib/thumb/v7e-m/fpv4-sp/hard\libc_nano.a(lib_a-findfp.o)
                0x00000000080064f8                _cleanup_r
 .text.__sfmoreglue
                0x0000000008006504       0x2c c:/st/stm32cubeide_1.1.0/stm32cubeide/plugins/com.st.stm32cube.ide.mcu.externaltools.gnu-tools-for-stm32.7-2018-q2-update.win32_1.4.0.202007081208/tools/bin/../lib/gcc/arm-none-eabi/7.3.1/../../../../arm-none-eabi/lib/thumb/v7e-m/fpv4-sp/hard\libc_nano.a(lib_a-findfp.o)
                0x0000000008006504                __sfmoreglue
 .text.__sinit  0x0000000008006530       0x60 c:/st/stm32cubeide_1.1.0/stm32cubeide/plugins/com.st.stm32cube.ide.mcu.externaltools.gnu-tools-for-stm32.7-2018-q2-update.win32_1.4.0.202007081208/tools/bin/../lib/gcc/arm-none-eabi/7.3.1/../../../../arm-none-eabi/lib/thumb/v7e-m/fpv4-sp/hard\libc_nano.a(lib_a-findfp.o)
                0x0000000008006530                __sinit
 .text.__sfp    0x0000000008006590       0x78 c:/st/stm32cubeide_1.1.0/stm32cubeide/plugins/com.st.stm32cube.ide.mcu.externaltools.gnu-tools-for-stm32.7-2018-q2-update.win32_1.4.0.202007081208/tools/bin/../lib/gcc/arm-none-eabi/7.3.1/../../../../arm-none-eabi/lib/thumb/v7e-m/fpv4-sp/hard\libc_nano.a(lib_a-findfp.o)
                0x0000000008006590                __sfp
 .text._fwalk_reent
                0x0000000008006608       0x3c c:/st/stm32cubeide_1.1.0/stm32cubeide/plugins/com.st.stm32cube.ide.mcu.externaltools.gnu-tools-for-stm32.7-2018-q2-update.win32_1.4.0.202007081208/tools/bin/../lib/gcc/arm-none-eabi/7.3.1/../../../../arm-none-eabi/lib/thumb/v7e-m/fpv4-sp/hard\libc_nano.a(lib_a-fwalk.o)
                0x0000000008006608                _fwalk_reent
 .text.__swhatbuf_r
                0x0000000008006644       0x48 c:/st/stm32cubeide_1.1.0/stm32cubeide/plugins/com.st.stm32cube.ide.mcu.externaltools.gnu-tools-for-stm32.7-2018-q2-update.win32_1.4.0.202007081208/tools/bin/../lib/gcc/arm-none-eabi/7.3.1/../../../../arm-none-eabi/lib/thumb/v7e-m/fpv4-sp/hard\libc_nano.a(lib_a-makebuf.o)
                0x0000000008006644                __swhatbuf_r
 .text.__smakebuf_r
                0x000000000800668c       0x80 c:/st/stm32cubeide_1.1.0/stm32cubeide/plugins/com.st.stm32cube.ide.mcu.externaltools.gnu-tools-for-stm32.7-2018-q2-update.win32_1.4.0.202007081208/tools/bin/../lib/gcc/arm-none-eabi/7.3.1/../../../../arm-none-eabi/lib/thumb/v7e-m/fpv4-sp/hard\libc_nano.a(lib_a-makebuf.o)
                0x000000000800668c                __smakebuf_r
 .text._free_r  0x000000000800670c       0x9c c:/st/stm32cubeide_1.1.0/stm32cubeide/plugins/com.st.stm32cube.ide.mcu.externaltools.gnu-tools-for-stm32.7-2018-q2-update.win32_1.4.0.202007081208/tools/bin/../lib/gcc/arm-none-eabi/7.3.1/../../../../arm-none-eabi/lib/thumb/v7e-m/fpv4-sp/hard\libc_nano.a(lib_a-nano-freer.o)
                0x000000000800670c                _free_r
 .text._malloc_r
                0x00000000080067a8       0xb4 c:/st/stm32cubeide_1.1.0/stm32cubeide/plugins/com.st.stm32cube.ide.mcu.externaltools.gnu-tools-for-stm32.7-2018-q2-update.win32_1.4.0.202007081208/tools/bin/../lib/gcc/arm-none-eabi/7.3.1/../../../../arm-none-eabi/lib/thumb/v7e-m/fpv4-sp/hard\libc_nano.a(lib_a-nano-mallocr.o)
                0x00000000080067a8                _malloc_r
 .text.__sfputc_r
                0x000000000800685c       0x2e c:/st/stm32cubeide_1.1.0/stm32cubeide/plugins/com.st.stm32cube.ide.mcu.externaltools.gnu-tools-for-stm32.7-2018-q2-update.win32_1.4.0.202007081208/tools/bin/../lib/gcc/arm-none-eabi/7.3.1/../../../../arm-none-eabi/lib/thumb/v7e-m/fpv4-sp/hard\libc_nano.a(lib_a-nano-vfprintf.o)
 .text.__sfputs_r
                0x000000000800688a       0x24 c:/st/stm32cubeide_1.1.0/stm32cubeide/plugins/com.st.stm32cube.ide.mcu.externaltools.gnu-tools-for-stm32.7-2018-q2-update.win32_1.4.0.202007081208/tools/bin/../lib/gcc/arm-none-eabi/7.3.1/../../../../arm-none-eabi/lib/thumb/v7e-m/fpv4-sp/hard\libc_nano.a(lib_a-nano-vfprintf.o)
                0x000000000800688a                __sfputs_r
 *fill*         0x00000000080068ae        0x2 
 .text._vfprintf_r
                0x00000000080068b0      0x22c c:/st/stm32cubeide_1.1.0/stm32cubeide/plugins/com.st.stm32cube.ide.mcu.externaltools.gnu-tools-for-stm32.7-2018-q2-update.win32_1.4.0.202007081208/tools/bin/../lib/gcc/arm-none-eabi/7.3.1/../../../../arm-none-eabi/lib/thumb/v7e-m/fpv4-sp/hard\libc_nano.a(lib_a-nano-vfprintf.o)
                0x00000000080068b0                _vfprintf_r
                0x00000000080068b0                _vfiprintf_r
 .text._printf_common
                0x0000000008006adc       0xea c:/st/stm32cubeide_1.1.0/stm32cubeide/plugins/com.st.stm32cube.ide.mcu.externaltools.gnu-tools-for-stm32.7-2018-q2-update.win32_1.4.0.202007081208/tools/bin/../lib/gcc/arm-none-eabi/7.3.1/../../../../arm-none-eabi/lib/thumb/v7e-m/fpv4-sp/hard\libc_nano.a(lib_a-nano-vfprintf_i.o)
                0x0000000008006adc                _printf_common
 *fill*         0x0000000008006bc6        0x2 
 .text._printf_i
                0x0000000008006bc8      0x224 c:/st/stm32cubeide_1.1.0/stm32cubeide/plugins/com.st.stm32cube.ide.mcu.externaltools.gnu-tools-for-stm32.7-2018-q2-update.win32_1.4.0.202007081208/tools/bin/../lib/gcc/arm-none-eabi/7.3.1/../../../../arm-none-eabi/lib/thumb/v7e-m/fpv4-sp/hard\libc_nano.a(lib_a-nano-vfprintf_i.o)
                0x0000000008006bc8                _printf_i
 .text._sbrk_r  0x0000000008006dec       0x20 c:/st/stm32cubeide_1.1.0/stm32cubeide/plugins/com.st.stm32cube.ide.mcu.externaltools.gnu-tools-for-stm32.7-2018-q2-update.win32_1.4.0.202007081208/tools/bin/../lib/gcc/arm-none-eabi/7.3.1/../../../../arm-none-eabi/lib/thumb/v7e-m/fpv4-sp/hard\libc_nano.a(lib_a-sbrkr.o)
                0x0000000008006dec                _sbrk_r
 .text.__sread  0x0000000008006e0c       0x22 c:/st/stm32cubeide_1.1.0/stm32cubeide/plugins/com.st.stm32cube.ide.mcu.externaltools.gnu-tools-for-stm32.7-2018-q2-update.win32_1.4.0.202007081208/tools/bin/../lib/gcc/arm-none-eabi/7.3.1/../../../../arm-none-eabi/lib/thumb/v7e-m/fpv4-sp/hard\libc_nano.a(lib_a-stdio.o)
                0x0000000008006e0c                __sread
 .text.__swrite
                0x0000000008006e2e       0x38 c:/st/stm32cubeide_1.1.0/stm32cubeide/plugins/com.st.stm32cube.ide.mcu.externaltools.gnu-tools-for-stm32.7-2018-q2-update.win32_1.4.0.202007081208/tools/bin/../lib/gcc/arm-none-eabi/7.3.1/../../../../arm-none-eabi/lib/thumb/v7e-m/fpv4-sp/hard\libc_nano.a(lib_a-stdio.o)
                0x0000000008006e2e                __swrite
 .text.__sseek  0x0000000008006e66       0x24 c:/st/stm32cubeide_1.1.0/stm32cubeide/plugins/com.st.stm32cube.ide.mcu.externaltools.gnu-tools-for-stm32.7-2018-q2-update.win32_1.4.0.202007081208/tools/bin/../lib/gcc/arm-none-eabi/7.3.1/../../../../arm-none-eabi/lib/thumb/v7e-m/fpv4-sp/hard\libc_nano.a(lib_a-stdio.o)
                0x0000000008006e66                __sseek
 .text.__sclose
                0x0000000008006e8a        0x8 c:/st/stm32cubeide_1.1.0/stm32cubeide/plugins/com.st.stm32cube.ide.mcu.externaltools.gnu-tools-for-stm32.7-2018-q2-update.win32_1.4.0.202007081208/tools/bin/../lib/gcc/arm-none-eabi/7.3.1/../../../../arm-none-eabi/lib/thumb/v7e-m/fpv4-sp/hard\libc_nano.a(lib_a-stdio.o)
                0x0000000008006e8a                __sclose
 *fill*         0x0000000008006e92        0x2 
 .text._write_r
                0x0000000008006e94       0x24 c:/st/stm32cubeide_1.1.0/stm32cubeide/plugins/com.st.stm32cube.ide.mcu.externaltools.gnu-tools-for-stm32.7-2018-q2-update.win32_1.4.0.202007081208/tools/bin/../lib/gcc/arm-none-eabi/7.3.1/../../../../arm-none-eabi/lib/thumb/v7e-m/fpv4-sp/hard\libc_nano.a(lib_a-writer.o)
                0x0000000008006e94                _write_r
 .text._close_r
                0x0000000008006eb8       0x20 c:/st/stm32cubeide_1.1.0/stm32cubeide/plugins/com.st.stm32cube.ide.mcu.externaltools.gnu-tools-for-stm32.7-2018-q2-update.win32_1.4.0.202007081208/tools/bin/../lib/gcc/arm-none-eabi/7.3.1/../../../../arm-none-eabi/lib/thumb/v7e-m/fpv4-sp/hard\libc_nano.a(lib_a-closer.o)
                0x0000000008006eb8                _close_r
 .text._fstat_r
                0x0000000008006ed8       0x24 c:/st/stm32cubeide_1.1.0/stm32cubeide/plugins/com.st.stm32cube.ide.mcu.externaltools.gnu-tools-for-stm32.7-2018-q2-update.win32_1.4.0.202007081208/tools/bin/../lib/gcc/arm-none-eabi/7.3.1/../../../../arm-none-eabi/lib/thumb/v7e-m/fpv4-sp/hard\libc_nano.a(lib_a-fstatr.o)
                0x0000000008006ed8                _fstat_r
 .text._isatty_r
                0x0000000008006efc       0x20 c:/st/stm32cubeide_1.1.0/stm32cubeide/plugins/com.st.stm32cube.ide.mcu.externaltools.gnu-tools-for-stm32.7-2018-q2-update.win32_1.4.0.202007081208/tools/bin/../lib/gcc/arm-none-eabi/7.3.1/../../../../arm-none-eabi/lib/thumb/v7e-m/fpv4-sp/hard\libc_nano.a(lib_a-isattyr.o)
                0x0000000008006efc                _isatty_r
 .text._lseek_r
                0x0000000008006f1c       0x24 c:/st/stm32cubeide_1.1.0/stm32cubeide/plugins/com.st.stm32cube.ide.mcu.externaltools.gnu-tools-for-stm32.7-2018-q2-update.win32_1.4.0.202007081208/tools/bin/../lib/gcc/arm-none-eabi/7.3.1/../../../../arm-none-eabi/lib/thumb/v7e-m/fpv4-sp/hard\libc_nano.a(lib_a-lseekr.o)
                0x0000000008006f1c                _lseek_r
 .text.__malloc_lock
                0x0000000008006f40        0x2 c:/st/stm32cubeide_1.1.0/stm32cubeide/plugins/com.st.stm32cube.ide.mcu.externaltools.gnu-tools-for-stm32.7-2018-q2-update.win32_1.4.0.202007081208/tools/bin/../lib/gcc/arm-none-eabi/7.3.1/../../../../arm-none-eabi/lib/thumb/v7e-m/fpv4-sp/hard\libc_nano.a(lib_a-mlock.o)
                0x0000000008006f40                __malloc_lock
 .text.__malloc_unlock
                0x0000000008006f42        0x2 c:/st/stm32cubeide_1.1.0/stm32cubeide/plugins/com.st.stm32cube.ide.mcu.externaltools.gnu-tools-for-stm32.7-2018-q2-update.win32_1.4.0.202007081208/tools/bin/../lib/gcc/arm-none-eabi/7.3.1/../../../../arm-none-eabi/lib/thumb/v7e-m/fpv4-sp/hard\libc_nano.a(lib_a-mlock.o)
                0x0000000008006f42                __malloc_unlock
 .text._read_r  0x0000000008006f44       0x24 c:/st/stm32cubeide_1.1.0/stm32cubeide/plugins/com.st.stm32cube.ide.mcu.externaltools.gnu-tools-for-stm32.7-2018-q2-update.win32_1.4.0.202007081208/tools/bin/../lib/gcc/arm-none-eabi/7.3.1/../../../../arm-none-eabi/lib/thumb/v7e-m/fpv4-sp/hard\libc_nano.a(lib_a-readr.o)
                0x0000000008006f44                _read_r
 *(.glue_7)
 .glue_7        0x0000000008006f68        0x0 linker stubs
 *(.glue_7t)
 .glue_7t       0x0000000008006f68        0x0 linker stubs
 *(.eh_frame)
 .eh_frame      0x0000000008006f68        0x0 c:/st/stm32cubeide_1.1.0/stm32cubeide/plugins/com.st.stm32cube.ide.mcu.externaltools.gnu-tools-for-stm32.7-2018-q2-update.win32_1.4.0.202007081208/tools/bin/../lib/gcc/arm-none-eabi/7.3.1/thumb/v7e-m/fpv4-sp/hard/crtbegin.o
 *(.init)
 .init          0x0000000008006f68        0x4 c:/st/stm32cubeide_1.1.0/stm32cubeide/plugins/com.st.stm32cube.ide.mcu.externaltools.gnu-tools-for-stm32.7-2018-q2-update.win32_1.4.0.202007081208/tools/bin/../lib/gcc/arm-none-eabi/7.3.1/thumb/v7e-m/fpv4-sp/hard/crti.o
                0x0000000008006f68                _init
 .init          0x0000000008006f6c        0x8 c:/st/stm32cubeide_1.1.0/stm32cubeide/plugins/com.st.stm32cube.ide.mcu.externaltools.gnu-tools-for-stm32.7-2018-q2-update.win32_1.4.0.202007081208/tools/bin/../lib/gcc/arm-none-eabi/7.3.1/thumb/v7e-m/fpv4-sp/hard/crtn.o
 *(.fini)
 .fini          0x0000000008006f74        0x4 c:/st/stm32cubeide_1.1.0/stm32cubeide/plugins/com.st.stm32cube.ide.mcu.externaltools.gnu-tools-for-stm32.7-2018-q2-update.win32_1.4.0.202007081208/tools/bin/../lib/gcc/arm-none-eabi/7.3.1/thumb/v7e-m/fpv4-sp/hard/crti.o
                0x0000000008006f74                _fini
 .fini          0x0000000008006f78        0x8 c:/st/stm32cubeide_1.1.0/stm32cubeide/plugins/com.st.stm32cube.ide.mcu.externaltools.gnu-tools-for-stm32.7-2018-q2-update.win32_1.4.0.202007081208/tools/bin/../lib/gcc/arm-none-eabi/7.3.1/thumb/v7e-m/fpv4-sp/hard/crtn.o
                0x0000000008006f80                . = ALIGN (0x4)
                0x0000000008006f80                _etext = .

.vfp11_veneer   0x0000000008006f80        0x0
 .vfp11_veneer  0x0000000008006f80        0x0 linker stubs

.v4_bx          0x0000000008006f80        0x0
 .v4_bx         0x0000000008006f80        0x0 linker stubs

.iplt           0x0000000008006f80        0x0
 .iplt          0x0000000008006f80        0x0 c:/st/stm32cubeide_1.1.0/stm32cubeide/plugins/com.st.stm32cube.ide.mcu.externaltools.gnu-tools-for-stm32.7-2018-q2-update.win32_1.4.0.202007081208/tools/bin/../lib/gcc/arm-none-eabi/7.3.1/thumb/v7e-m/fpv4-sp/hard/crtbegin.o

.rodata         0x0000000008006f80      0x98c
                0x0000000008006f80                . = ALIGN (0x4)
 *(.rodata)
 .rodata        0x0000000008006f80      0x12b Application/User/Core/app_debug.o
 .rodata        0x00000000080070ab       0x5b Application/User/STM32_WPAN/App/app_ble.o
 .rodata        0x0000000008007106        0xf Drivers/BSP/P-NUCLEO-WB55.Nucleo/stm32wbxx_nucleo.o
                0x0000000008007106                GPIO_PIN
                0x000000000800710c                BUTTON_PIN
                0x0000000008007112                BUTTON_IRQn
 *fill*         0x0000000008007115        0x3 
 .rodata        0x0000000008007118      0x100 Drivers/CMSIS/system_stm32wbxx.o
                0x0000000008007118                MSIRangeTable
                0x0000000008007158                AHBPrescTable
                0x0000000008007198                SmpsPrescalerTable
                0x00000000080071f8                APBPrescTable
 .rodata        0x0000000008007218       0x20 Drivers/STM32WBxx_HAL_Driver/stm32wbxx_hal_rcc.o
 .rodata        0x0000000008007238        0x4 Drivers/STM32WBxx_HAL_Driver/stm32wbxx_hal_uart.o
 .rodata        0x000000000800723c       0x10 Utilities/stm32_seq.o
 *(.rodata*)
 .rodata.str1.1
                0x000000000800724c      0x47b Application/User/STM32_WPAN/App/app_ble.o
                                        0x481 (size before relaxing)
 .rodata.str1.1
                0x00000000080076c7      0x188 Application/User/STM32_WPAN/App/p2p_server_app.o
 .rodata.str1.1
                0x000000000800784f       0x25 Middlewares/STM32_WPAN/p2p_stm.o
 .rodata._global_impure_ptr
                0x0000000008007874        0x4 c:/st/stm32cubeide_1.1.0/stm32cubeide/plugins/com.st.stm32cube.ide.mcu.externaltools.gnu-tools-for-stm32.7-2018-q2-update.win32_1.4.0.202007081208/tools/bin/../lib/gcc/arm-none-eabi/7.3.1/../../../../arm-none-eabi/lib/thumb/v7e-m/fpv4-sp/hard\libc_nano.a(lib_a-impure.o)
                0x0000000008007874                _global_impure_ptr
 .rodata.__sf_fake_stderr
                0x0000000008007878       0x20 c:/st/stm32cubeide_1.1.0/stm32cubeide/plugins/com.st.stm32cube.ide.mcu.externaltools.gnu-tools-for-stm32.7-2018-q2-update.win32_1.4.0.202007081208/tools/bin/../lib/gcc/arm-none-eabi/7.3.1/../../../../arm-none-eabi/lib/thumb/v7e-m/fpv4-sp/hard\libc_nano.a(lib_a-findfp.o)
                0x0000000008007878                __sf_fake_stderr
 .rodata.__sf_fake_stdin
                0x0000000008007898       0x20 c:/st/stm32cubeide_1.1.0/stm32cubeide/plugins/com.st.stm32cube.ide.mcu.externaltools.gnu-tools-for-stm32.7-2018-q2-update.win32_1.4.0.202007081208/tools/bin/../lib/gcc/arm-none-eabi/7.3.1/../../../../arm-none-eabi/lib/thumb/v7e-m/fpv4-sp/hard\libc_nano.a(lib_a-findfp.o)
                0x0000000008007898                __sf_fake_stdin
 .rodata.__sf_fake_stdout
                0x00000000080078b8       0x20 c:/st/stm32cubeide_1.1.0/stm32cubeide/plugins/com.st.stm32cube.ide.mcu.externaltools.gnu-tools-for-stm32.7-2018-q2-update.win32_1.4.0.202007081208/tools/bin/../lib/gcc/arm-none-eabi/7.3.1/../../../../arm-none-eabi/lib/thumb/v7e-m/fpv4-sp/hard\libc_nano.a(lib_a-findfp.o)
                0x00000000080078b8                __sf_fake_stdout
 .rodata._vfprintf_r.str1.1
                0x00000000080078d8       0x11 c:/st/stm32cubeide_1.1.0/stm32cubeide/plugins/com.st.stm32cube.ide.mcu.externaltools.gnu-tools-for-stm32.7-2018-q2-update.win32_1.4.0.202007081208/tools/bin/../lib/gcc/arm-none-eabi/7.3.1/../../../../arm-none-eabi/lib/thumb/v7e-m/fpv4-sp/hard\libc_nano.a(lib_a-nano-vfprintf.o)
 .rodata._printf_i.str1.1
                0x00000000080078e9       0x22 c:/st/stm32cubeide_1.1.0/stm32cubeide/plugins/com.st.stm32cube.ide.mcu.externaltools.gnu-tools-for-stm32.7-2018-q2-update.win32_1.4.0.202007081208/tools/bin/../lib/gcc/arm-none-eabi/7.3.1/../../../../arm-none-eabi/lib/thumb/v7e-m/fpv4-sp/hard\libc_nano.a(lib_a-nano-vfprintf_i.o)
                0x000000000800790c                . = ALIGN (0x4)
 *fill*         0x000000000800790b        0x1 

.ARM.extab
 *(.ARM.extab* .gnu.linkonce.armextab.*)

.ARM            0x000000000800790c        0x8
                0x000000000800790c                __exidx_start = .
 *(.ARM.exidx*)
 .ARM.exidx     0x000000000800790c        0x8 c:/st/stm32cubeide_1.1.0/stm32cubeide/plugins/com.st.stm32cube.ide.mcu.externaltools.gnu-tools-for-stm32.7-2018-q2-update.win32_1.4.0.202007081208/tools/bin/../lib/gcc/arm-none-eabi/7.3.1/thumb/v7e-m/fpv4-sp/hard\libgcc.a(_udivmoddi4.o)
                0x0000000008007914                __exidx_end = .

.rel.dyn        0x0000000008007914        0x0
 .rel.iplt      0x0000000008007914        0x0 c:/st/stm32cubeide_1.1.0/stm32cubeide/plugins/com.st.stm32cube.ide.mcu.externaltools.gnu-tools-for-stm32.7-2018-q2-update.win32_1.4.0.202007081208/tools/bin/../lib/gcc/arm-none-eabi/7.3.1/thumb/v7e-m/fpv4-sp/hard/crtbegin.o

.preinit_array  0x0000000008007914        0x0
                0x0000000008007914                PROVIDE (__preinit_array_start = .)
 *(.preinit_array*)
                0x0000000008007914                PROVIDE (__preinit_array_end = .)

.init_array     0x0000000008007914        0x4
                0x0000000008007914                PROVIDE (__init_array_start = .)
 *(SORT_BY_NAME(.init_array.*))
 *(.init_array*)
 .init_array    0x0000000008007914        0x4 c:/st/stm32cubeide_1.1.0/stm32cubeide/plugins/com.st.stm32cube.ide.mcu.externaltools.gnu-tools-for-stm32.7-2018-q2-update.win32_1.4.0.202007081208/tools/bin/../lib/gcc/arm-none-eabi/7.3.1/thumb/v7e-m/fpv4-sp/hard/crtbegin.o
                0x0000000008007918                PROVIDE (__init_array_end = .)

.fini_array     0x0000000008007918        0x4
                [!provide]                        PROVIDE (__fini_array_start = .)
 *(SORT_BY_NAME(.fini_array.*))
 *(.fini_array*)
 .fini_array    0x0000000008007918        0x4 c:/st/stm32cubeide_1.1.0/stm32cubeide/plugins/com.st.stm32cube.ide.mcu.externaltools.gnu-tools-for-stm32.7-2018-q2-update.win32_1.4.0.202007081208/tools/bin/../lib/gcc/arm-none-eabi/7.3.1/thumb/v7e-m/fpv4-sp/hard/crtbegin.o
                [!provide]                        PROVIDE (__fini_array_end = .)
                0x000000000800791c                _sidata = LOADADDR (.data)

.data           0x0000000020000004       0xac load address 0x000000000800791c
                0x0000000020000004                . = ALIGN (0x4)
                0x0000000020000004                _sdata = .
 *(.data)
 .data          0x0000000020000004       0x16 Application/User/STM32_WPAN/App/app_ble.o
                0x0000000020000004                tab_conn_interval
                0x000000002000000c                manuf_data
 *fill*         0x000000002000001a        0x2 
 .data          0x000000002000001c       0x18 Drivers/BSP/P-NUCLEO-WB55.Nucleo/stm32wbxx_nucleo.o
                0x000000002000001c                GPIO_PORT
                0x0000000020000028                BUTTON_PORT
 .data          0x0000000020000034        0x4 Drivers/CMSIS/system_stm32wbxx.o
                0x0000000020000034                SystemCoreClock
 .data          0x0000000020000038        0x8 Drivers/STM32WBxx_HAL_Driver/stm32wbxx_hal.o
                0x0000000020000038                uwTickFreq
                0x000000002000003c                uwTickPrio
 .data          0x0000000020000040        0x1 Middlewares/STM32_WPAN/dbg_trace.o
                0x0000000020000040                DbgTracePeripheralReady
 *fill*         0x0000000020000041        0x3 
 .data          0x0000000020000044        0x8 Utilities/stm32_seq.o
 *(.data*)
 .data._impure_ptr
                0x000000002000004c        0x4 c:/st/stm32cubeide_1.1.0/stm32cubeide/plugins/com.st.stm32cube.ide.mcu.externaltools.gnu-tools-for-stm32.7-2018-q2-update.win32_1.4.0.202007081208/tools/bin/../lib/gcc/arm-none-eabi/7.3.1/../../../../arm-none-eabi/lib/thumb/v7e-m/fpv4-sp/hard\libc_nano.a(lib_a-impure.o)
                0x000000002000004c                _impure_ptr
 .data.impure_data
                0x0000000020000050       0x60 c:/st/stm32cubeide_1.1.0/stm32cubeide/plugins/com.st.stm32cube.ide.mcu.externaltools.gnu-tools-for-stm32.7-2018-q2-update.win32_1.4.0.202007081208/tools/bin/../lib/gcc/arm-none-eabi/7.3.1/../../../../arm-none-eabi/lib/thumb/v7e-m/fpv4-sp/hard\libc_nano.a(lib_a-impure.o)
                0x00000000200000b0                . = ALIGN (0x4)
                0x00000000200000b0                _edata = .

.igot.plt       0x00000000200000b0        0x0 load address 0x00000000080079c8
 .igot.plt      0x00000000200000b0        0x0 c:/st/stm32cubeide_1.1.0/stm32cubeide/plugins/com.st.stm32cube.ide.mcu.externaltools.gnu-tools-for-stm32.7-2018-q2-update.win32_1.4.0.202007081208/tools/bin/../lib/gcc/arm-none-eabi/7.3.1/thumb/v7e-m/fpv4-sp/hard/crtbegin.o

TIMERSERVER_CONTEXT
                0x00000000200000b0       0x99 load address 0x00000000080079c8
 TIMERSERVER_CONTEXT
                0x00000000200000b0       0x99 Application/User/Core/hw_timerserver.o

BLE_APP_CONTEXT
                0x0000000020000150       0xb0 load address 0x0000000008007a61
 BLE_APP_CONTEXT
                0x0000000020000150       0x98 Application/User/STM32_WPAN/App/app_ble.o
 BLE_APP_CONTEXT
                0x00000000200001e8       0x18 Application/User/STM32_WPAN/App/p2p_server_app.o

BLE_DRIVER_CONTEXT
                0x0000000020000200       0x1d load address 0x0000000008007b11
 BLE_DRIVER_CONTEXT
                0x0000000020000200        0xe Middlewares/STM32_WPAN/hci_tl.o
                0x000000002000020c                UserEventFlow
 BLE_DRIVER_CONTEXT
                0x000000002000020e        0x6 Middlewares/STM32_WPAN/p2p_stm.o
 BLE_DRIVER_CONTEXT
                0x0000000020000214        0x9 Middlewares/STM32_WPAN/svc_ctl.o
                0x0000000020000214                SVCCTL_EvtHandler
                0x000000002000021c                SVCCTL_CltHandler

SYSTEM_DRIVER_CONTEXT
                0x0000000020000220       0x11 load address 0x0000000008007b2e
 SYSTEM_DRIVER_CONTEXT
                0x0000000020000220       0x11 Middlewares/STM32_WPAN/shci_tl.o
                0x0000000020000230                SHCI_TL_UserEventFlow
                0x0000000020000234                . = ALIGN (0x4)

.bss            0x0000000020000234     0x13d8 load address 0x0000000008007b3f
                0x0000000020000234                _sbss = .
                0x0000000020000234                __bss_start__ = _sbss
 *(.bss)
 .bss           0x0000000020000234       0x1c c:/st/stm32cubeide_1.1.0/stm32cubeide/plugins/com.st.stm32cube.ide.mcu.externaltools.gnu-tools-for-stm32.7-2018-q2-update.win32_1.4.0.202007081208/tools/bin/../lib/gcc/arm-none-eabi/7.3.1/thumb/v7e-m/fpv4-sp/hard/crtbegin.o
 .bss           0x0000000020000250        0x8 Application/SW4STM32/syscalls.o
                0x0000000020000254                __env
 .bss           0x0000000020000258        0xa Application/User/Core/hw_timerserver.o
 .bss           0x0000000020000262        0x1 Application/User/Core/main.o
                0x0000000020000262                ready_to_send
 .bss           0x0000000020000263        0x6 Application/User/STM32_WPAN/App/app_ble.o
 *fill*         0x0000000020000269        0x3 
 .bss           0x000000002000026c        0x4 Application/User/STM32_WPAN/Target/hw_ipcc.o
 .bss           0x0000000020000270     0x1020 Middlewares/STM32_WPAN/dbg_trace.o
 .bss           0x0000000020001290       0x2d Middlewares/STM32_WPAN/hci_tl.o
 *fill*         0x00000000200012bd        0x3 
 .bss           0x00000000200012c0       0x25 Middlewares/STM32_WPAN/shci_tl.o
 *fill*         0x00000000200012e5        0x3 
 .bss           0x00000000200012e8       0x18 Middlewares/STM32_WPAN/tl_mbox.o
 .bss           0x0000000020001300        0x8 Utilities/stm32_lpm.o
 .bss           0x0000000020001308       0xa0 Utilities/stm32_seq.o
 *(.bss*)
 .bss.__malloc_free_list
                0x00000000200013a8        0x4 c:/st/stm32cubeide_1.1.0/stm32cubeide/plugins/com.st.stm32cube.ide.mcu.externaltools.gnu-tools-for-stm32.7-2018-q2-update.win32_1.4.0.202007081208/tools/bin/../lib/gcc/arm-none-eabi/7.3.1/../../../../arm-none-eabi/lib/thumb/v7e-m/fpv4-sp/hard\libc_nano.a(lib_a-nano-mallocr.o)
                0x00000000200013a8                __malloc_free_list
 .bss.__malloc_sbrk_start
                0x00000000200013ac        0x4 c:/st/stm32cubeide_1.1.0/stm32cubeide/plugins/com.st.stm32cube.ide.mcu.externaltools.gnu-tools-for-stm32.7-2018-q2-update.win32_1.4.0.202007081208/tools/bin/../lib/gcc/arm-none-eabi/7.3.1/../../../../arm-none-eabi/lib/thumb/v7e-m/fpv4-sp/hard\libc_nano.a(lib_a-nano-mallocr.o)
                0x00000000200013ac                __malloc_sbrk_start
 *(COMMON)
 COMMON         0x00000000200013b0       0x10 Application/User/Core/hw_uart.o
                0x00000000200013b0                HW_hlpuart1TxCb
                0x00000000200013b4                HW_huart1RxCb
                0x00000000200013b8                HW_hlpuart1RxCb
                0x00000000200013bc                HW_huart1TxCb
 COMMON         0x00000000200013c0      0x23c Application/User/Core/main.o
                0x00000000200013c0                hlpuart1
                0x000000002000144c                hdma_usart1_tx
                0x00000000200014ac                huart1
                0x0000000020001538                hrtc
                0x000000002000155c                hdma_lpuart1_tx
                0x00000000200015bc                htim2
 COMMON         0x00000000200015fc        0x6 Application/User/STM32_WPAN/App/app_ble.o
                0x00000000200015fc                handleNotification
                0x0000000020001600                mutex
                0x0000000020001601                index_con_int
 *fill*         0x0000000020001602        0x2 
 COMMON         0x0000000020001604        0x4 Drivers/STM32WBxx_HAL_Driver/stm32wbxx_hal.o
                0x0000000020001604                uwTick