stm32wbxx_ll_pwr.h:1616:22:LL_PWR_EnableBootC2	4	static
stm32wbxx_ll_exti.h:784:22:LL_C2_EXTI_EnableEvent_32_63	16	static
stm32wbxx_ll_exti.h:1042:22:LL_EXTI_EnableRisingTrig_32_63	16	static
stm32wbxx_ll_bus.h:745:22:LL_AHB3_GRP1_EnableClock	24	static
stm32wbxx_ll_bus.h:1783:22:LL_C2_AHB3_GRP1_EnableClock	24	static
stm32wbxx_ll_ipcc.h:138:22:LL_C1_IPCC_EnableIT_TXF	16	static
stm32wbxx_ll_ipcc.h:171:22:LL_C1_IPCC_EnableIT_RXO	16	static
stm32wbxx_ll_ipcc.h:290:22:LL_C1_IPCC_EnableTransmitChannel	16	static
stm32wbxx_ll_ipcc.h:313:22:LL_C1_IPCC_DisableTransmitChannel	16	static
stm32wbxx_ll_ipcc.h:359:22:LL_C1_IPCC_EnableReceiveChannel	16	static
stm32wbxx_ll_ipcc.h:575:22:LL_C1_IPCC_ClearFlag_CHx	16	static
stm32wbxx_ll_ipcc.h:599:22:LL_C1_IPCC_SetFlag_CHx	16	static
stm32wbxx_ll_ipcc.h:622:26:LL_C1_IPCC_IsActiveFlag_CHx	16	static
stm32wbxx_ll_ipcc.h:693:26:LL_C2_IPCC_IsActiveFlag_CHx	16	static
hw_ipcc.c:74:6:HW_IPCC_Rx_Handler	8	static
hw_ipcc.c:138:6:HW_IPCC_Tx_Handler	8	static
hw_ipcc.c:183:6:HW_IPCC_Enable	8	static,ignoring_inline_asm
hw_ipcc.c:213:6:HW_IPCC_Init	8	static
hw_ipcc.c:229:6:HW_IPCC_BLE_Init	8	static
hw_ipcc.c:236:6:HW_IPCC_BLE_SendCmd	8	static
hw_ipcc.c:243:13:HW_IPCC_BLE_EvtHandler	8	static
hw_ipcc.c:252:6:HW_IPCC_BLE_SendAclData	8	static
hw_ipcc.c:260:13:HW_IPCC_BLE_AclDataEvtHandler	8	static
hw_ipcc.c:269:13:HW_IPCC_BLE_AclDataAckNot	4	static
hw_ipcc.c:270:13:HW_IPCC_BLE_RxEvtNot	4	static
hw_ipcc.c:275:6:HW_IPCC_SYS_Init	8	static
hw_ipcc.c:282:6:HW_IPCC_SYS_SendCmd	8	static
hw_ipcc.c:290:13:HW_IPCC_SYS_CmdEvtHandler	8	static
hw_ipcc.c:299:13:HW_IPCC_SYS_EvtHandler	8	static
hw_ipcc.c:308:13:HW_IPCC_SYS_CmdEvtNot	4	static
hw_ipcc.c:309:13:HW_IPCC_SYS_EvtNot	4	static
hw_ipcc.c:624:6:HW_IPCC_MM_SendFreeBuf	16	static
hw_ipcc.c:641:13:HW_IPCC_MM_FreeBufHandler	8	static
hw_ipcc.c:655:6:HW_IPCC_TRACES_Init	8	static
hw_ipcc.c:662:13:HW_IPCC_TRACES_EvtHandler	8	static
hw_ipcc.c:671:13:HW_IPCC_TRACES_EvtNot	4	static
