stm32wbxx_hal_rtc.c:693:13:HAL_RTC_MspInit	0	static
stm32wbxx_hal_rtc.c:708:13:HAL_RTC_MspDeInit	0	static
stm32wbxx_hal_rtc.c:1450:19:HAL_RTC_DeactivateAlarm	16	static
stm32wbxx_hal_rtc.c:1653:13:HAL_RTC_AlarmAEventCallback	0	static
stm32wbxx_hal_rtc.c:1604:6:HAL_RTC_AlarmIRQHandler	8	static
stm32wbxx_hal_rtc.c:1669:19:HAL_RTC_PollForAlarmAEvent	16	static
stm32wbxx_hal_rtc.c:1728:19:HAL_RTC_WaitForSynchro	16	static
stm32wbxx_hal_rtc.c:1772:21:HAL_RTC_GetState	0	static
stm32wbxx_hal_rtc.c:1795:19:RTC_EnterInitMode	16	static
stm32wbxx_hal_rtc.c:231:19:HAL_RTC_Init	16	static
stm32wbxx_hal_rtc.c:357:19:HAL_RTC_DeInit	16	static
stm32wbxx_hal_rtc.c:1825:9:RTC_ByteToBcd2	0	static
stm32wbxx_hal_rtc.c:746:19:HAL_RTC_SetTime	24	static
stm32wbxx_hal_rtc.c:924:19:HAL_RTC_SetDate	24	static
stm32wbxx_hal_rtc.c:1087:19:HAL_RTC_SetAlarm	32	static
stm32wbxx_hal_rtc.c:1268:19:HAL_RTC_SetAlarm_IT	32	static
stm32wbxx_hal_rtc.c:1844:9:RTC_Bcd2ToByte	0	static
stm32wbxx_hal_rtc.c:880:19:HAL_RTC_GetTime	16	static
stm32wbxx_hal_rtc.c:1033:19:HAL_RTC_GetDate	16	static
stm32wbxx_hal_rtc.c:1544:19:HAL_RTC_GetAlarm	16	static
