stm32wbxx_ll_rcc.h:1352:26:LL_RCC_HSE_IsEnabledDiv2	0	static
stm32wbxx_ll_rcc.h:1574:26:LL_RCC_HSI_IsReady	0	static
stm32wbxx_ll_rcc.h:1797:26:LL_RCC_LSE_IsReady	0	static
stm32wbxx_ll_rcc.h:1845:26:LL_RCC_LSI1_IsReady	0	static
stm32wbxx_ll_rcc.h:1883:26:LL_RCC_LSI2_IsReady	0	static
stm32wbxx_ll_rcc.h:2014:26:LL_RCC_MSI_GetRange	0	static
stm32wbxx_ll_rcc.h:2608:22:LL_RCC_SetI2CClockSource	0	static
stm32wbxx_ll_rcc.h:3061:26:LL_RCC_PLL_IsReady	0	static
stm32wbxx_ll_rcc.h:3486:22:LL_RCC_PLLSAI1_Enable	0	static
stm32wbxx_ll_rcc.h:3496:22:LL_RCC_PLLSAI1_Disable	0	static
stm32wbxx_ll_rcc.h:3506:26:LL_RCC_PLLSAI1_IsReady	0	static
stm32wbxx_ll_bus.h:508:22:LL_AHB2_GRP1_EnableClock	8	static
stm32wbxx_hal_rcc_ex.c:2247:17:RCC_PLL_GetFreqDomain_Q	8	static
stm32wbxx_hal_rcc_ex.c:2204:17:RCC_PLL_GetFreqDomain_P	8	static
stm32wbxx_hal_rcc_ex.c:150:19:HAL_RCCEx_PeriphCLKConfig	24	static
stm32wbxx_hal_rcc_ex.c:1181:10:HAL_RCCEx_GetRngCLKSource	0	static
stm32wbxx_hal_rcc_ex.c:462:6:HAL_RCCEx_GetPeriphCLKConfig	8	static
stm32wbxx_hal_rcc_ex.c:581:10:HAL_RCCEx_GetPeriphCLKFreq	8	static
stm32wbxx_hal_rcc_ex.c:1222:19:HAL_RCCEx_EnablePLLSAI1	16	static
stm32wbxx_hal_rcc_ex.c:1282:19:HAL_RCCEx_DisablePLLSAI1	8	static
stm32wbxx_hal_rcc_ex.c:1322:6:HAL_RCCEx_WakeUpStopCLKConfig	0	static
stm32wbxx_hal_rcc_ex.c:1336:6:HAL_RCCEx_EnableLSECSS	0	static
stm32wbxx_hal_rcc_ex.c:1346:6:HAL_RCCEx_DisableLSECSS	0	static
stm32wbxx_hal_rcc_ex.c:1359:6:HAL_RCCEx_EnableLSECSS_IT	0	static
stm32wbxx_hal_rcc_ex.c:1395:13:HAL_RCCEx_LSECSS_Callback	0	static
stm32wbxx_hal_rcc_ex.c:1378:6:HAL_RCCEx_LSECSS_IRQHandler	8	static
stm32wbxx_hal_rcc_ex.c:1416:6:HAL_RCCEx_LSCOConfig	40	static
stm32wbxx_hal_rcc_ex.c:1497:6:HAL_RCCEx_EnableLSCO	40	static
stm32wbxx_hal_rcc_ex.c:1539:6:HAL_RCCEx_DisableLSCO	8	static
stm32wbxx_hal_rcc_ex.c:1570:6:HAL_RCCEx_EnableMSIPLLMode	0	static
stm32wbxx_hal_rcc_ex.c:1580:6:HAL_RCCEx_DisableMSIPLLMode	0	static
stm32wbxx_hal_rcc_ex.c:1596:19:HAL_RCCEx_TrimOsc	8	static
stm32wbxx_hal_rcc_ex.c:1698:6:HAL_RCCEx_CRSConfig	0	static
stm32wbxx_hal_rcc_ex.c:1740:6:HAL_RCCEx_CRSSoftwareSynchronizationGenerate	0	static
stm32wbxx_hal_rcc_ex.c:1750:6:HAL_RCCEx_CRSGetSynchronizationInfo	0	static
stm32wbxx_hal_rcc_ex.c:1783:10:HAL_RCCEx_CRSWaitSynchronization	24	static
stm32wbxx_hal_rcc_ex.c:1932:13:HAL_RCCEx_CRS_SyncOkCallback	0	static
stm32wbxx_hal_rcc_ex.c:1943:13:HAL_RCCEx_CRS_SyncWarnCallback	0	static
stm32wbxx_hal_rcc_ex.c:1954:13:HAL_RCCEx_CRS_ExpectedSyncCallback	0	static
stm32wbxx_hal_rcc_ex.c:1970:13:HAL_RCCEx_CRS_ErrorCallback	0	static
stm32wbxx_hal_rcc_ex.c:1867:6:HAL_RCCEx_CRS_IRQHandler	8	static
