stm32wbxx_ll_rcc.h:1412:26:LL_RCC_HSE_IsReady	0	static
stm32wbxx_ll_rcc.h:1574:26:LL_RCC_HSI_IsReady	0	static
stm32wbxx_ll_rcc.h:1845:26:LL_RCC_LSI1_IsReady	0	static
stm32wbxx_ll_rcc.h:1942:26:LL_RCC_MSI_IsReady	0	static
stm32wbxx_ll_rcc.h:1992:22:LL_RCC_MSI_SetRange	0	static
stm32wbxx_ll_rcc.h:2014:26:LL_RCC_MSI_GetRange	0	static
stm32wbxx_ll_rcc.h:2044:22:LL_RCC_MSI_SetCalibTrimming	0	static
stm32wbxx_ll_bus.h:508:22:LL_AHB2_GRP1_EnableClock	8	static
stm32wbxx_hal_rcc.c:1730:26:RCC_SetFlashLatencyFromMSIRange	56	static
stm32wbxx_hal_rcc.c:270:19:HAL_RCC_DeInit	16	static
stm32wbxx_hal_rcc.c:389:19:HAL_RCC_OscConfig	24	static
stm32wbxx_hal_rcc.c:1058:19:HAL_RCC_ClockConfig	24	static
stm32wbxx_hal_rcc.c:1318:6:HAL_RCC_MCOConfig	40	static
stm32wbxx_hal_rcc.c:1404:10:HAL_RCC_GetSysClockFreq	8	static
stm32wbxx_hal_rcc.c:1467:10:HAL_RCC_GetHCLKFreq	8	static
stm32wbxx_hal_rcc.c:1477:10:HAL_RCC_GetHCLK2Freq	8	static
stm32wbxx_hal_rcc.c:1487:10:HAL_RCC_GetHCLK4Freq	8	static
stm32wbxx_hal_rcc.c:1499:10:HAL_RCC_GetPCLK1Freq	8	static
stm32wbxx_hal_rcc.c:1511:10:HAL_RCC_GetPCLK2Freq	8	static
stm32wbxx_hal_rcc.c:1524:6:HAL_RCC_GetOscConfig	8	static
stm32wbxx_hal_rcc.c:1634:6:HAL_RCC_GetClockConfig	0	static
stm32wbxx_hal_rcc.c:1676:6:HAL_RCC_EnableCSS	0	static
stm32wbxx_hal_rcc.c:1703:13:HAL_RCC_CSSCallback	0	static
stm32wbxx_hal_rcc.c:1686:6:HAL_RCC_NMI_IRQHandler	8	static
