stm32wbxx_hal_pwr_ex.c:87:10:HAL_PWREx_GetVoltageRange	0	static
stm32wbxx_hal_pwr_ex.c:112:19:HAL_PWREx_ControlVoltageScaling	0	static
stm32wbxx_hal_pwr_ex.c:163:6:HAL_PWREx_EnableBatteryCharging	0	static
stm32wbxx_hal_pwr_ex.c:178:6:HAL_PWREx_DisableBatteryCharging	0	static
stm32wbxx_hal_pwr_ex.c:190:6:HAL_PWREx_EnableVddUSB	0	static
stm32wbxx_hal_pwr_ex.c:199:6:HAL_PWREx_DisableVddUSB	0	static
stm32wbxx_hal_pwr_ex.c:211:6:HAL_PWREx_EnableInternalWakeUpLine	0	static
stm32wbxx_hal_pwr_ex.c:220:6:HAL_PWREx_DisableInternalWakeUpLine	0	static
stm32wbxx_hal_pwr_ex.c:231:6:HAL_PWREx_EnableBORH_SMPSBypassIT	0	static
stm32wbxx_hal_pwr_ex.c:241:6:HAL_PWREx_DisableBORH_SMPSBypassIT	0	static
stm32wbxx_hal_pwr_ex.c:251:6:HAL_PWREx_EnableRFPhaseIT	0	static
stm32wbxx_hal_pwr_ex.c:260:6:HAL_PWREx_DisableRFPhaseIT	0	static
stm32wbxx_hal_pwr_ex.c:270:6:HAL_PWREx_EnableBLEActivityIT	0	static
stm32wbxx_hal_pwr_ex.c:279:6:HAL_PWREx_DisableBLEActivityIT	0	static
stm32wbxx_hal_pwr_ex.c:289:6:HAL_PWREx_Enable802ActivityIT	0	static
stm32wbxx_hal_pwr_ex.c:298:6:HAL_PWREx_Disable802ActivityIT	0	static
stm32wbxx_hal_pwr_ex.c:307:6:HAL_PWREx_EnableHOLDC2IT	0	static
stm32wbxx_hal_pwr_ex.c:316:6:HAL_PWREx_DisableHOLDC2IT	0	static
stm32wbxx_hal_pwr_ex.c:344:19:HAL_PWREx_EnableGPIOPullUp	0	static
stm32wbxx_hal_pwr_ex.c:402:19:HAL_PWREx_DisableGPIOPullUp	0	static
stm32wbxx_hal_pwr_ex.c:462:19:HAL_PWREx_EnableGPIOPullDown	0	static
stm32wbxx_hal_pwr_ex.c:520:19:HAL_PWREx_DisableGPIOPullDown	0	static
stm32wbxx_hal_pwr_ex.c:567:6:HAL_PWREx_EnablePullUpPullDownConfig	0	static
stm32wbxx_hal_pwr_ex.c:578:6:HAL_PWREx_DisablePullUpPullDownConfig	0	static
stm32wbxx_hal_pwr_ex.c:592:6:HAL_PWREx_SetBORConfig	0	static
stm32wbxx_hal_pwr_ex.c:603:10:HAL_PWREx_GetBORConfig	0	static
stm32wbxx_hal_pwr_ex.c:618:6:HAL_PWREx_HoldCore	0	static
stm32wbxx_hal_pwr_ex.c:633:6:HAL_PWREx_ReleaseCore	0	static
stm32wbxx_hal_pwr_ex.c:648:6:HAL_PWREx_EnableSRAMRetention	0	static
stm32wbxx_hal_pwr_ex.c:659:6:HAL_PWREx_DisableSRAMRetention	0	static
stm32wbxx_hal_pwr_ex.c:674:6:HAL_PWREx_EnableFlashPowerDown	0	static
stm32wbxx_hal_pwr_ex.c:697:6:HAL_PWREx_DisableFlashPowerDown	0	static
stm32wbxx_hal_pwr_ex.c:711:6:HAL_PWREx_EnablePVM1	0	static
stm32wbxx_hal_pwr_ex.c:720:6:HAL_PWREx_DisablePVM1	0	static
stm32wbxx_hal_pwr_ex.c:730:6:HAL_PWREx_EnablePVM3	0	static
stm32wbxx_hal_pwr_ex.c:739:6:HAL_PWREx_DisablePVM3	0	static
stm32wbxx_hal_pwr_ex.c:759:19:HAL_PWREx_ConfigPVM	0	static
stm32wbxx_hal_pwr_ex.c:857:19:HAL_PWREx_ConfigSMPS	24	static
stm32wbxx_hal_pwr_ex.c:916:6:HAL_PWREx_SMPS_SetMode	0	static
stm32wbxx_hal_pwr_ex.c:941:10:HAL_PWREx_SMPS_GetEffectiveMode	0	static
stm32wbxx_hal_pwr_ex.c:969:6:HAL_PWREx_EnableWakeUpPin	8	static
stm32wbxx_hal_pwr_ex.c:999:11:HAL_PWREx_GetWakeupFlag	0	static
stm32wbxx_hal_pwr_ex.c:1015:19:HAL_PWREx_ClearWakeupFlag	0	static
stm32wbxx_hal_pwr_ex.c:1038:6:HAL_PWREx_EnableLowPowerRunMode	0	static
stm32wbxx_hal_pwr_ex.c:1053:19:HAL_PWREx_DisableLowPowerRunMode	0	static
stm32wbxx_hal_pwr_ex.c:1102:6:HAL_PWREx_EnterSTOP0Mode	0	static,ignoring_inline_asm
stm32wbxx_hal_pwr_ex.c:1156:6:HAL_PWREx_EnterSTOP1Mode	0	static,ignoring_inline_asm
stm32wbxx_hal_pwr_ex.c:1219:6:HAL_PWREx_EnterSTOP2Mode	0	static,ignoring_inline_asm
stm32wbxx_hal_pwr_ex.c:1263:6:HAL_PWREx_EnterSHUTDOWNMode	0	static,ignoring_inline_asm
stm32wbxx_hal_pwr_ex.c:1331:13:HAL_PWREx_PVM1Callback	0	static
stm32wbxx_hal_pwr_ex.c:1343:13:HAL_PWREx_PVM3Callback	0	static
stm32wbxx_hal_pwr_ex.c:1292:6:HAL_PWREx_PVD_PVM_IRQHandler	8	static
