stm32wbxx_hal.c:218:13:HAL_MspInit	0	static
stm32wbxx_hal.c:229:13:HAL_MspDeInit	0	static
stm32wbxx_hal.c:186:19:HAL_DeInit	8	static
stm32wbxx_hal.c:252:26:HAL_InitTick	16	static
stm32wbxx_hal.c:143:19:HAL_Init	8	static
stm32wbxx_hal.c:320:13:HAL_IncTick	0	static
stm32wbxx_hal.c:331:17:HAL_GetTick	0	static
stm32wbxx_hal.c:340:10:HAL_GetTickPrio	0	static
stm32wbxx_hal.c:349:19:HAL_SetTickFreq	16	static
stm32wbxx_hal.c:381:21:HAL_GetTickFreq	0	static
stm32wbxx_hal.c:397:15:HAL_Delay	16	static
stm32wbxx_hal.c:424:13:HAL_SuspendTick	0	static
stm32wbxx_hal.c:440:13:HAL_ResumeTick	0	static
stm32wbxx_hal.c:450:10:HAL_GetHalVersion	0	static
stm32wbxx_hal.c:459:10:HAL_GetREVID	0	static
stm32wbxx_hal.c:468:10:HAL_GetDEVID	0	static
stm32wbxx_hal.c:477:10:HAL_GetUIDw0	0	static
stm32wbxx_hal.c:486:10:HAL_GetUIDw1	0	static
stm32wbxx_hal.c:495:10:HAL_GetUIDw2	0	static
stm32wbxx_hal.c:524:6:HAL_DBGMCU_EnableDBGSleepMode	0	static
stm32wbxx_hal.c:533:6:HAL_DBGMCU_DisableDBGSleepMode	0	static
stm32wbxx_hal.c:542:6:HAL_DBGMCU_EnableDBGStopMode	0	static
stm32wbxx_hal.c:551:6:HAL_DBGMCU_DisableDBGStopMode	0	static
stm32wbxx_hal.c:560:6:HAL_DBGMCU_EnableDBGStandbyMode	0	static
stm32wbxx_hal.c:569:6:HAL_DBGMCU_DisableDBGStandbyMode	0	static
stm32wbxx_hal.c:604:6:HAL_SYSCFG_SRAM2Erase	0	static
stm32wbxx_hal.c:618:6:HAL_SYSCFG_DisableSRAMFetch	0	static
stm32wbxx_hal.c:627:10:HAL_SYSCFG_IsEnabledSRAMFetch	0	static
stm32wbxx_hal.c:645:6:HAL_SYSCFG_VREFBUF_VoltageScalingConfig	0	static
stm32wbxx_hal.c:676:6:HAL_SYSCFG_VREFBUF_HighImpedanceConfig	0	static
stm32wbxx_hal.c:697:6:HAL_SYSCFG_VREFBUF_TrimmingConfig	0	static
stm32wbxx_hal.c:710:19:HAL_SYSCFG_EnableVREFBUF	16	static
stm32wbxx_hal.c:736:6:HAL_SYSCFG_DisableVREFBUF	0	static
stm32wbxx_hal.c:747:6:HAL_SYSCFG_EnableIOBooster	0	static
stm32wbxx_hal.c:757:6:HAL_SYSCFG_DisableIOBooster	0	static
stm32wbxx_hal.c:767:6:HAL_SYSCFG_EnableIOVdd	0	static
stm32wbxx_hal.c:777:6:HAL_SYSCFG_DisableIOVdd	0	static
stm32wbxx_hal.c:794:6:HAL_SYSCFG_EnableSecurityAccess	0	static
stm32wbxx_hal.c:814:6:HAL_SYSCFG_DisableSecurityAccess	0	static
stm32wbxx_hal.c:831:10:HAL_SYSCFG_IsEnabledSecurityAccess	0	static
