stm32wbxx_hal_rtc_ex.c:194:19:HAL_RTCEx_SetTimeStamp	0	static
stm32wbxx_hal_rtc_ex.c:256:19:HAL_RTCEx_SetTimeStamp_IT	0	static
stm32wbxx_hal_rtc_ex.c:312:19:HAL_RTCEx_DeactivateTimeStamp	0	static
stm32wbxx_hal_rtc_ex.c:352:19:HAL_RTCEx_SetInternalTimeStamp	0	static
stm32wbxx_hal_rtc_ex.c:386:19:HAL_RTCEx_DeactivateInternalTimeStamp	0	static
stm32wbxx_hal_rtc_ex.c:422:19:HAL_RTCEx_GetTimeStamp	24	static
stm32wbxx_hal_rtc_ex.c:477:19:HAL_RTCEx_SetTamper	16	static
stm32wbxx_hal_rtc_ex.c:569:19:HAL_RTCEx_SetTamper_IT	16	static
stm32wbxx_hal_rtc_ex.c:667:19:HAL_RTCEx_DeactivateTamper	0	static
stm32wbxx_hal_rtc_ex.c:804:13:HAL_RTCEx_TimeStampEventCallback	0	static
stm32wbxx_hal_rtc_ex.c:820:13:HAL_RTCEx_Tamper1EventCallback	0	static
stm32wbxx_hal_rtc_ex.c:836:13:HAL_RTCEx_Tamper2EventCallback	0	static
stm32wbxx_hal_rtc_ex.c:852:13:HAL_RTCEx_Tamper3EventCallback	0	static
stm32wbxx_hal_rtc_ex.c:713:6:HAL_RTCEx_TamperTimeStampIRQHandler	8	static
stm32wbxx_hal_rtc_ex.c:869:19:HAL_RTCEx_PollForTimeStampEvent	16	static
stm32wbxx_hal_rtc_ex.c:909:19:HAL_RTCEx_PollForTamper1Event	16	static
stm32wbxx_hal_rtc_ex.c:942:19:HAL_RTCEx_PollForTamper2Event	16	static
stm32wbxx_hal_rtc_ex.c:975:19:HAL_RTCEx_PollForTamper3Event	16	static
stm32wbxx_hal_rtc_ex.c:1027:19:HAL_RTCEx_SetWakeUpTimer	24	static
stm32wbxx_hal_rtc_ex.c:1116:19:HAL_RTCEx_SetWakeUpTimer_IT	24	static
stm32wbxx_hal_rtc_ex.c:1214:19:HAL_RTCEx_DeactivateWakeUpTimer	16	static
stm32wbxx_hal_rtc_ex.c:1266:10:HAL_RTCEx_GetWakeUpTimer	0	static
stm32wbxx_hal_rtc_ex.c:1305:13:HAL_RTCEx_WakeUpTimerEventCallback	0	static
stm32wbxx_hal_rtc_ex.c:1277:6:HAL_RTCEx_WakeUpTimerIRQHandler	8	static
stm32wbxx_hal_rtc_ex.c:1322:19:HAL_RTCEx_PollForWakeUpTimerEvent	16	static
stm32wbxx_hal_rtc_ex.c:1388:6:HAL_RTCEx_BKUPWrite	0	static
stm32wbxx_hal_rtc_ex.c:1410:10:HAL_RTCEx_BKUPRead	0	static
stm32wbxx_hal_rtc_ex.c:1443:19:HAL_RTCEx_SetSmoothCalib	24	static
stm32wbxx_hal_rtc_ex.c:1511:19:HAL_RTCEx_SetSynchroShift	24	static
stm32wbxx_hal_rtc_ex.c:1604:19:HAL_RTCEx_SetCalibrationOutPut	0	static
stm32wbxx_hal_rtc_ex.c:1642:19:HAL_RTCEx_DeactivateCalibrationOutPut	0	static
stm32wbxx_hal_rtc_ex.c:1671:19:HAL_RTCEx_SetRefClock	16	static
stm32wbxx_hal_rtc_ex.c:1720:19:HAL_RTCEx_DeactivateRefClock	16	static
stm32wbxx_hal_rtc_ex.c:1771:19:HAL_RTCEx_EnableBypassShadow	0	static
stm32wbxx_hal_rtc_ex.c:1803:19:HAL_RTCEx_DisableBypassShadow	0	static
stm32wbxx_hal_rtc_ex.c:1852:13:HAL_RTCEx_AlarmBEventCallback	0	static
stm32wbxx_hal_rtc_ex.c:1868:19:HAL_RTCEx_PollForAlarmBEvent	16	static
