stm32wbxx_ll_system.h:2221:26:LL_FLASH_GetUDN	4	static
stm32wbxx_ll_system.h:2233:26:LL_FLASH_GetDeviceID	4	static
stm32wbxx_ll_system.h:2245:26:LL_FLASH_GetSTCompanyID	4	static
app_ble.c:310:6:APP_BLE_Init	64	static
app_ble.c:436:28:SVCCTL_App_Notification	56	static
app_ble.c:680:22:APP_BLE_Get_Server_Connection_Status	4	static
app_ble.c:694:13:Ble_Tl_Init	16	static
app_ble.c:707:13:Ble_Hci_Gap_Gatt_Init	88	static
app_ble.c:849:13:Adv_Request	56	static
app_ble.c:934:16:BleGetBdAddress	32	static
app_ble.c:984:13:Adv_Cancel	16	static
app_ble.c:1016:13:Adv_Cancel_Req	8	static
app_ble.c:1031:13:Switch_OFF_GPIO	4	static
app_ble.c:1038:6:BLE_SVC_L2CAP_Conn_Update	48	static
app_ble.c:1072:13:Connection_Interval_Update_Req	8	static
app_ble.c:1092:6:hci_notify_asynch_evt	16	static
app_ble.c:1099:6:hci_cmd_resp_release	16	static
app_ble.c:1106:6:hci_cmd_resp_wait	16	static
app_ble.c:1113:13:BLE_UserEvtRx	24	static
app_ble.c:1131:13:BLE_StatusNot	16	static
app_ble.c:1149:6:SVCCTL_ResumeUserEventFlow	8	static
app_ble.c:1156:13:AsynchBle	16	static
app_ble.c:1166:13:AdvCancel	16	static
