ble_gatt_aci.c:23:12:aci_gatt_init	40	static
ble_gatt_aci.c:41:12:aci_gatt_add_service	328	static
ble_gatt_aci.c:92:12:aci_gatt_include_service	320	static
ble_gatt_aci.c:133:12:aci_gatt_add_char	320	static
ble_gatt_aci.c:207:12:aci_gatt_add_char_desc	328	static
ble_gatt_aci.c:293:12:aci_gatt_update_char_value	312	static
ble_gatt_aci.c:330:12:aci_gatt_del_char	304	static
ble_gatt_aci.c:358:12:aci_gatt_del_service	304	static
ble_gatt_aci.c:383:12:aci_gatt_del_include_service	304	static
ble_gatt_aci.c:411:12:aci_gatt_set_event_mask	304	static
ble_gatt_aci.c:436:12:aci_gatt_exchange_config	304	static
ble_gatt_aci.c:462:12:aci_att_find_info_req	304	static
ble_gatt_aci.c:494:12:aci_att_find_by_type_value_req	312	static
ble_gatt_aci.c:535:12:aci_att_read_by_type_req	312	static
ble_gatt_aci.c:574:12:aci_att_read_by_group_type_req	312	static
ble_gatt_aci.c:613:12:aci_att_prepare_write_req	312	static
ble_gatt_aci.c:651:12:aci_att_execute_write_req	304	static
ble_gatt_aci.c:680:12:aci_gatt_disc_all_primary_services	304	static
ble_gatt_aci.c:706:12:aci_gatt_disc_primary_service_by_uuid	312	static
ble_gatt_aci.c:739:12:aci_gatt_find_included_services	304	static
ble_gatt_aci.c:771:12:aci_gatt_disc_all_char_of_service	304	static
ble_gatt_aci.c:803:12:aci_gatt_disc_char_by_uuid	312	static
ble_gatt_aci.c:842:12:aci_gatt_disc_all_char_desc	304	static
ble_gatt_aci.c:874:12:aci_gatt_read_char_value	304	static
ble_gatt_aci.c:903:12:aci_gatt_read_using_char_uuid	312	static
ble_gatt_aci.c:942:12:aci_gatt_read_long_char_value	304	static
ble_gatt_aci.c:974:12:aci_gatt_read_multiple_char_value	312	static
ble_gatt_aci.c:1006:12:aci_gatt_write_char_value	312	static
ble_gatt_aci.c:1041:12:aci_gatt_write_long_char_value	312	static
ble_gatt_aci.c:1079:12:aci_gatt_write_char_reliable	312	static
ble_gatt_aci.c:1117:12:aci_gatt_write_long_char_desc	312	static
ble_gatt_aci.c:1155:12:aci_gatt_read_long_char_desc	304	static
ble_gatt_aci.c:1187:12:aci_gatt_write_char_desc	312	static
ble_gatt_aci.c:1222:12:aci_gatt_read_char_desc	304	static
ble_gatt_aci.c:1251:12:aci_gatt_write_without_resp	312	static
ble_gatt_aci.c:1285:12:aci_gatt_signed_write_without_resp	312	static
ble_gatt_aci.c:1319:12:aci_gatt_confirm_indication	304	static
ble_gatt_aci.c:1344:12:aci_gatt_write_resp	312	static
ble_gatt_aci.c:1384:12:aci_gatt_allow_read	304	static
ble_gatt_aci.c:1409:12:aci_gatt_set_security_permission	304	static
ble_gatt_aci.c:1440:12:aci_gatt_set_desc_value	312	static
ble_gatt_aci.c:1480:12:aci_gatt_read_handle_value	568	static
ble_gatt_aci.c:1518:12:aci_gatt_update_char_value_ext	312	static
ble_gatt_aci.c:1564:12:aci_gatt_deny_read	304	static
ble_gatt_aci.c:1592:12:aci_gatt_set_access_permission	304	static
