ble_hci_le.c:23:12:hci_disconnect	304	static
ble_hci_le.c:52:12:hci_read_remote_version_information	304	static
ble_hci_le.c:78:12:hci_set_event_mask	304	static
ble_hci_le.c:103:12:hci_reset	40	static
ble_hci_le.c:121:12:hci_read_transmit_power_level	312	static
ble_hci_le.c:152:12:hci_set_controller_to_host_flow_control	304	static
ble_hci_le.c:178:12:hci_host_buffer_size	304	static
ble_hci_le.c:213:12:hci_host_number_of_completed_packets	312	static
ble_hci_le.c:242:12:hci_read_local_version_information	64	static
ble_hci_le.c:270:12:hci_read_local_supported_commands	112	static
ble_hci_le.c:290:12:hci_read_local_supported_features	56	static
ble_hci_le.c:310:12:hci_read_bd_addr	48	static
ble_hci_le.c:330:12:hci_read_rssi	312	static
ble_hci_le.c:358:12:hci_le_set_event_mask	304	static
ble_hci_le.c:383:12:hci_le_read_buffer_size	48	static
ble_hci_le.c:405:12:hci_le_read_local_supported_features	56	static
ble_hci_le.c:425:12:hci_le_set_random_address	304	static
ble_hci_le.c:450:12:hci_le_set_advertising_parameters	304	static
ble_hci_le.c:496:12:hci_le_read_advertising_channel_tx_power	48	static
ble_hci_le.c:516:12:hci_le_set_advertising_data	304	static
ble_hci_le.c:544:12:hci_le_set_scan_response_data	304	static
ble_hci_le.c:572:12:hci_le_set_advertise_enable	304	static
ble_hci_le.c:597:12:hci_le_set_scan_parameters	304	static
ble_hci_le.c:634:12:hci_le_set_scan_enable	304	static
ble_hci_le.c:662:12:hci_le_create_connection	304	static
ble_hci_le.c:721:12:hci_le_create_connection_cancel	40	static
ble_hci_le.c:739:12:hci_le_read_white_list_size	48	static
ble_hci_le.c:759:12:hci_le_clear_white_list	40	static
ble_hci_le.c:777:12:hci_le_add_device_to_white_list	304	static
ble_hci_le.c:805:12:hci_le_remove_device_from_white_list	304	static
ble_hci_le.c:833:12:hci_le_connection_update	304	static
ble_hci_le.c:877:12:hci_le_set_host_channel_classification	304	static
ble_hci_le.c:902:12:hci_le_read_channel_map	304	static
ble_hci_le.c:930:12:hci_le_read_remote_features	304	static
ble_hci_le.c:956:12:hci_le_encrypt	328	static
ble_hci_le.c:987:12:hci_le_rand	56	static
ble_hci_le.c:1007:12:hci_le_start_encryption	312	static
ble_hci_le.c:1042:12:hci_le_long_term_key_request_reply	312	static
ble_hci_le.c:1071:12:hci_le_long_term_key_requested_negative_reply	304	static
ble_hci_le.c:1097:12:hci_le_read_supported_states	56	static
ble_hci_le.c:1117:12:hci_le_receiver_test	304	static
ble_hci_le.c:1142:12:hci_le_transmitter_test	304	static
ble_hci_le.c:1173:12:hci_le_test_end	48	static
ble_hci_le.c:1193:12:hci_le_set_data_length	312	static
ble_hci_le.c:1225:12:hci_le_read_suggested_default_data_length	48	static
ble_hci_le.c:1247:12:hci_le_write_suggested_default_data_length	304	static
ble_hci_le.c:1275:12:hci_le_read_local_p256_public_key	40	static
ble_hci_le.c:1294:12:hci_le_generate_dhkey	304	static
ble_hci_le.c:1320:12:hci_le_add_device_to_resolving_list	312	static
ble_hci_le.c:1354:12:hci_le_remove_device_from_resolving_list	304	static
ble_hci_le.c:1382:12:hci_le_clear_resolving_list	40	static
ble_hci_le.c:1400:12:hci_le_read_resolving_list_size	48	static
ble_hci_le.c:1420:12:hci_le_read_peer_resolvable_address	312	static
ble_hci_le.c:1451:12:hci_le_read_local_resolvable_address	312	static
ble_hci_le.c:1482:12:hci_le_set_address_resolution_enable	304	static
ble_hci_le.c:1507:12:hci_le_set_resolvable_private_address_timeout	304	static
ble_hci_le.c:1532:12:hci_le_read_maximum_data_length	64	static
ble_hci_le.c:1558:12:hci_le_read_phy	312	static
ble_hci_le.c:1588:12:hci_le_set_default_phy	304	static
ble_hci_le.c:1619:12:hci_le_set_phy	304	static
ble_hci_le.c:1657:12:hci_le_enhanced_receiver_test	304	static
ble_hci_le.c:1688:12:hci_le_enhanced_transmitter_test	304	static
