ble_gap_aci.c:23:12:aci_gap_set_non_discoverable	40	static
ble_gap_aci.c:41:12:aci_gap_set_limited_discoverable	336	static
ble_gap_aci.c:108:12:aci_gap_set_discoverable	336	static
ble_gap_aci.c:174:12:aci_gap_set_direct_connectable	304	static
ble_gap_aci.c:214:12:aci_gap_set_io_capability	304	static
ble_gap_aci.c:239:12:aci_gap_set_authentication_requirement	304	static
ble_gap_aci.c:288:12:aci_gap_set_authorization_requirement	304	static
ble_gap_aci.c:316:12:aci_gap_pass_key_resp	304	static
ble_gap_aci.c:344:12:aci_gap_authorization_resp	304	static
ble_gap_aci.c:372:12:aci_gap_init	312	static
ble_gap_aci.c:410:12:aci_gap_set_non_connectable	304	static
ble_gap_aci.c:438:12:aci_gap_set_undirected_connectable	304	static
ble_gap_aci.c:472:12:aci_gap_slave_security_req	304	static
ble_gap_aci.c:498:12:aci_gap_update_adv_data	312	static
ble_gap_aci.c:526:12:aci_gap_delete_ad_type	304	static
ble_gap_aci.c:551:12:aci_gap_get_security_level	312	static
ble_gap_aci.c:581:12:aci_gap_set_event_mask	304	static
ble_gap_aci.c:606:12:aci_gap_configure_whitelist	40	static
ble_gap_aci.c:624:12:aci_gap_terminate	304	static
ble_gap_aci.c:653:12:aci_gap_clear_security_db	40	static
ble_gap_aci.c:671:12:aci_gap_allow_rebond	304	static
ble_gap_aci.c:696:12:aci_gap_start_limited_discovery_proc	304	static
ble_gap_aci.c:731:12:aci_gap_start_general_discovery_proc	304	static
ble_gap_aci.c:766:12:aci_gap_start_name_discovery_proc	304	static
ble_gap_aci.c:822:12:aci_gap_start_auto_connection_establish_proc	312	static
ble_gap_aci.c:878:12:aci_gap_start_general_connection_establish_proc	304	static
ble_gap_aci.c:919:12:aci_gap_start_selective_connection_establish_proc	312	static
ble_gap_aci.c:966:12:aci_gap_create_connection	304	static
ble_gap_aci.c:1022:12:aci_gap_terminate_gap_proc	304	static
ble_gap_aci.c:1047:12:aci_gap_start_connection_update	304	static
ble_gap_aci.c:1091:12:aci_gap_send_pairing_req	304	static
ble_gap_aci.c:1120:12:aci_gap_resolve_private_addr	304	static
ble_gap_aci.c:1148:12:aci_gap_set_broadcast_mode	320	static
ble_gap_aci.c:1200:12:aci_gap_start_observation_proc	304	static
ble_gap_aci.c:1241:12:aci_gap_get_bonded_devices	288	static
ble_gap_aci.c:1263:12:aci_gap_is_device_bonded	304	static
ble_gap_aci.c:1291:12:aci_gap_numeric_comparison_value_confirm_yesno	304	static
ble_gap_aci.c:1319:12:aci_gap_passkey_input	304	static
ble_gap_aci.c:1347:12:aci_gap_get_oob_data	344	static
ble_gap_aci.c:1381:12:aci_gap_set_oob_data	312	static
ble_gap_aci.c:1421:12:aci_gap_add_devices_to_resolving_list	312	static
ble_gap_aci.c:1458:12:aci_gap_remove_bonded_device	304	static
