shci.c:41:9:SHCI_C2_FUS_GetState	24	static
shci.c:64:18:SHCI_C2_FUS_FwUpgrade	24	static
shci.c:100:18:SHCI_C2_FUS_FwDelete	24	static
shci.c:118:18:SHCI_C2_FUS_UpdateAuthKey	24	static
shci.c:136:18:SHCI_C2_FUS_LockAuthKey	24	static
shci.c:154:18:SHCI_C2_FUS_StoreUsrKey	24	static
shci.c:188:18:SHCI_C2_FUS_LoadUsrKey	24	static
shci.c:208:18:SHCI_C2_FUS_StartWs	24	static
shci.c:227:18:SHCI_C2_FUS_LockUsrKey	24	static
shci.c:247:18:SHCI_C2_BLE_Init	24	static
shci.c:265:18:SHCI_C2_THREAD_Init	24	static
shci.c:283:18:SHCI_C2_LLDTESTS_Init	24	static
shci.c:301:18:SHCI_C2_LLD_BLE_Init	0	static
shci.c:319:18:SHCI_C2_ZIGBEE_Init	24	static
shci.c:337:18:SHCI_C2_DEBUG_Init	24	static
shci.c:355:18:SHCI_C2_FLASH_EraseActivity	24	static
shci.c:375:18:SHCI_C2_CONCURRENT_SetMode	24	static
shci.c:395:18:SHCI_C2_FLASH_StoreData	24	static
shci.c:415:18:SHCI_C2_FLASH_EraseData	24	static
shci.c:435:18:SHCI_C2_RADIO_AllowLowPower	24	static
shci.c:456:18:SHCI_C2_MAC_802_15_4_Init	24	static
shci.c:474:18:SHCI_C2_Reinit	24	static
shci.c:492:18:SHCI_C2_ExtpaConfig	24	static
shci.c:516:18:SHCI_C2_SetFlashActivityControl	24	static
shci.c:542:18:SHCI_GetWirelessFwInfo	0	static
