stm_list.c:31:6:LST_init_head	0	static
stm_list.c:37:9:LST_is_empty	0	static,ignoring_inline_asm
stm_list.c:57:6:LST_insert_head	0	static,ignoring_inline_asm
stm_list.c:73:6:LST_insert_tail	0	static,ignoring_inline_asm
stm_list.c:89:6:LST_remove_node	0	static,ignoring_inline_asm
stm_list.c:103:6:LST_remove_head	8	static,ignoring_inline_asm
stm_list.c:117:6:LST_remove_tail	8	static,ignoring_inline_asm
stm_list.c:131:6:LST_insert_node_after	0	static,ignoring_inline_asm
stm_list.c:147:6:LST_insert_node_before	0	static,ignoring_inline_asm
stm_list.c:163:5:LST_get_size	0	static,ignoring_inline_asm
stm_list.c:184:6:LST_get_next_node	0	static,ignoring_inline_asm
stm_list.c:197:6:LST_get_prev_node	0	static,ignoring_inline_asm
