svc_ctl.c:63:13:BLS_Init	0	static
svc_ctl.c:67:13:CRS_STM_Init	0	static
svc_ctl.c:71:13:DIS_Init	0	static
svc_ctl.c:75:13:EDS_STM_Init	0	static
svc_ctl.c:79:13:HIDS_Init	0	static
svc_ctl.c:83:13:HRS_Init	0	static
svc_ctl.c:87:13:HTS_Init	0	static
svc_ctl.c:91:13:IAS_Init	0	static
svc_ctl.c:95:13:LLS_Init	0	static
svc_ctl.c:99:13:TPS_Init	0	static
svc_ctl.c:103:13:MOTENV_STM_Init	0	static
svc_ctl.c:107:13:P2PS_STM_Init	0	static
svc_ctl.c:111:13:OTAS_STM_Init	0	static
svc_ctl.c:115:13:MESH_Init	0	static
svc_ctl.c:119:13:BVOPUS_STM_Init	0	static
svc_ctl.c:123:13:SVCCTL_InitCustomSvc	0	static
svc_ctl.c:147:13:SVCCTL_SvcInit	8	static
svc_ctl.c:130:6:SVCCTL_Init	8	static
svc_ctl.c:189:6:SVCCTL_RegisterSvcHandler	0	static
svc_ctl.c:206:6:SVCCTL_RegisterCltHandler	0	static
svc_ctl.c:218:28:SVCCTL_UserEvtRx	16	static
