hw_timerserver.c:105:17:ReadRtcSsrValue	0	static
hw_timerserver.c:250:13:UnlinkTimer	20	static
hw_timerserver.c:292:17:ReturnTimeElapsed	8	static
hw_timerserver.c:393:13:RescheduleTimerList	24	static
hw_timerserver.c:587:6:HW_TS_Init	16	static,ignoring_inline_asm
hw_timerserver.c:673:22:HW_TS_Create	32	static,ignoring_inline_asm
hw_timerserver.c:727:6:HW_TS_Stop	24	static,ignoring_inline_asm
hw_timerserver.c:718:6:HW_TS_Delete	8	static
hw_timerserver.c:799:6:HW_TS_Start	32	static,ignoring_inline_asm
hw_timerserver.c:853:10:HW_TS_RTC_ReadLeftTicksToCount	16	static,ignoring_inline_asm
hw_timerserver.c:886:13:HW_TS_RTC_Int_AppNot	0	static
hw_timerserver.c:485:6:HW_TS_RTC_Wakeup_Handler	40	static,ignoring_inline_asm
